Archive member included to satisfy reference by file (symbol)

examples/libexamples.a(LCD_2in_test.c.obj)
                              CMakeFiles/main.dir/main.c.obj (LCD_2in_test)
lib/LCD/libLCD.a(LCD_2in.c.obj)
                              examples/libexamples.a(LCD_2in_test.c.obj) (LCD_2IN)
lib/Infrared/libInfrared.a(Infrared.c.obj)
                              examples/libexamples.a(LCD_2in_test.c.obj) (SET_Infrared_PIN)
lib/GUI/libGUI.a(GUI_Paint.c.obj)
                              examples/libexamples.a(LCD_2in_test.c.obj) (Paint_NewImage)
lib/Fonts/libFonts.a(font20.c.obj)
                              examples/libexamples.a(LCD_2in_test.c.obj) (Font20)
lib/Fonts/libFonts.a(font8.c.obj)
                              examples/libexamples.a(LCD_2in_test.c.obj) (Font8)
lib/Config/libConfig.a(DEV_Config.c.obj)
                              lib/LCD/libLCD.a(LCD_2in.c.obj) (DEV_Digital_Write)
/usr/lib/gcc/arm-none-eabi/9.2.1/thumb/v6-m/nofp/libgcc.a(_dvmd_tls.o)
                              CMakeFiles/main.dir/home/iwo/pico/pico-sdk/src/rp2_common/pico_divider/divider.S.obj (__aeabi_idiv0)
/usr/lib/gcc/arm-none-eabi/9.2.1/../../../arm-none-eabi/lib/thumb/v6-m/nofp/libg.a(lib_a-atexit.o)
                              /usr/lib/gcc/arm-none-eabi/9.2.1/../../../arm-none-eabi/lib/thumb/v6-m/nofp/crt0.o (atexit)
/usr/lib/gcc/arm-none-eabi/9.2.1/../../../arm-none-eabi/lib/thumb/v6-m/nofp/libg.a(lib_a-calloc.o)
                              CMakeFiles/main.dir/home/iwo/pico/pico-sdk/src/rp2_common/pico_malloc/pico_malloc.c.obj (calloc)
/usr/lib/gcc/arm-none-eabi/9.2.1/../../../arm-none-eabi/lib/thumb/v6-m/nofp/libg.a(lib_a-callocr.o)
                              /usr/lib/gcc/arm-none-eabi/9.2.1/../../../arm-none-eabi/lib/thumb/v6-m/nofp/libg.a(lib_a-calloc.o) (_calloc_r)
/usr/lib/gcc/arm-none-eabi/9.2.1/../../../arm-none-eabi/lib/thumb/v6-m/nofp/libg.a(lib_a-ctype_.o)
                              CMakeFiles/main.dir/home/iwo/pico/pico-sdk/lib/tinyusb/src/tusb.c.obj (_ctype_)
/usr/lib/gcc/arm-none-eabi/9.2.1/../../../arm-none-eabi/lib/thumb/v6-m/nofp/libg.a(lib_a-fini.o)
                              /usr/lib/gcc/arm-none-eabi/9.2.1/../../../arm-none-eabi/lib/thumb/v6-m/nofp/crt0.o (__libc_fini_array)
/usr/lib/gcc/arm-none-eabi/9.2.1/../../../arm-none-eabi/lib/thumb/v6-m/nofp/libg.a(lib_a-impure.o)
                              /usr/lib/gcc/arm-none-eabi/9.2.1/../../../arm-none-eabi/lib/thumb/v6-m/nofp/libg.a(lib_a-calloc.o) (_impure_ptr)
/usr/lib/gcc/arm-none-eabi/9.2.1/../../../arm-none-eabi/lib/thumb/v6-m/nofp/libg.a(lib_a-init.o)
                              /usr/lib/gcc/arm-none-eabi/9.2.1/../../../arm-none-eabi/lib/thumb/v6-m/nofp/crt0.o (__libc_init_array)
/usr/lib/gcc/arm-none-eabi/9.2.1/../../../arm-none-eabi/lib/thumb/v6-m/nofp/libg.a(lib_a-itoa.o)
                              examples/libexamples.a(LCD_2in_test.c.obj) (itoa)
/usr/lib/gcc/arm-none-eabi/9.2.1/../../../arm-none-eabi/lib/thumb/v6-m/nofp/libg.a(lib_a-malloc.o)
                              CMakeFiles/main.dir/home/iwo/pico/pico-sdk/src/rp2_common/pico_malloc/pico_malloc.c.obj (malloc)
/usr/lib/gcc/arm-none-eabi/9.2.1/../../../arm-none-eabi/lib/thumb/v6-m/nofp/libg.a(lib_a-mallocr.o)
                              /usr/lib/gcc/arm-none-eabi/9.2.1/../../../arm-none-eabi/lib/thumb/v6-m/nofp/libg.a(lib_a-callocr.o) (_malloc_r)
/usr/lib/gcc/arm-none-eabi/9.2.1/../../../arm-none-eabi/lib/thumb/v6-m/nofp/libg.a(lib_a-mlock.o)
                              /usr/lib/gcc/arm-none-eabi/9.2.1/../../../arm-none-eabi/lib/thumb/v6-m/nofp/libg.a(lib_a-mallocr.o) (__malloc_lock)
/usr/lib/gcc/arm-none-eabi/9.2.1/../../../arm-none-eabi/lib/thumb/v6-m/nofp/libg.a(lib_a-sbrkr.o)
                              /usr/lib/gcc/arm-none-eabi/9.2.1/../../../arm-none-eabi/lib/thumb/v6-m/nofp/libg.a(lib_a-mallocr.o) (_sbrk_r)
/usr/lib/gcc/arm-none-eabi/9.2.1/../../../arm-none-eabi/lib/thumb/v6-m/nofp/libg.a(lib_a-strlen-stub.o)
                              CMakeFiles/main.dir/home/iwo/pico/pico-sdk/src/rp2_common/pico_stdio/stdio.c.obj (strlen)
/usr/lib/gcc/arm-none-eabi/9.2.1/../../../arm-none-eabi/lib/thumb/v6-m/nofp/libg.a(lib_a-utoa.o)
                              /usr/lib/gcc/arm-none-eabi/9.2.1/../../../arm-none-eabi/lib/thumb/v6-m/nofp/libg.a(lib_a-itoa.o) (__utoa)
/usr/lib/gcc/arm-none-eabi/9.2.1/../../../arm-none-eabi/lib/thumb/v6-m/nofp/libg.a(lib_a-__atexit.o)
                              /usr/lib/gcc/arm-none-eabi/9.2.1/../../../arm-none-eabi/lib/thumb/v6-m/nofp/libg.a(lib_a-atexit.o) (__register_exitproc)
/usr/lib/gcc/arm-none-eabi/9.2.1/../../../arm-none-eabi/lib/thumb/v6-m/nofp/libg.a(lib_a-freer.o)
                              /usr/lib/gcc/arm-none-eabi/9.2.1/../../../arm-none-eabi/lib/thumb/v6-m/nofp/libg.a(lib_a-malloc.o) (_free_r)
/usr/lib/gcc/arm-none-eabi/9.2.1/../../../arm-none-eabi/lib/thumb/v6-m/nofp/libg.a(lib_a-reent.o)
[...]
Memory Configuration

Name             Origin             Length             Attributes
FLASH            0x0000000010000000 0x0000000000200000 xr
RAM              0x0000000020000000 0x0000000000040000 xrw
SCRATCH_X        0x0000000020040000 0x0000000000001000 xrw
SCRATCH_Y        0x0000000020041000 0x0000000000001000 xrw
*default*        0x0000000000000000 0xffffffffffffffff

Linker script and memory map

LOAD /usr/lib/gcc/arm-none-eabi/9.2.1/thumb/v6-m/nofp/crti.o
LOAD /usr/lib/gcc/arm-none-eabi/9.2.1/thumb/v6-m/nofp/crtbegin.o
LOAD /usr/lib/gcc/arm-none-eabi/9.2.1/../../../arm-none-eabi/lib/thumb/v6-m/nofp/crt0.o

.flash_begin    0x0000000010000000        0x0
                0x0000000010000000                __flash_binary_start = .

.boot2          0x0000000010000000      0x100
                0x0000000010000000                __boot2_start__ = .
 *(.boot2)
 .boot2         0x0000000010000000      0x100 /tmp/ccN530LL.o
                0x0000000010000100                __boot2_end__ = .
                0x0000000000000001                ASSERT (((__boot2_end__ - __boot2_start__) == 0x100), ERROR: Pico second stage bootloader must be 256 bytes in size)

.text           0x0000000010000100     0x98f0
                0x0000000010000100                __logical_binary_start = .
 *(.vectors)
 .vectors       0x0000000010000100       0xd4 CMakeFiles/main.dir/home/iwo/pico/pico-sdk/src/rp2_common/pico_standard_link/crt0.S.obj
                0x0000000010000100                __vectors
                0x0000000010000100                __VECTOR_TABLE
                0x00000000100001c0                isr_invalid
                0x00000000100001c0                __default_isrs_start
                0x00000000100001c2                isr_nmi
                0x00000000100001c4                isr_hardfault
                0x00000000100001c6                isr_svcall
                0x00000000100001c8                isr_pendsv
                0x00000000100001ca                isr_systick
                0x00000000100001cc                isr_irq30
                0x00000000100001cc                __unhandled_user_irq
                0x00000000100001cc                isr_irq13
                0x00000000100001cc                isr_irq27
                0x00000000100001cc                isr_irq31
                0x00000000100001cc                isr_irq5
                0x00000000100001cc                isr_irq11
                0x00000000100001cc                isr_irq23
                0x00000000100001cc                isr_irq18
                0x00000000100001cc                isr_irq28
                0x00000000100001cc                isr_irq19
                0x00000000100001cc                isr_irq0
                0x00000000100001cc                isr_irq6
                0x00000000100001cc                isr_irq22
                0x00000000100001cc                isr_irq17
                0x00000000100001cc                isr_irq14
                0x00000000100001cc                isr_irq2
                0x00000000100001cc                isr_irq10
                0x00000000100001cc                isr_irq8
                0x00000000100001cc                isr_irq24
                0x00000000100001cc                isr_irq1
                0x00000000100001cc                isr_irq7
                0x00000000100001cc                isr_irq21
                0x00000000100001cc                isr_irq20
                0x00000000100001cc                isr_irq15
                0x00000000100001cc                isr_irq25
                0x00000000100001cc                isr_irq4
                0x00000000100001cc                isr_irq16
                0x00000000100001cc                isr_irq29
                0x00000000100001cc                isr_irq26
                0x00000000100001cc                __default_isrs_end
                0x00000000100001cc                isr_irq3
                0x00000000100001cc                isr_irq12
                0x00000000100001cc                isr_irq9
                0x00000000100001d2                unhandled_user_irq_num_in_r0
 *(.binary_info_header)
 .binary_info_header
                0x00000000100001d4       0x14 CMakeFiles/main.dir/home/iwo/pico/pico-sdk/src/rp2_common/pico_standard_link/crt0.S.obj
                0x00000000100001e8                __binary_info_header_end = .
 *(.reset)
 .reset         0x00000000100001e8       0xa8 CMakeFiles/main.dir/home/iwo/pico/pico-sdk/src/rp2_common/pico_standard_link/crt0.S.obj
                0x00000000100001e8                _entry_point
                0x0000000010000266                __get_current_exception
 .reset         0x0000000010000290       0x30 CMakeFiles/main.dir/home/iwo/pico/pico-sdk/src/rp2_common/pico_standard_link/binary_info.c.obj
 *(.init)
 .init          0x00000000100002c0        0x4 /usr/lib/gcc/arm-none-eabi/9.2.1/thumb/v6-m/nofp/crti.o
                0x00000000100002c0                _init
 *(EXCLUDE_FILE(*libm.a: *libc.a:*lib_a-mem*.o *libgcc.a:) .text*)
 .text          0x00000000100002c4       0x98 /usr/lib/gcc/arm-none-eabi/9.2.1/thumb/v6-m/nofp/crtbegin.o
 .text.main     0x000000001000035c       0x24 CMakeFiles/main.dir/main.c.obj
                0x000000001000035c                main
 .text.gpio_set_function
                0x0000000010000380       0x30 CMakeFiles/main.dir/home/iwo/pico/pico-sdk/src/rp2_common/hardware_gpio/gpio.c.obj
                0x0000000010000380                gpio_set_function
 .text.gpio_set_pulls
                0x00000000100003b0       0x34 CMakeFiles/main.dir/home/iwo/pico/pico-sdk/src/rp2_common/hardware_gpio/gpio.c.obj
                0x00000000100003b0                gpio_set_pulls
 .text.gpio_init
                0x00000000100003e4       0x16 CMakeFiles/main.dir/home/iwo/pico/pico-sdk/src/rp2_common/hardware_gpio/gpio.c.obj
                0x00000000100003e4                gpio_init
 *fill*         0x00000000100003fa        0x2 
 .text.hw_claim_lock
                0x00000000100003fc       0x18 CMakeFiles/main.dir/home/iwo/pico/pico-sdk/src/rp2_common/hardware_claim/claim.c.obj
                0x00000000100003fc                hw_claim_lock
 .text.hw_claim_unlock
                0x0000000010000414       0x14 CMakeFiles/main.dir/home/iwo/pico/pico-sdk/src/rp2_common/hardware_claim/claim.c.obj
                0x0000000010000414                hw_claim_unlock
 .text.hw_claim_or_assert
                0x0000000010000428       0x32 CMakeFiles/main.dir/home/iwo/pico/pico-sdk/src/rp2_common/hardware_claim/claim.c.obj
                0x0000000010000428                hw_claim_or_assert
 .text.hw_claim_unused_from_range
                0x000000001000045a       0x50 CMakeFiles/main.dir/home/iwo/pico/pico-sdk/src/rp2_common/hardware_claim/claim.c.obj
                0x000000001000045a                hw_claim_unused_from_range
 *fill*         0x00000000100004aa        0x2 
 .text.running_on_fpga
                0x00000000100004ac       0x14 CMakeFiles/main.dir/home/iwo/pico/pico-sdk/src/rp2_common/pico_platform/platform.c.obj
                0x00000000100004ac                running_on_fpga
 .text.spin_locks_reset
                0x00000000100004c0       0x20 CMakeFiles/main.dir/home/iwo/pico/pico-sdk/src/rp2_common/hardware_sync/sync.c.obj
                0x00000000100004c0                spin_locks_reset
 .text.next_striped_spin_lock_num
                0x00000000100004e0       0x1c CMakeFiles/main.dir/home/iwo/pico/pico-sdk/src/rp2_common/hardware_sync/sync.c.obj
                0x00000000100004e0                next_striped_spin_lock_num
 .text.spin_lock_claim_unused
                0x00000000100004fc       0x20 CMakeFiles/main.dir/home/iwo/pico/pico-sdk/src/rp2_common/hardware_sync/sync.c.obj
                0x00000000100004fc                spin_lock_claim_unused
 .text.alarm_pool_post_alloc_init
                0x000000001000051c       0x40 CMakeFiles/main.dir/home/iwo/pico/pico-sdk/src/common/pico_time/time.c.obj
 .text.sleep_until_callback
                0x000000001000055c       0x30 CMakeFiles/main.dir/home/iwo/pico/pico-sdk/src/common/pico_time/time.c.obj
 .text.timer_pool_entry_comparator
                0x000000001000058c       0x7c CMakeFiles/main.dir/home/iwo/pico/pico-sdk/src/common/pico_time/time.c.obj
                0x000000001000058c                timer_pool_entry_comparator
 .text.ph_add_child_node
                0x0000000010000608       0xa4 CMakeFiles/main.dir/home/iwo/pico/pico-sdk/src/common/pico_time/time.c.obj
 .text.ph_merge_nodes
                0x00000000100006ac       0x3e CMakeFiles/main.dir/home/iwo/pico/pico-sdk/src/common/pico_time/time.c.obj
 *fill*         0x00000000100006ea        0x2 
 .text.add_alarm_under_lock
                0x00000000100006ec      0x174 CMakeFiles/main.dir/home/iwo/pico/pico-sdk/src/common/pico_time/time.c.obj
 .text.alarm_pool_alarm_callback
                0x0000000010000860      0x32c CMakeFiles/main.dir/home/iwo/pico/pico-sdk/src/common/pico_time/time.c.obj
 .text.alarm_pool_init_default
                0x0000000010000b8c       0x38 CMakeFiles/main.dir/home/iwo/pico/pico-sdk/src/common/pico_time/time.c.obj
                0x0000000010000b8c                alarm_pool_init_default
 .text.alarm_pool_get_default
                0x0000000010000bc4       0x2c CMakeFiles/main.dir/home/iwo/pico/pico-sdk/src/common/pico_time/time.c.obj
                0x0000000010000bc4                alarm_pool_get_default
 .text.alarm_pool_add_alarm_at
                0x0000000010000bf0      0x170 CMakeFiles/main.dir/home/iwo/pico/pico-sdk/src/common/pico_time/time.c.obj
                0x0000000010000bf0                alarm_pool_add_alarm_at
 .text.alarm_pool_cancel_alarm
                0x0000000010000d60       0xf0 CMakeFiles/main.dir/home/iwo/pico/pico-sdk/src/common/pico_time/time.c.obj
                0x0000000010000d60                alarm_pool_cancel_alarm
 .text.sleep_until
                0x0000000010000e50       0xfc CMakeFiles/main.dir/home/iwo/pico/pico-sdk/src/common/pico_time/time.c.obj
                0x0000000010000e50                sleep_until
 .text.sleep_us
                0x0000000010000f4c       0x58 CMakeFiles/main.dir/home/iwo/pico/pico-sdk/src/common/pico_time/time.c.obj
                0x0000000010000f4c                sleep_us
 .text.sleep_ms
                0x0000000010000fa4       0x14 CMakeFiles/main.dir/home/iwo/pico/pico-sdk/src/common/pico_time/time.c.obj
                0x0000000010000fa4                sleep_ms
 .text.best_effort_wfe_or_timeout
                0x0000000010000fb8       0x80 CMakeFiles/main.dir/home/iwo/pico/pico-sdk/src/common/pico_time/time.c.obj
                0x0000000010000fb8                best_effort_wfe_or_timeout
 .text.hardware_alarm_irq_handler
                0x0000000010001038       0x8c CMakeFiles/main.dir/home/iwo/pico/pico-sdk/src/rp2_common/hardware_timer/timer.c.obj
 .text.hardware_alarm_claim
                0x00000000100010c4       0x18 CMakeFiles/main.dir/home/iwo/pico/pico-sdk/src/rp2_common/hardware_timer/timer.c.obj
                0x00000000100010c4                hardware_alarm_claim
 .text.time_us_64
                0x00000000100010dc       0x18 CMakeFiles/main.dir/home/iwo/pico/pico-sdk/src/rp2_common/hardware_timer/timer.c.obj
                0x00000000100010dc                time_us_64
 .text.busy_wait_until
                0x00000000100010f4       0x24 CMakeFiles/main.dir/home/iwo/pico/pico-sdk/src/rp2_common/hardware_timer/timer.c.obj
                0x00000000100010f4                busy_wait_until
 .text.hardware_alarm_set_callback
                0x0000000010001118       0x90 CMakeFiles/main.dir/home/iwo/pico/pico-sdk/src/rp2_common/hardware_timer/timer.c.obj
                0x0000000010001118                hardware_alarm_set_callback
 .text.hardware_alarm_set_target
                0x00000000100011a8       0xe8 CMakeFiles/main.dir/home/iwo/pico/pico-sdk/src/rp2_common/hardware_timer/timer.c.obj
                0x00000000100011a8                hardware_alarm_set_target
 .text.hardware_alarm_cancel
                0x0000000010001290       0x40 CMakeFiles/main.dir/home/iwo/pico/pico-sdk/src/rp2_common/hardware_timer/timer.c.obj
                0x0000000010001290                hardware_alarm_cancel
 .text.lock_init
                0x00000000100012d0       0x10 CMakeFiles/main.dir/home/iwo/pico/pico-sdk/src/common/pico_sync/lock_core.c.obj
                0x00000000100012d0                lock_init
 .text.mutex_init
                0x00000000100012e0       0x1a CMakeFiles/main.dir/home/iwo/pico/pico-sdk/src/common/pico_sync/mutex.c.obj
                0x00000000100012e0                mutex_init
 .text.recursive_mutex_init
                0x00000000100012fa       0x1e CMakeFiles/main.dir/home/iwo/pico/pico-sdk/src/common/pico_sync/mutex.c.obj
                0x00000000100012fa                recursive_mutex_init
 .text.critical_section_init_with_lock_num
                0x0000000010001318       0x14 CMakeFiles/main.dir/home/iwo/pico/pico-sdk/src/common/pico_sync/critical_section.c.obj
                0x0000000010001318                critical_section_init_with_lock_num
 .text.critical_section_init
                0x000000001000132c       0x14 CMakeFiles/main.dir/home/iwo/pico/pico-sdk/src/common/pico_sync/critical_section.c.obj
                0x000000001000132c                critical_section_init
 .text.ph_add_child_node
                0x0000000010001340       0xa4 CMakeFiles/main.dir/home/iwo/pico/pico-sdk/src/common/pico_util/pheap.c.obj
 .text.ph_merge_nodes
                0x00000000100013e4       0x3e CMakeFiles/main.dir/home/iwo/pico/pico-sdk/src/common/pico_util/pheap.c.obj
 *fill*         0x0000000010001422        0x2 
 .text.ph_clear
                0x0000000010001424       0x70 CMakeFiles/main.dir/home/iwo/pico/pico-sdk/src/common/pico_util/pheap.c.obj
                0x0000000010001424                ph_clear
 .text.ph_post_alloc_init
                0x0000000010001494        0xe CMakeFiles/main.dir/home/iwo/pico/pico-sdk/src/common/pico_util/pheap.c.obj
                0x0000000010001494                ph_post_alloc_init
 *fill*         0x00000000100014a2        0x2 
 .text.ph_merge_two_pass
                0x00000000100014a4       0xa8 CMakeFiles/main.dir/home/iwo/pico/pico-sdk/src/common/pico_util/pheap.c.obj
                0x00000000100014a4                ph_merge_two_pass
 .text.ph_remove_any_head
                0x000000001000154c      0x108 CMakeFiles/main.dir/home/iwo/pico/pico-sdk/src/common/pico_util/pheap.c.obj
 .text.ph_remove_head
                0x0000000010001654       0x14 CMakeFiles/main.dir/home/iwo/pico/pico-sdk/src/common/pico_util/pheap.c.obj
                0x0000000010001654                ph_remove_head
 .text.ph_remove_and_free_node
                0x0000000010001668       0xf8 CMakeFiles/main.dir/home/iwo/pico/pico-sdk/src/common/pico_util/pheap.c.obj
                0x0000000010001668                ph_remove_and_free_node
 .text._exit    0x0000000010001760        0x4 CMakeFiles/main.dir/home/iwo/pico/pico-sdk/src/rp2_common/pico_runtime/runtime.c.obj
                0x0000000010001760                _exit
 .text._sbrk    0x0000000010001764       0x38 CMakeFiles/main.dir/home/iwo/pico/pico-sdk/src/rp2_common/pico_runtime/runtime.c.obj
                0x0000000010001764                _sbrk
 .text.exit     0x000000001000179c        0x6 CMakeFiles/main.dir/home/iwo/pico/pico-sdk/src/rp2_common/pico_runtime/runtime.c.obj
                0x000000001000179c                exit
 *fill*         0x00000000100017a2        0x2 
 .text.__assert_func
                0x00000000100017a4       0x3c CMakeFiles/main.dir/home/iwo/pico/pico-sdk/src/rp2_common/pico_runtime/runtime.c.obj
                0x00000000100017a4                __assert_func
 .text.runtime_init
                0x00000000100017e0       0xf8 CMakeFiles/main.dir/home/iwo/pico/pico-sdk/src/rp2_common/pico_runtime/runtime.c.obj
                0x00000000100017e0                runtime_init
 .text.panic    0x00000000100018d8       0x30 CMakeFiles/main.dir/home/iwo/pico/pico-sdk/src/rp2_common/pico_runtime/runtime.c.obj
                0x00000000100018d8                panic
 .text.clock_configure
                0x0000000010001908      0x104 CMakeFiles/main.dir/home/iwo/pico/pico-sdk/src/rp2_common/hardware_clocks/clocks.c.obj
                0x0000000010001908                clock_configure
 .text.clocks_init
                0x0000000010001a0c      0x100 CMakeFiles/main.dir/home/iwo/pico/pico-sdk/src/rp2_common/hardware_clocks/clocks.c.obj
                0x0000000010001a0c                clocks_init
 .text.clock_get_hz
                0x0000000010001b0c        0xc CMakeFiles/main.dir/home/iwo/pico/pico-sdk/src/rp2_common/hardware_clocks/clocks.c.obj
                0x0000000010001b0c                clock_get_hz
 .text.set_raw_irq_handler_and_unlock
                0x0000000010001b18       0x28 CMakeFiles/main.dir/home/iwo/pico/pico-sdk/src/rp2_common/hardware_irq/irq.c.obj
 .text.make_branch
                0x0000000010001b40       0x34 CMakeFiles/main.dir/home/iwo/pico/pico-sdk/src/rp2_common/hardware_irq/irq.c.obj
 .text.insert_branch_and_link
                0x0000000010001b74       0x40 CMakeFiles/main.dir/home/iwo/pico/pico-sdk/src/rp2_common/hardware_irq/irq.c.obj
 .text.irq_is_enabled
                0x0000000010001bb4       0x18 CMakeFiles/main.dir/home/iwo/pico/pico-sdk/src/rp2_common/hardware_irq/irq.c.obj
                0x0000000010001bb4                irq_is_enabled
 .text.irq_set_mask_enabled
                0x0000000010001bcc       0x20 CMakeFiles/main.dir/home/iwo/pico/pico-sdk/src/rp2_common/hardware_irq/irq.c.obj
                0x0000000010001bcc                irq_set_mask_enabled
 .text.irq_set_enabled
                0x0000000010001bec        0xe CMakeFiles/main.dir/home/iwo/pico/pico-sdk/src/rp2_common/hardware_irq/irq.c.obj
                0x0000000010001bec                irq_set_enabled
 *fill*         0x0000000010001bfa        0x2 
 .text.irq_set_pending
                0x0000000010001bfc       0x10 CMakeFiles/main.dir/home/iwo/pico/pico-sdk/src/rp2_common/hardware_irq/irq.c.obj
                0x0000000010001bfc                irq_set_pending
 .text.irq_get_vtable_handler
                0x0000000010001c0c       0x10 CMakeFiles/main.dir/home/iwo/pico/pico-sdk/src/rp2_common/hardware_irq/irq.c.obj
                0x0000000010001c0c                irq_get_vtable_handler
 .text.irq_set_exclusive_handler
                0x0000000010001c1c       0x54 CMakeFiles/main.dir/home/iwo/pico/pico-sdk/src/rp2_common/hardware_irq/irq.c.obj
                0x0000000010001c1c                irq_set_exclusive_handler
 .text.irq_remove_handler
                0x0000000010001c70      0x1ac CMakeFiles/main.dir/home/iwo/pico/pico-sdk/src/rp2_common/hardware_irq/irq.c.obj
                0x0000000010001c70                irq_remove_handler
 .text.irq_add_tail_to_free_list
                0x0000000010001e1c       0xf0 CMakeFiles/main.dir/home/iwo/pico/pico-sdk/src/rp2_common/hardware_irq/irq.c.obj
                0x0000000010001e1c                irq_add_tail_to_free_list
 .text.irq_init_priorities
                0x0000000010001f0c       0x1c CMakeFiles/main.dir/home/iwo/pico/pico-sdk/src/rp2_common/hardware_irq/irq.c.obj
                0x0000000010001f0c                irq_init_priorities
 .text.pll_init
                0x0000000010001f28      0x118 CMakeFiles/main.dir/home/iwo/pico/pico-sdk/src/rp2_common/hardware_pll/pll.c.obj
                0x0000000010001f28                pll_init
 .text.watchdog_start_tick
                0x0000000010002040       0x10 CMakeFiles/main.dir/home/iwo/pico/pico-sdk/src/rp2_common/hardware_watchdog/watchdog.c.obj
                0x0000000010002040                watchdog_start_tick
 .text.watchdog_update
                0x0000000010002050       0x14 CMakeFiles/main.dir/home/iwo/pico/pico-sdk/src/rp2_common/hardware_watchdog/watchdog.c.obj
                0x0000000010002050                watchdog_update
 .text._watchdog_enable
                0x0000000010002064       0x78 CMakeFiles/main.dir/home/iwo/pico/pico-sdk/src/rp2_common/hardware_watchdog/watchdog.c.obj
                0x0000000010002064                _watchdog_enable
 .text.watchdog_reboot
                0x00000000100020dc       0x48 CMakeFiles/main.dir/home/iwo/pico/pico-sdk/src/rp2_common/hardware_watchdog/watchdog.c.obj
                0x00000000100020dc                watchdog_reboot
 .text.xosc_init
                0x0000000010002124       0x28 CMakeFiles/main.dir/home/iwo/pico/pico-sdk/src/rp2_common/hardware_xosc/xosc.c.obj
                0x0000000010002124                xosc_init
 .text._out_null
                0x000000001000214c        0x2 CMakeFiles/main.dir/home/iwo/pico/pico-sdk/src/rp2_common/pico_printf/printf.c.obj
 .text._out_fct
                0x000000001000214e        0xe CMakeFiles/main.dir/home/iwo/pico/pico-sdk/src/rp2_common/pico_printf/printf.c.obj
 .text._atoi    0x000000001000215c       0x24 CMakeFiles/main.dir/home/iwo/pico/pico-sdk/src/rp2_common/pico_printf/printf.c.obj
 .text._out_rev
                0x0000000010002180       0xae CMakeFiles/main.dir/home/iwo/pico/pico-sdk/src/rp2_common/pico_printf/printf.c.obj
 .text._ntoa_format
                0x000000001000222e      0x110 CMakeFiles/main.dir/home/iwo/pico/pico-sdk/src/rp2_common/pico_printf/printf.c.obj
 .text._ntoa_long
                0x000000001000233e       0xbc CMakeFiles/main.dir/home/iwo/pico/pico-sdk/src/rp2_common/pico_printf/printf.c.obj
 .text._ntoa_long_long
                0x00000000100023fa       0xe2 CMakeFiles/main.dir/home/iwo/pico/pico-sdk/src/rp2_common/pico_printf/printf.c.obj
 .text._etoa    0x00000000100024dc      0x40c CMakeFiles/main.dir/home/iwo/pico/pico-sdk/src/rp2_common/pico_printf/printf.c.obj
 .text._ftoa    0x00000000100028e8      0x354 CMakeFiles/main.dir/home/iwo/pico/pico-sdk/src/rp2_common/pico_printf/printf.c.obj
 .text._vsnprintf
                0x0000000010002c3c      0x628 CMakeFiles/main.dir/home/iwo/pico/pico-sdk/src/rp2_common/pico_printf/printf.c.obj
 .text.vfctprintf
                0x0000000010003264       0x20 CMakeFiles/main.dir/home/iwo/pico/pico-sdk/src/rp2_common/pico_printf/printf.c.obj
                0x0000000010003264                vfctprintf
 .text          0x0000000010003284       0x10 CMakeFiles/main.dir/home/iwo/pico/pico-sdk/src/rp2_common/pico_bit_ops/bit_ops_aeabi.S.obj
 .text.rom_func_lookup
                0x0000000010003294       0x10 CMakeFiles/main.dir/home/iwo/pico/pico-sdk/src/rp2_common/pico_bootrom/bootrom.c.obj
                0x0000000010003294                rom_func_lookup
 .text.rom_data_lookup
                0x00000000100032a4       0x10 CMakeFiles/main.dir/home/iwo/pico/pico-sdk/src/rp2_common/pico_bootrom/bootrom.c.obj
                0x00000000100032a4                rom_data_lookup
 .text.rom_funcs_lookup
                0x00000000100032b4       0x36 CMakeFiles/main.dir/home/iwo/pico/pico-sdk/src/rp2_common/pico_bootrom/bootrom.c.obj
                0x00000000100032b4                rom_funcs_lookup
 *fill*         0x00000000100032ea        0x2 
 .text.__wrap___aeabi_idiv
                0x00000000100032ec       0x50 CMakeFiles/main.dir/home/iwo/pico/pico-sdk/src/rp2_common/pico_divider/divider.S.obj
                0x00000000100032ec                __wrap___aeabi_idivmod
                0x00000000100032ec                divmod_s32s32
                0x00000000100032ec                div_s32s32
                0x00000000100032ec                __wrap___aeabi_idiv
                0x00000000100032f4                divmod_s32s32_unsafe
                0x0000000010003320                divmod_s32s32_savestate
 .text.__wrap___aeabi_uidiv
                0x000000001000333c       0x4c CMakeFiles/main.dir/home/iwo/pico/pico-sdk/src/rp2_common/pico_divider/divider.S.obj
                0x000000001000333c                __wrap___aeabi_uidiv
                0x000000001000333c                __wrap___aeabi_uidivmod
                0x000000001000333c                div_u32u32
                0x000000001000333c                divmod_u32u32
                0x0000000010003344                divmod_u32u32_unsafe
                0x000000001000336c                divmod_u32u32_savestate
 .text.__wrap___aeabi_ldiv
                0x0000000010003388      0x434 CMakeFiles/main.dir/home/iwo/pico/pico-sdk/src/rp2_common/pico_divider/divider.S.obj
                0x0000000010003388                div_s64s64
                0x0000000010003388                divmod_s64s64
                0x0000000010003388                __wrap___aeabi_ldivmod
                0x00000000100033c0                div_u64u64
                0x00000000100033c0                divmod_u64u64
                0x00000000100033c0                __wrap___aeabi_uldivmod
                0x00000000100033d0                divmod_u64u64_savestate
                0x00000000100033f8                divmod_s64s64_unsafe
                0x0000000010003480                divmod_u64u64_unsafe
 .text.push_r8_r11
                0x00000000100037bc        0xc CMakeFiles/main.dir/home/iwo/pico/pico-sdk/src/rp2_common/pico_double/double_aeabi.S.obj
                0x00000000100037bc                push_r8_r11
 .text.pop_r8_r11
                0x00000000100037c8        0xc CMakeFiles/main.dir/home/iwo/pico/pico-sdk/src/rp2_common/pico_double/double_aeabi.S.obj
                0x00000000100037c8                pop_r8_r11
 .text.__wrap___aeabi_darithmetic
                0x00000000100037d4       0x80 CMakeFiles/main.dir/home/iwo/pico/pico-sdk/src/rp2_common/pico_double/double_aeabi.S.obj
                0x00000000100037d4                __wrap___aeabi_drsub
                0x00000000100037da                __wrap___aeabi_dsub
                0x00000000100037ec                __wrap___aeabi_dadd
                0x00000000100037fe                __wrap___aeabi_ddiv
                0x000000001000383a                __wrap___aeabi_dmul
 .text.__wrap___aeabi_cdcmple
                0x0000000010003854       0x6c CMakeFiles/main.dir/home/iwo/pico/pico-sdk/src/rp2_common/pico_double/double_aeabi.S.obj
                0x0000000010003854                __wrap___aeabi_cdrcmple
                0x0000000010003864                __wrap___aeabi_cdcmple
                0x0000000010003864                __wrap___aeabi_cdcmpeq
 .text.__wrap___aeabi_dcmplt
                0x00000000100038c0        0xc CMakeFiles/main.dir/home/iwo/pico/pico-sdk/src/rp2_common/pico_double/double_aeabi.S.obj
                0x00000000100038c0                __wrap___aeabi_dcmplt
 .text.__wrap___aeabi_dcmple
                0x00000000100038cc       0x10 CMakeFiles/main.dir/home/iwo/pico/pico-sdk/src/rp2_common/pico_double/double_aeabi.S.obj
                0x00000000100038cc                __wrap___aeabi_dcmple
 .text.__wrap___aeabi_dcmpge
                0x00000000100038dc       0x10 CMakeFiles/main.dir/home/iwo/pico/pico-sdk/src/rp2_common/pico_double/double_aeabi.S.obj
                0x00000000100038dc                __wrap___aeabi_dcmpge
 .text.__wrap___aeabi_dcmpgt
                0x00000000100038ec        0xa CMakeFiles/main.dir/home/iwo/pico/pico-sdk/src/rp2_common/pico_double/double_aeabi.S.obj
                0x00000000100038ec                __wrap___aeabi_dcmpgt
 .text.__wrap___aeabi_dcmpun
                0x00000000100038f6       0x1c CMakeFiles/main.dir/home/iwo/pico/pico-sdk/src/rp2_common/pico_double/double_aeabi.S.obj
                0x00000000100038f6                __wrap___aeabi_dcmpun
 *fill*         0x0000000010003912        0x2 
 .text.__wrap___aeabi_i2d
                0x0000000010003914       0x38 CMakeFiles/main.dir/home/iwo/pico/pico-sdk/src/rp2_common/pico_double/double_aeabi.S.obj
                0x0000000010003914                __wrap___aeabi_ui2d
                0x000000001000391c                __wrap___aeabi_i2d
 .text.__wrap___aeabi_d2iz
                0x000000001000394c       0x48 CMakeFiles/main.dir/home/iwo/pico/pico-sdk/src/rp2_common/pico_double/double_aeabi.S.obj
                0x000000001000394c                __wrap___aeabi_d2iz
                0x000000001000394c                double2int_z
 .text.__wrap___aeabi_d2uiz
                0x0000000010003994       0x18 CMakeFiles/main.dir/home/iwo/pico/pico-sdk/src/rp2_common/pico_double/double_aeabi.S.obj
                0x0000000010003994                double2uint
                0x0000000010003994                __wrap___aeabi_d2uiz
 .text.fix642double
                0x00000000100039ac       0x18 CMakeFiles/main.dir/home/iwo/pico/pico-sdk/src/rp2_common/pico_double/double_aeabi.S.obj
                0x00000000100039ac                fix642double
 .text.__wrap___aeabi_d2f
                0x00000000100039c4       0x18 CMakeFiles/main.dir/home/iwo/pico/pico-sdk/src/rp2_common/pico_double/double_aeabi.S.obj
                0x00000000100039c4                __wrap___aeabi_d2f
 .text.__wrap_sincostan_remainder
                0x00000000100039dc       0x14 CMakeFiles/main.dir/home/iwo/pico/pico-sdk/src/rp2_common/pico_double/double_aeabi.S.obj
                0x00000000100039dc                sincostan_remainder
 .text.__wrap_cos
                0x00000000100039f0       0x2c CMakeFiles/main.dir/home/iwo/pico/pico-sdk/src/rp2_common/pico_double/double_aeabi.S.obj
                0x00000000100039f0                __wrap_cos
 .text.__wrap_sin
                0x0000000010003a1c       0x2c CMakeFiles/main.dir/home/iwo/pico/pico-sdk/src/rp2_common/pico_double/double_aeabi.S.obj
                0x0000000010003a1c                __wrap_sin
 .text.__aeabi_double_init
                0x0000000010003a48       0xc8 CMakeFiles/main.dir/home/iwo/pico/pico-sdk/src/rp2_common/pico_double/double_init_rom.c.obj
                0x0000000010003a48                __aeabi_double_init
 .text.drem_0   0x0000000010003b10      0x130 CMakeFiles/main.dir/home/iwo/pico/pico-sdk/src/rp2_common/pico_double/double_math.c.obj
 .text.__wrap_remquo
                0x0000000010003c40      0x16c CMakeFiles/main.dir/home/iwo/pico/pico-sdk/src/rp2_common/pico_double/double_math.c.obj
                0x0000000010003c40                __wrap_remquo
 .text.__wrap_remainder
                0x0000000010003dac       0x10 CMakeFiles/main.dir/home/iwo/pico/pico-sdk/src/rp2_common/pico_double/double_math.c.obj
                0x0000000010003dac                __wrap_remainder
 .text.double_table_shim_on_use_helper
                0x0000000010003dbc       0x34 CMakeFiles/main.dir/home/iwo/pico/pico-sdk/src/rp2_common/pico_double/double_v1_rom_shim.S.obj
                0x0000000010003dbc                double_table_shim_on_use_helper
 .text.__wrap___aeabi_dsub
                0x0000000010003df0       0x10 CMakeFiles/main.dir/home/iwo/pico/pico-sdk/src/rp2_common/pico_double/double_v1_rom_shim.S.obj
                0x0000000010003df0                drsub_shim
                0x0000000010003df6                dsub_shim
 .text.dadd_shim
                0x0000000010003e00      0x15c CMakeFiles/main.dir/home/iwo/pico/pico-sdk/src/rp2_common/pico_double/double_v1_rom_shim.S.obj
                0x0000000010003e00                dadd_shim
 .text.dmul_shim
                0x0000000010003f5c      0x15c CMakeFiles/main.dir/home/iwo/pico/pico-sdk/src/rp2_common/pico_double/double_v1_rom_shim.S.obj
                0x0000000010003f5c                dmul_shim
 .text.ddiv_shim
                0x00000000100040b8      0x1b0 CMakeFiles/main.dir/home/iwo/pico/pico-sdk/src/rp2_common/pico_double/double_v1_rom_shim.S.obj
                0x00000000100040b8                ddiv_shim
 .text.dcordic_vec_step
                0x0000000010004268        0xe CMakeFiles/main.dir/home/iwo/pico/pico-sdk/src/rp2_common/pico_double/double_v1_rom_shim.S.obj
                0x0000000010004268                dcordic_vec_step
 .text.dcordic_rot_step
                0x0000000010004276       0x76 CMakeFiles/main.dir/home/iwo/pico/pico-sdk/src/rp2_common/pico_double/double_v1_rom_shim.S.obj
                0x0000000010004276                dcordic_rot_step
 .text.double2uint_shim
                0x00000000100042ec        0xe CMakeFiles/main.dir/home/iwo/pico/pico-sdk/src/rp2_common/pico_double/double_v1_rom_shim.S.obj
                0x00000000100042ec                double2uint_shim
                0x00000000100042ee                double2ufix_shim
 .text.double2int64_shim
                0x00000000100042fa       0x1a CMakeFiles/main.dir/home/iwo/pico/pico-sdk/src/rp2_common/pico_double/double_v1_rom_shim.S.obj
                0x00000000100042fa                double2int64_shim
                0x00000000100042fc                double2fix64_shim
 .text.double2uint64_shim
                0x0000000010004314       0x70 CMakeFiles/main.dir/home/iwo/pico/pico-sdk/src/rp2_common/pico_double/double_v1_rom_shim.S.obj
                0x0000000010004314                double2uint64_shim
                0x0000000010004316                double2ufix64_shim
                0x0000000010004336                d2fix_a
 .text.double2float_shim
                0x0000000010004384       0x5c CMakeFiles/main.dir/home/iwo/pico/pico-sdk/src/rp2_common/pico_double/double_v1_rom_shim.S.obj
                0x0000000010004384                double2float_shim
 .text.x2double_shims
                0x00000000100043e0       0x90 CMakeFiles/main.dir/home/iwo/pico/pico-sdk/src/rp2_common/pico_double/double_v1_rom_shim.S.obj
                0x00000000100043e0                uint2double_shim
                0x00000000100043e2                ufix2double_shim
                0x00000000100043e8                int2double_shim
                0x00000000100043ea                fix2double_shim
                0x00000000100043f0                uint642double_shim
                0x00000000100043f2                ufix642double_shim
                0x00000000100043f8                int642double_shim
                0x00000000100043fa                fix642double_shim
 .text.dunpacks
                0x0000000010004470       0x3c CMakeFiles/main.dir/home/iwo/pico/pico-sdk/src/rp2_common/pico_double/double_v1_rom_shim.S.obj
                0x0000000010004470                dunpacks
 .text.dreduce  0x00000000100044ac       0x82 CMakeFiles/main.dir/home/iwo/pico/pico-sdk/src/rp2_common/pico_double/double_v1_rom_shim.S.obj
                0x00000000100044ac                dreduce
 .text.dcos_shim
                0x000000001000452e       0x10 CMakeFiles/main.dir/home/iwo/pico/pico-sdk/src/rp2_common/pico_double/double_v1_rom_shim.S.obj
                0x000000001000452e                dcos_shim
 .text.dsin_shim
                0x000000001000453e       0x14 CMakeFiles/main.dir/home/iwo/pico/pico-sdk/src/rp2_common/pico_double/double_v1_rom_shim.S.obj
                0x000000001000453e                dsin_shim
 *fill*         0x0000000010004552        0x2 
 .text.dtrig_guts
                0x0000000010004554      0x2ec CMakeFiles/main.dir/home/iwo/pico/pico-sdk/src/rp2_common/pico_double/double_v1_rom_shim.S.obj
                0x000000001000462c                datan2_shim
 .text.__aeabi_lmul
                0x0000000010004840       0x32 CMakeFiles/main.dir/home/iwo/pico/pico-sdk/src/rp2_common/pico_int64_ops/pico_int64_ops_aeabi.S.obj
                0x0000000010004840                __wrap___aeabi_lmul
 *fill*         0x0000000010004872        0x2 
 .text.__wrap___aeabi_i2f
                0x0000000010004874       0x44 CMakeFiles/main.dir/home/iwo/pico/pico-sdk/src/rp2_common/pico_float/float_aeabi.S.obj
                0x0000000010004874                __wrap___aeabi_i2f
 .text.__wrap___aeabi_f2iz
                0x00000000100048b8       0x4e CMakeFiles/main.dir/home/iwo/pico/pico-sdk/src/rp2_common/pico_float/float_aeabi.S.obj
                0x00000000100048b8                __wrap___aeabi_f2iz
                0x00000000100048b8                float2int_z
 *fill*         0x0000000010004906        0x2 
 .text.float2int
                0x0000000010004908       0x14 CMakeFiles/main.dir/home/iwo/pico/pico-sdk/src/rp2_common/pico_float/float_aeabi.S.obj
                0x0000000010004908                float2int
 .text.__wrap___aeabi_f2uiz
                0x000000001000491c       0x10 CMakeFiles/main.dir/home/iwo/pico/pico-sdk/src/rp2_common/pico_float/float_aeabi.S.obj
                0x000000001000491c                __wrap___aeabi_f2uiz
 .text.__wrap___aeabi_f2d
                0x000000001000492c       0x14 CMakeFiles/main.dir/home/iwo/pico/pico-sdk/src/rp2_common/pico_float/float_aeabi.S.obj
                0x000000001000492c                __wrap___aeabi_f2d
 .text.__aeabi_float_init
                0x0000000010004940       0xfc CMakeFiles/main.dir/home/iwo/pico/pico-sdk/src/rp2_common/pico_float/float_init_rom.c.obj
                0x0000000010004940                __aeabi_float_init
 .text.float_table_shim_on_use_helper
                0x0000000010004a3c       0x34 CMakeFiles/main.dir/home/iwo/pico/pico-sdk/src/rp2_common/pico_float/float_v1_rom_shim.S.obj
                0x0000000010004a3c                float_table_shim_on_use_helper
 .text.float232_shims
                0x0000000010004a70       0x18 CMakeFiles/main.dir/home/iwo/pico/pico-sdk/src/rp2_common/pico_float/float_v1_rom_shim.S.obj
                0x0000000010004a70                float2int_shim
                0x0000000010004a72                float2fix_shim
 .text.float2double_shim
                0x0000000010004a88       0x30 CMakeFiles/main.dir/home/iwo/pico/pico-sdk/src/rp2_common/pico_float/float_v1_rom_shim.S.obj
                0x0000000010004a88                float2double_shim
 .text.__wrap_malloc
                0x0000000010004ab8       0x24 CMakeFiles/main.dir/home/iwo/pico/pico-sdk/src/rp2_common/pico_malloc/pico_malloc.c.obj
                0x0000000010004ab8                __wrap_malloc
 .text          0x0000000010004adc       0x10 CMakeFiles/main.dir/home/iwo/pico/pico-sdk/src/rp2_common/pico_mem_ops/mem_ops_aeabi.S.obj
                0x0000000010004adc                __aeabi_mem_init
 .text.memset   0x0000000010004aec        0xc CMakeFiles/main.dir/home/iwo/pico/pico-sdk/src/rp2_common/pico_mem_ops/mem_ops_aeabi.S.obj
                0x0000000010004aec                __wrap_memset
 .text.memcpy   0x0000000010004af8        0xc CMakeFiles/main.dir/home/iwo/pico/pico-sdk/src/rp2_common/pico_mem_ops/mem_ops_aeabi.S.obj
                0x0000000010004af8                __wrap___aeabi_memcpy
                0x0000000010004af8                __wrap_memcpy
 .text.stdio_out_chars_no_crlf
                0x0000000010004b04        0xe CMakeFiles/main.dir/home/iwo/pico/pico-sdk/src/rp2_common/pico_stdio/stdio.c.obj
 *fill*         0x0000000010004b12        0x2 
 .text.stdio_out_chars_crlf
                0x0000000010004b14       0x80 CMakeFiles/main.dir/home/iwo/pico/pico-sdk/src/rp2_common/pico_stdio/stdio.c.obj
 .text.stdio_stack_buffer_flush
                0x0000000010004b94       0x44 CMakeFiles/main.dir/home/iwo/pico/pico-sdk/src/rp2_common/pico_stdio/stdio.c.obj
 .text.stdio_buffered_printer
                0x0000000010004bd8       0x20 CMakeFiles/main.dir/home/iwo/pico/pico-sdk/src/rp2_common/pico_stdio/stdio.c.obj
 .text.stdout_serialize_begin
                0x0000000010004bf8       0x30 CMakeFiles/main.dir/home/iwo/pico/pico-sdk/src/rp2_common/pico_stdio/stdio.c.obj
                0x0000000010004bf8                stdout_serialize_begin
 .text.stdout_serialize_end
                0x0000000010004c28       0x10 CMakeFiles/main.dir/home/iwo/pico/pico-sdk/src/rp2_common/pico_stdio/stdio.c.obj
                0x0000000010004c28                stdout_serialize_end
 .text.stdio_put_string
                0x0000000010004c38       0x98 CMakeFiles/main.dir/home/iwo/pico/pico-sdk/src/rp2_common/pico_stdio/stdio.c.obj
 .text.stdio_set_driver_enabled
                0x0000000010004cd0       0x38 CMakeFiles/main.dir/home/iwo/pico/pico-sdk/src/rp2_common/pico_stdio/stdio.c.obj
                0x0000000010004cd0                stdio_set_driver_enabled
 .text.stdio_flush
                0x0000000010004d08       0x20 CMakeFiles/main.dir/home/iwo/pico/pico-sdk/src/rp2_common/pico_stdio/stdio.c.obj
                0x0000000010004d08                stdio_flush
 .text.__wrap_puts
                0x0000000010004d28       0x1e CMakeFiles/main.dir/home/iwo/pico/pico-sdk/src/rp2_common/pico_stdio/stdio.c.obj
                0x0000000010004d28                __wrap_puts
 *fill*         0x0000000010004d46        0x2 
 .text.__wrap_vprintf
                0x0000000010004d48       0x44 CMakeFiles/main.dir/home/iwo/pico/pico-sdk/src/rp2_common/pico_stdio/stdio.c.obj
                0x0000000010004d48                __wrap_vprintf
 .text.__wrap_printf
                0x0000000010004d8c       0x18 CMakeFiles/main.dir/home/iwo/pico/pico-sdk/src/rp2_common/pico_stdio/stdio.c.obj
                0x0000000010004d8c                __wrap_printf
 .text.stdio_init_all
                0x0000000010004da4        0x8 CMakeFiles/main.dir/home/iwo/pico/pico-sdk/src/rp2_common/pico_stdio/stdio.c.obj
                0x0000000010004da4                stdio_init_all
 .text.resetd_init
                0x0000000010004dac        0x2 CMakeFiles/main.dir/home/iwo/pico/pico-sdk/src/rp2_common/pico_stdio_usb/reset_interface.c.obj
 *fill*         0x0000000010004dae        0x2 
 .text.resetd_reset
                0x0000000010004db0        0xc CMakeFiles/main.dir/home/iwo/pico/pico-sdk/src/rp2_common/pico_stdio_usb/reset_interface.c.obj
 .text.resetd_open
                0x0000000010004dbc       0x34 CMakeFiles/main.dir/home/iwo/pico/pico-sdk/src/rp2_common/pico_stdio_usb/reset_interface.c.obj
 .text.resetd_xfer_cb
                0x0000000010004df0        0x4 CMakeFiles/main.dir/home/iwo/pico/pico-sdk/src/rp2_common/pico_stdio_usb/reset_interface.c.obj
 .text.resetd_control_xfer_cb
                0x0000000010004df4       0x6c CMakeFiles/main.dir/home/iwo/pico/pico-sdk/src/rp2_common/pico_stdio_usb/reset_interface.c.obj
 .text.usbd_app_driver_get_cb
                0x0000000010004e60        0xc CMakeFiles/main.dir/home/iwo/pico/pico-sdk/src/rp2_common/pico_stdio_usb/reset_interface.c.obj
                0x0000000010004e60                usbd_app_driver_get_cb
 .text.tud_cdc_line_coding_cb
                0x0000000010004e6c       0x34 CMakeFiles/main.dir/home/iwo/pico/pico-sdk/src/rp2_common/pico_stdio_usb/reset_interface.c.obj
                0x0000000010004e6c                tud_cdc_line_coding_cb
 .text.stdio_usb_in_chars
                0x0000000010004ea0       0x70 CMakeFiles/main.dir/home/iwo/pico/pico-sdk/src/rp2_common/pico_stdio_usb/stdio_usb.c.obj
                0x0000000010004ea0                stdio_usb_in_chars
 .text.low_priority_worker_irq
                0x0000000010004f10       0x20 CMakeFiles/main.dir/home/iwo/pico/pico-sdk/src/rp2_common/pico_stdio_usb/stdio_usb.c.obj
 .text.stdio_usb_out_chars
                0x0000000010004f30       0xd4 CMakeFiles/main.dir/home/iwo/pico/pico-sdk/src/rp2_common/pico_stdio_usb/stdio_usb.c.obj
 .text.timer_task
                0x0000000010005004       0x10 CMakeFiles/main.dir/home/iwo/pico/pico-sdk/src/rp2_common/pico_stdio_usb/stdio_usb.c.obj
 .text.stdio_usb_init
                0x0000000010005014       0xb8 CMakeFiles/main.dir/home/iwo/pico/pico-sdk/src/rp2_common/pico_stdio_usb/stdio_usb.c.obj
                0x0000000010005014                stdio_usb_init
 .text.tud_descriptor_device_cb
                0x00000000100050cc        0x8 CMakeFiles/main.dir/home/iwo/pico/pico-sdk/src/rp2_common/pico_stdio_usb/stdio_usb_descriptors.c.obj
                0x00000000100050cc                tud_descriptor_device_cb
 .text.tud_descriptor_configuration_cb
                0x00000000100050d4        0x8 CMakeFiles/main.dir/home/iwo/pico/pico-sdk/src/rp2_common/pico_stdio_usb/stdio_usb_descriptors.c.obj
                0x00000000100050d4                tud_descriptor_configuration_cb
 .text.tud_descriptor_string_cb
                0x00000000100050dc       0x6c CMakeFiles/main.dir/home/iwo/pico/pico-sdk/src/rp2_common/pico_stdio_usb/stdio_usb_descriptors.c.obj
                0x00000000100050dc                tud_descriptor_string_cb
 .text.hw_endpoint_get_by_addr
                0x0000000010005148       0x18 CMakeFiles/main.dir/home/iwo/pico/pico-sdk/lib/tinyusb/src/portable/raspberrypi/rp2040/dcd_rp2040.c.obj
 .text.reset_ep0_pid
                0x0000000010005160       0x28 CMakeFiles/main.dir/home/iwo/pico/pico-sdk/lib/tinyusb/src/portable/raspberrypi/rp2040/dcd_rp2040.c.obj
 .text._hw_endpoint_alloc
                0x0000000010005188       0x70 CMakeFiles/main.dir/home/iwo/pico/pico-sdk/lib/tinyusb/src/portable/raspberrypi/rp2040/dcd_rp2040.c.obj
 .text.hw_endpoint_init
                0x00000000100051f8       0x88 CMakeFiles/main.dir/home/iwo/pico/pico-sdk/lib/tinyusb/src/portable/raspberrypi/rp2040/dcd_rp2040.c.obj
 .text.reset_non_control_endpoints
                0x0000000010005280       0x40 CMakeFiles/main.dir/home/iwo/pico/pico-sdk/lib/tinyusb/src/portable/raspberrypi/rp2040/dcd_rp2040.c.obj
 .text.hw_handle_buff_status
                0x00000000100052c0       0x8c CMakeFiles/main.dir/home/iwo/pico/pico-sdk/lib/tinyusb/src/portable/raspberrypi/rp2040/dcd_rp2040.c.obj
 .text.dcd_rp2040_irq
                0x000000001000534c       0xc0 CMakeFiles/main.dir/home/iwo/pico/pico-sdk/lib/tinyusb/src/portable/raspberrypi/rp2040/dcd_rp2040.c.obj
 .text.hw_endpoint_xfer
                0x000000001000540c       0x14 CMakeFiles/main.dir/home/iwo/pico/pico-sdk/lib/tinyusb/src/portable/raspberrypi/rp2040/dcd_rp2040.c.obj
 .text.dcd_int_enable
                0x0000000010005420       0x2c CMakeFiles/main.dir/home/iwo/pico/pico-sdk/lib/tinyusb/src/portable/raspberrypi/rp2040/dcd_rp2040.c.obj
                0x0000000010005420                dcd_int_enable
 .text.dcd_set_address
                0x000000001000544c       0x2c CMakeFiles/main.dir/home/iwo/pico/pico-sdk/lib/tinyusb/src/portable/raspberrypi/rp2040/dcd_rp2040.c.obj
                0x000000001000544c                dcd_set_address
 .text.dcd_connect
                0x0000000010005478       0x10 CMakeFiles/main.dir/home/iwo/pico/pico-sdk/lib/tinyusb/src/portable/raspberrypi/rp2040/dcd_rp2040.c.obj
                0x0000000010005478                dcd_connect
 .text.dcd_init
                0x0000000010005488       0x7c CMakeFiles/main.dir/home/iwo/pico/pico-sdk/lib/tinyusb/src/portable/raspberrypi/rp2040/dcd_rp2040.c.obj
                0x0000000010005488                dcd_init
 .text.dcd_edpt0_status_complete
                0x0000000010005504       0x1c CMakeFiles/main.dir/home/iwo/pico/pico-sdk/lib/tinyusb/src/portable/raspberrypi/rp2040/dcd_rp2040.c.obj
                0x0000000010005504                dcd_edpt0_status_complete
 .text.dcd_edpt_open
                0x0000000010005520       0x40 CMakeFiles/main.dir/home/iwo/pico/pico-sdk/lib/tinyusb/src/portable/raspberrypi/rp2040/dcd_rp2040.c.obj
                0x0000000010005520                dcd_edpt_open
 .text.dcd_edpt_close_all
                0x0000000010005560        0x8 CMakeFiles/main.dir/home/iwo/pico/pico-sdk/lib/tinyusb/src/portable/raspberrypi/rp2040/dcd_rp2040.c.obj
                0x0000000010005560                dcd_edpt_close_all
 .text.dcd_edpt_xfer
                0x0000000010005568       0x30 CMakeFiles/main.dir/home/iwo/pico/pico-sdk/lib/tinyusb/src/portable/raspberrypi/rp2040/dcd_rp2040.c.obj
                0x0000000010005568                dcd_edpt_xfer
 .text.dcd_edpt_stall
                0x0000000010005598       0x2c CMakeFiles/main.dir/home/iwo/pico/pico-sdk/lib/tinyusb/src/portable/raspberrypi/rp2040/dcd_rp2040.c.obj
                0x0000000010005598                dcd_edpt_stall
 .text.dcd_edpt_clear_stall
                0x00000000100055c4       0x20 CMakeFiles/main.dir/home/iwo/pico/pico-sdk/lib/tinyusb/src/portable/raspberrypi/rp2040/dcd_rp2040.c.obj
                0x00000000100055c4                dcd_edpt_clear_stall
 .text.prepare_ep_buffer
                0x00000000100055e4       0x70 CMakeFiles/main.dir/home/iwo/pico/pico-sdk/lib/tinyusb/src/portable/raspberrypi/rp2040/rp2040_usb.c.obj
 .text.sync_ep_buffer
                0x0000000010005654       0x7c CMakeFiles/main.dir/home/iwo/pico/pico-sdk/lib/tinyusb/src/portable/raspberrypi/rp2040/rp2040_usb.c.obj
 .text._hw_endpoint_xfer_sync
                0x00000000100056d0       0x28 CMakeFiles/main.dir/home/iwo/pico/pico-sdk/lib/tinyusb/src/portable/raspberrypi/rp2040/rp2040_usb.c.obj
 .text.rp2040_usb_init
                0x00000000100056f8       0x4c CMakeFiles/main.dir/home/iwo/pico/pico-sdk/lib/tinyusb/src/portable/raspberrypi/rp2040/rp2040_usb.c.obj
                0x00000000100056f8                rp2040_usb_init
 .text.hw_endpoint_reset_transfer
                0x0000000010005744        0xc CMakeFiles/main.dir/home/iwo/pico/pico-sdk/lib/tinyusb/src/portable/raspberrypi/rp2040/rp2040_usb.c.obj
                0x0000000010005744                hw_endpoint_reset_transfer
 .text._hw_endpoint_buffer_control_update32
                0x0000000010005750       0x58 CMakeFiles/main.dir/home/iwo/pico/pico-sdk/lib/tinyusb/src/portable/raspberrypi/rp2040/rp2040_usb.c.obj
                0x0000000010005750                _hw_endpoint_buffer_control_update32
 .text._hw_endpoint_start_next_buffer
                0x00000000100057a8       0x74 CMakeFiles/main.dir/home/iwo/pico/pico-sdk/lib/tinyusb/src/portable/raspberrypi/rp2040/rp2040_usb.c.obj
 .text.hw_endpoint_xfer_start
                0x000000001000581c       0x48 CMakeFiles/main.dir/home/iwo/pico/pico-sdk/lib/tinyusb/src/portable/raspberrypi/rp2040/rp2040_usb.c.obj
                0x000000001000581c                hw_endpoint_xfer_start
 .text.hw_endpoint_xfer_continue
                0x0000000010005864       0x38 CMakeFiles/main.dir/home/iwo/pico/pico-sdk/lib/tinyusb/src/portable/raspberrypi/rp2040/rp2040_usb.c.obj
                0x0000000010005864                hw_endpoint_xfer_continue
 .text.configuration_reset
                0x000000001000589c       0x84 CMakeFiles/main.dir/home/iwo/pico/pico-sdk/lib/tinyusb/src/device/usbd.c.obj
 .text.usbd_reset
                0x0000000010005920        0xc CMakeFiles/main.dir/home/iwo/pico/pico-sdk/lib/tinyusb/src/device/usbd.c.obj
 .text.invoke_class_control
                0x000000001000592c       0x1a CMakeFiles/main.dir/home/iwo/pico/pico-sdk/lib/tinyusb/src/device/usbd.c.obj
 *fill*         0x0000000010005946        0x2 
 .text.process_set_config
                0x0000000010005948      0x1ac CMakeFiles/main.dir/home/iwo/pico/pico-sdk/lib/tinyusb/src/device/usbd.c.obj
 .text.process_get_descriptor
                0x0000000010005af4       0xec CMakeFiles/main.dir/home/iwo/pico/pico-sdk/lib/tinyusb/src/device/usbd.c.obj
 .text.tud_mounted
                0x0000000010005be0       0x10 CMakeFiles/main.dir/home/iwo/pico/pico-sdk/lib/tinyusb/src/device/usbd.c.obj
                0x0000000010005be0                tud_mounted
 .text.tud_suspended
                0x0000000010005bf0       0x10 CMakeFiles/main.dir/home/iwo/pico/pico-sdk/lib/tinyusb/src/device/usbd.c.obj
                0x0000000010005bf0                tud_suspended
 .text.tud_inited
                0x0000000010005c00        0xc CMakeFiles/main.dir/home/iwo/pico/pico-sdk/lib/tinyusb/src/device/usbd.c.obj
                0x0000000010005c00                tud_inited
 .text.tud_init
                0x0000000010005c0c       0xcc CMakeFiles/main.dir/home/iwo/pico/pico-sdk/lib/tinyusb/src/device/usbd.c.obj
                0x0000000010005c0c                tud_init
 .text.dcd_event_handler
                0x0000000010005cd8      0x1e0 CMakeFiles/main.dir/home/iwo/pico/pico-sdk/lib/tinyusb/src/device/usbd.c.obj
                0x0000000010005cd8                dcd_event_handler
 .text.dcd_event_bus_signal
                0x0000000010005eb8       0x26 CMakeFiles/main.dir/home/iwo/pico/pico-sdk/lib/tinyusb/src/device/usbd.c.obj
                0x0000000010005eb8                dcd_event_bus_signal
 .text.dcd_event_bus_reset
                0x0000000010005ede       0x2a CMakeFiles/main.dir/home/iwo/pico/pico-sdk/lib/tinyusb/src/device/usbd.c.obj
                0x0000000010005ede                dcd_event_bus_reset
 .text.dcd_event_setup_received
                0x0000000010005f08       0x34 CMakeFiles/main.dir/home/iwo/pico/pico-sdk/lib/tinyusb/src/device/usbd.c.obj
                0x0000000010005f08                dcd_event_setup_received
 .text.dcd_event_xfer_complete
                0x0000000010005f3c       0x44 CMakeFiles/main.dir/home/iwo/pico/pico-sdk/lib/tinyusb/src/device/usbd.c.obj
                0x0000000010005f3c                dcd_event_xfer_complete
 .text.usbd_edpt_open
                0x0000000010005f80       0x58 CMakeFiles/main.dir/home/iwo/pico/pico-sdk/lib/tinyusb/src/device/usbd.c.obj
                0x0000000010005f80                usbd_edpt_open
 .text.usbd_open_edpt_pair
                0x0000000010005fd8       0x8c CMakeFiles/main.dir/home/iwo/pico/pico-sdk/lib/tinyusb/src/device/usbd.c.obj
                0x0000000010005fd8                usbd_open_edpt_pair
 .text.usbd_edpt_claim
                0x0000000010006064       0x8c CMakeFiles/main.dir/home/iwo/pico/pico-sdk/lib/tinyusb/src/device/usbd.c.obj
                0x0000000010006064                usbd_edpt_claim
 .text.usbd_edpt_release
                0x00000000100060f0       0x68 CMakeFiles/main.dir/home/iwo/pico/pico-sdk/lib/tinyusb/src/device/usbd.c.obj
                0x00000000100060f0                usbd_edpt_release
 .text.usbd_edpt_xfer
                0x0000000010006158       0x80 CMakeFiles/main.dir/home/iwo/pico/pico-sdk/lib/tinyusb/src/device/usbd.c.obj
                0x0000000010006158                usbd_edpt_xfer
 .text.usbd_edpt_stall
                0x00000000100061d8       0x40 CMakeFiles/main.dir/home/iwo/pico/pico-sdk/lib/tinyusb/src/device/usbd.c.obj
                0x00000000100061d8                usbd_edpt_stall
 .text.usbd_edpt_clear_stall
                0x0000000010006218       0x40 CMakeFiles/main.dir/home/iwo/pico/pico-sdk/lib/tinyusb/src/device/usbd.c.obj
                0x0000000010006218                usbd_edpt_clear_stall
 .text.usbd_edpt_stalled
                0x0000000010006258       0x1c CMakeFiles/main.dir/home/iwo/pico/pico-sdk/lib/tinyusb/src/device/usbd.c.obj
                0x0000000010006258                usbd_edpt_stalled
 .text.process_control_request
                0x0000000010006274      0x3b8 CMakeFiles/main.dir/home/iwo/pico/pico-sdk/lib/tinyusb/src/device/usbd.c.obj
 .text.tud_task
                0x000000001000662c      0x218 CMakeFiles/main.dir/home/iwo/pico/pico-sdk/lib/tinyusb/src/device/usbd.c.obj
                0x000000001000662c                tud_task
 .text._data_stage_xact
                0x0000000010006844       0x58 CMakeFiles/main.dir/home/iwo/pico/pico-sdk/lib/tinyusb/src/device/usbd_control.c.obj
 .text.tud_control_status
                0x000000001000689c       0x38 CMakeFiles/main.dir/home/iwo/pico/pico-sdk/lib/tinyusb/src/device/usbd_control.c.obj
                0x000000001000689c                tud_control_status
 .text.tud_control_xfer
                0x00000000100068d4       0xa8 CMakeFiles/main.dir/home/iwo/pico/pico-sdk/lib/tinyusb/src/device/usbd_control.c.obj
                0x00000000100068d4                tud_control_xfer
 .text.usbd_control_reset
                0x000000001000697c       0x14 CMakeFiles/main.dir/home/iwo/pico/pico-sdk/lib/tinyusb/src/device/usbd_control.c.obj
                0x000000001000697c                usbd_control_reset
 .text.usbd_control_set_complete_callback
                0x0000000010006990        0xc CMakeFiles/main.dir/home/iwo/pico/pico-sdk/lib/tinyusb/src/device/usbd_control.c.obj
                0x0000000010006990                usbd_control_set_complete_callback
 .text.usbd_control_set_request
                0x000000001000699c       0x1c CMakeFiles/main.dir/home/iwo/pico/pico-sdk/lib/tinyusb/src/device/usbd_control.c.obj
                0x000000001000699c                usbd_control_set_request
 .text.usbd_control_xfer_cb
                0x00000000100069b8       0xfc CMakeFiles/main.dir/home/iwo/pico/pico-sdk/lib/tinyusb/src/device/usbd_control.c.obj
                0x00000000100069b8                usbd_control_xfer_cb
 .text._prep_out_transaction
                0x0000000010006ab4       0x46 CMakeFiles/main.dir/home/iwo/pico/pico-sdk/lib/tinyusb/src/class/cdc/cdc_device.c.obj
 *fill*         0x0000000010006afa        0x2 
 .text.tud_cdc_n_connected
                0x0000000010006afc       0x44 CMakeFiles/main.dir/home/iwo/pico/pico-sdk/lib/tinyusb/src/class/cdc/cdc_device.c.obj
                0x0000000010006afc                tud_cdc_n_connected
 .text.tud_cdc_n_available
                0x0000000010006b40       0x18 CMakeFiles/main.dir/home/iwo/pico/pico-sdk/lib/tinyusb/src/class/cdc/cdc_device.c.obj
                0x0000000010006b40                tud_cdc_n_available
 .text.tud_cdc_n_read
                0x0000000010006b58       0x28 CMakeFiles/main.dir/home/iwo/pico/pico-sdk/lib/tinyusb/src/class/cdc/cdc_device.c.obj
                0x0000000010006b58                tud_cdc_n_read
 .text.tud_cdc_n_write_flush
                0x0000000010006b80       0xcc CMakeFiles/main.dir/home/iwo/pico/pico-sdk/lib/tinyusb/src/class/cdc/cdc_device.c.obj
                0x0000000010006b80                tud_cdc_n_write_flush
 .text.tud_cdc_n_write
                0x0000000010006c4c       0x38 CMakeFiles/main.dir/home/iwo/pico/pico-sdk/lib/tinyusb/src/class/cdc/cdc_device.c.obj
                0x0000000010006c4c                tud_cdc_n_write
 .text.tud_cdc_n_write_available
                0x0000000010006c84       0x1c CMakeFiles/main.dir/home/iwo/pico/pico-sdk/lib/tinyusb/src/class/cdc/cdc_device.c.obj
                0x0000000010006c84                tud_cdc_n_write_available
 .text.cdcd_init
                0x0000000010006ca0       0xbc CMakeFiles/main.dir/home/iwo/pico/pico-sdk/lib/tinyusb/src/class/cdc/cdc_device.c.obj
                0x0000000010006ca0                cdcd_init
 .text.cdcd_reset
                0x0000000010006d5c       0x44 CMakeFiles/main.dir/home/iwo/pico/pico-sdk/lib/tinyusb/src/class/cdc/cdc_device.c.obj
                0x0000000010006d5c                cdcd_reset
 .text.cdcd_open
                0x0000000010006da0       0xf8 CMakeFiles/main.dir/home/iwo/pico/pico-sdk/lib/tinyusb/src/class/cdc/cdc_device.c.obj
                0x0000000010006da0                cdcd_open
 .text.cdcd_control_xfer_cb
                0x0000000010006e98      0x134 CMakeFiles/main.dir/home/iwo/pico/pico-sdk/lib/tinyusb/src/class/cdc/cdc_device.c.obj
                0x0000000010006e98                cdcd_control_xfer_cb
 .text.cdcd_xfer_cb
                0x0000000010006fcc      0x144 CMakeFiles/main.dir/home/iwo/pico/pico-sdk/lib/tinyusb/src/class/cdc/cdc_device.c.obj
                0x0000000010006fcc                cdcd_xfer_cb
 .text.tusb_init
                0x0000000010007110       0x24 CMakeFiles/main.dir/home/iwo/pico/pico-sdk/lib/tinyusb/src/tusb.c.obj
                0x0000000010007110                tusb_init
 .text.tusb_inited
                0x0000000010007134        0xe CMakeFiles/main.dir/home/iwo/pico/pico-sdk/lib/tinyusb/src/tusb.c.obj
                0x0000000010007134                tusb_inited
 *fill*         0x0000000010007142        0x2 
 .text.tu_edpt_validate
                0x0000000010007144       0xa8 CMakeFiles/main.dir/home/iwo/pico/pico-sdk/lib/tinyusb/src/tusb.c.obj
                0x0000000010007144                tu_edpt_validate
 .text.tu_edpt_bind_driver
                0x00000000100071ec       0x2a CMakeFiles/main.dir/home/iwo/pico/pico-sdk/lib/tinyusb/src/tusb.c.obj
                0x00000000100071ec                tu_edpt_bind_driver
 .text.advance_pointer
                0x0000000010007216       0x18 CMakeFiles/main.dir/home/iwo/pico/pico-sdk/lib/tinyusb/src/common/tusb_fifo.c.obj
 .text.backward_pointer
                0x000000001000722e       0x1e CMakeFiles/main.dir/home/iwo/pico/pico-sdk/lib/tinyusb/src/common/tusb_fifo.c.obj
 .text.get_relative_pointer
                0x000000001000724c       0x10 CMakeFiles/main.dir/home/iwo/pico/pico-sdk/lib/tinyusb/src/common/tusb_fifo.c.obj
 .text._tu_fifo_peek
                0x000000001000725c       0x50 CMakeFiles/main.dir/home/iwo/pico/pico-sdk/lib/tinyusb/src/common/tusb_fifo.c.obj
 .text._ff_pull_const_addr
                0x00000000100072ac       0x4c CMakeFiles/main.dir/home/iwo/pico/pico-sdk/lib/tinyusb/src/common/tusb_fifo.c.obj
 .text._ff_pull_n
                0x00000000100072f8      0x10c CMakeFiles/main.dir/home/iwo/pico/pico-sdk/lib/tinyusb/src/common/tusb_fifo.c.obj
 .text._tu_fifo_peek_n
                0x0000000010007404       0x5e CMakeFiles/main.dir/home/iwo/pico/pico-sdk/lib/tinyusb/src/common/tusb_fifo.c.obj
 .text._tu_fifo_read_n
                0x0000000010007462       0x4e CMakeFiles/main.dir/home/iwo/pico/pico-sdk/lib/tinyusb/src/common/tusb_fifo.c.obj
 .text._ff_push_const_addr
                0x00000000100074b0       0x40 CMakeFiles/main.dir/home/iwo/pico/pico-sdk/lib/tinyusb/src/common/tusb_fifo.c.obj
 .text._ff_push_n
                0x00000000100074f0      0x106 CMakeFiles/main.dir/home/iwo/pico/pico-sdk/lib/tinyusb/src/common/tusb_fifo.c.obj
 .text._tu_fifo_write_n
                0x00000000100075f6       0x9e CMakeFiles/main.dir/home/iwo/pico/pico-sdk/lib/tinyusb/src/common/tusb_fifo.c.obj
 .text.tu_fifo_config
                0x0000000010007694       0x72 CMakeFiles/main.dir/home/iwo/pico/pico-sdk/lib/tinyusb/src/common/tusb_fifo.c.obj
                0x0000000010007694                tu_fifo_config
 .text.tu_fifo_count
                0x0000000010007706       0x26 CMakeFiles/main.dir/home/iwo/pico/pico-sdk/lib/tinyusb/src/common/tusb_fifo.c.obj
                0x0000000010007706                tu_fifo_count
 .text.tu_fifo_empty
                0x000000001000772c        0xe CMakeFiles/main.dir/home/iwo/pico/pico-sdk/lib/tinyusb/src/common/tusb_fifo.c.obj
                0x000000001000772c                tu_fifo_empty
 .text.tu_fifo_remaining
                0x000000001000773a       0x20 CMakeFiles/main.dir/home/iwo/pico/pico-sdk/lib/tinyusb/src/common/tusb_fifo.c.obj
                0x000000001000773a                tu_fifo_remaining
 .text.tu_fifo_read
                0x000000001000775a       0x42 CMakeFiles/main.dir/home/iwo/pico/pico-sdk/lib/tinyusb/src/common/tusb_fifo.c.obj
                0x000000001000775a                tu_fifo_read
 .text.tu_fifo_read_n
                0x000000001000779c        0xa CMakeFiles/main.dir/home/iwo/pico/pico-sdk/lib/tinyusb/src/common/tusb_fifo.c.obj
                0x000000001000779c                tu_fifo_read_n
 .text.tu_fifo_write
                0x00000000100077a6       0x6c CMakeFiles/main.dir/home/iwo/pico/pico-sdk/lib/tinyusb/src/common/tusb_fifo.c.obj
                0x00000000100077a6                tu_fifo_write
 .text.tu_fifo_write_n
                0x0000000010007812        0xa CMakeFiles/main.dir/home/iwo/pico/pico-sdk/lib/tinyusb/src/common/tusb_fifo.c.obj
                0x0000000010007812                tu_fifo_write_n
 .text.tu_fifo_clear
                0x000000001000781c       0x4c CMakeFiles/main.dir/home/iwo/pico/pico-sdk/lib/tinyusb/src/common/tusb_fifo.c.obj
                0x000000001000781c                tu_fifo_clear
 .text.tu_fifo_set_overwritable
                0x0000000010007868       0x3c CMakeFiles/main.dir/home/iwo/pico/pico-sdk/lib/tinyusb/src/common/tusb_fifo.c.obj
                0x0000000010007868                tu_fifo_set_overwritable
 .text._retrieve_unique_id_on_boot
                0x00000000100078a4       0x10 CMakeFiles/main.dir/home/iwo/pico/pico-sdk/src/rp2_common/pico_unique_id/unique_id.c.obj
 .text.pico_get_unique_board_id_string
                0x00000000100078b4       0x60 CMakeFiles/main.dir/home/iwo/pico/pico-sdk/src/rp2_common/pico_unique_id/unique_id.c.obj
                0x00000000100078b4                pico_get_unique_board_id_string
 .text.flash_get_unique_id
                0x0000000010007914       0x46 CMakeFiles/main.dir/home/iwo/pico/pico-sdk/src/rp2_common/hardware_flash/flash.c.obj
                0x0000000010007914                flash_get_unique_id
 .text.spi_set_baudrate
                0x000000001000795a       0x94 CMakeFiles/main.dir/home/iwo/pico/pico-sdk/src/rp2_common/hardware_spi/spi.c.obj
                0x000000001000795a                spi_set_baudrate
 *fill*         0x00000000100079ee        0x2 
 .text.spi_init
                0x00000000100079f0       0x68 CMakeFiles/main.dir/home/iwo/pico/pico-sdk/src/rp2_common/hardware_spi/spi.c.obj
                0x00000000100079f0                spi_init
 .text.i2c_set_baudrate
                0x0000000010007a58       0xf0 CMakeFiles/main.dir/home/iwo/pico/pico-sdk/src/rp2_common/hardware_i2c/i2c.c.obj
                0x0000000010007a58                i2c_set_baudrate
 .text.i2c_init
                0x0000000010007b48       0x58 CMakeFiles/main.dir/home/iwo/pico/pico-sdk/src/rp2_common/hardware_i2c/i2c.c.obj
                0x0000000010007b48                i2c_init
 .text.update_clock
                0x0000000010007ba0       0x3c examples/libexamples.a(LCD_2in_test.c.obj)
                0x0000000010007ba0                update_clock
 .text.polar    0x0000000010007bdc       0x8c examples/libexamples.a(LCD_2in_test.c.obj)
                0x0000000010007bdc                polar
 .text.draw_seconds
                0x0000000010007c68       0x7c examples/libexamples.a(LCD_2in_test.c.obj)
                0x0000000010007c68                draw_seconds
 .text.draw_minutes
                0x0000000010007ce4       0x7c examples/libexamples.a(LCD_2in_test.c.obj)
                0x0000000010007ce4                draw_minutes
 .text.draw_hours
                0x0000000010007d60       0x74 examples/libexamples.a(LCD_2in_test.c.obj)
                0x0000000010007d60                draw_hours
 .text.draw_clock
                0x0000000010007dd4      0x33c examples/libexamples.a(LCD_2in_test.c.obj)
                0x0000000010007dd4                draw_clock
 .text.LCD_2in_test
                0x0000000010008110      0x18c examples/libexamples.a(LCD_2in_test.c.obj)
                0x0000000010008110                LCD_2in_test
 .text.LCD_2IN_Reset
                0x000000001000829c       0x2e lib/LCD/libLCD.a(LCD_2in.c.obj)
 .text.LCD_2IN_SendCommand
                0x00000000100082ca       0x24 lib/LCD/libLCD.a(LCD_2in.c.obj)
 .text.LCD_2IN_SendData_8Bit
                0x00000000100082ee       0x24 lib/LCD/libLCD.a(LCD_2in.c.obj)
 *fill*         0x0000000010008312        0x2 
 .text.LCD_2IN_SetAttributes
                0x0000000010008314       0x38 lib/LCD/libLCD.a(LCD_2in.c.obj)
 .text.LCD_2IN_InitReg
                0x000000001000834c      0x1ae lib/LCD/libLCD.a(LCD_2in.c.obj)
 .text.LCD_2IN_Init
                0x00000000100084fa       0x1a lib/LCD/libLCD.a(LCD_2in.c.obj)
                0x00000000100084fa                LCD_2IN_Init
 .text.LCD_2IN_SetWindows
                0x0000000010008514       0x5e lib/LCD/libLCD.a(LCD_2in.c.obj)
                0x0000000010008514                LCD_2IN_SetWindows
 .text.LCD_2IN_Clear
                0x0000000010008572       0x60 lib/LCD/libLCD.a(LCD_2in.c.obj)
                0x0000000010008572                LCD_2IN_Clear
 *fill*         0x00000000100085d2        0x2 
 .text.LCD_2IN_Display
                0x00000000100085d4       0x58 lib/LCD/libLCD.a(LCD_2in.c.obj)
                0x00000000100085d4                LCD_2IN_Display
 .text.SET_Infrared_PIN
                0x000000001000862c       0x20 lib/Infrared/libInfrared.a(Infrared.c.obj)
                0x000000001000862c                SET_Infrared_PIN
 .text.Paint_NewImage
                0x000000001000864c       0x48 lib/GUI/libGUI.a(GUI_Paint.c.obj)
                0x000000001000864c                Paint_NewImage
 .text.Paint_SetRotate
                0x0000000010008694       0x20 lib/GUI/libGUI.a(GUI_Paint.c.obj)
                0x0000000010008694                Paint_SetRotate
 .text.Paint_SetScale
                0x00000000100086b4       0x68 lib/GUI/libGUI.a(GUI_Paint.c.obj)
                0x00000000100086b4                Paint_SetScale
 .text.Paint_SetPixel
                0x000000001000871c      0x164 lib/GUI/libGUI.a(GUI_Paint.c.obj)
                0x000000001000871c                Paint_SetPixel
 .text.Paint_Clear
                0x0000000010008880       0xb0 lib/GUI/libGUI.a(GUI_Paint.c.obj)
                0x0000000010008880                Paint_Clear
 .text.Paint_DrawPoint
                0x0000000010008930       0xc0 lib/GUI/libGUI.a(GUI_Paint.c.obj)
                0x0000000010008930                Paint_DrawPoint
 .text.Paint_DrawLine
                0x00000000100089f0      0x12c lib/GUI/libGUI.a(GUI_Paint.c.obj)
                0x00000000100089f0                Paint_DrawLine
 .text.Paint_DrawCircle
                0x0000000010008b1c      0x274 lib/GUI/libGUI.a(GUI_Paint.c.obj)
                0x0000000010008b1c                Paint_DrawCircle
 .text.Paint_DrawChar
                0x0000000010008d90       0xe8 lib/GUI/libGUI.a(GUI_Paint.c.obj)
                0x0000000010008d90                Paint_DrawChar
 .text.Paint_DrawString_EN
                0x0000000010008e78       0x88 lib/GUI/libGUI.a(GUI_Paint.c.obj)
                0x0000000010008e78                Paint_DrawString_EN
 .text.DEV_Digital_Write
                0x0000000010008f00       0x18 lib/Config/libConfig.a(DEV_Config.c.obj)
                0x0000000010008f00                DEV_Digital_Write
 .text.DEV_Digital_Read
                0x0000000010008f18        0xe lib/Config/libConfig.a(DEV_Config.c.obj)
                0x0000000010008f18                DEV_Digital_Read
 *fill*         0x0000000010008f26        0x2 
 .text.DEV_SPI_WriteByte
                0x0000000010008f28       0x1c lib/Config/libConfig.a(DEV_Config.c.obj)
                0x0000000010008f28                DEV_SPI_WriteByte
 .text.DEV_SPI_Write_nByte
                0x0000000010008f44       0x14 lib/Config/libConfig.a(DEV_Config.c.obj)
                0x0000000010008f44                DEV_SPI_Write_nByte
 .text.DEV_GPIO_Mode
                0x0000000010008f58       0x26 lib/Config/libConfig.a(DEV_Config.c.obj)
                0x0000000010008f58                DEV_GPIO_Mode
 .text.DEV_Delay_ms
                0x0000000010008f7e        0x8 lib/Config/libConfig.a(DEV_Config.c.obj)
                0x0000000010008f7e                DEV_Delay_ms
 .text.DEV_Delay_us
                0x0000000010008f86        0xa lib/Config/libConfig.a(DEV_Config.c.obj)
                0x0000000010008f86                DEV_Delay_us
 .text.DEV_GPIO_Init
                0x0000000010008f90       0x4c lib/Config/libConfig.a(DEV_Config.c.obj)
                0x0000000010008f90                DEV_GPIO_Init
 .text.DEV_Module_Init
                0x0000000010008fdc       0xcc lib/Config/libConfig.a(DEV_Config.c.obj)
                0x0000000010008fdc                DEV_Module_Init
 .text.DEV_SET_PWM
                0x00000000100090a8       0x40 lib/Config/libConfig.a(DEV_Config.c.obj)
                0x00000000100090a8                DEV_SET_PWM
 .text          0x00000000100090e8       0x28 /usr/lib/gcc/arm-none-eabi/9.2.1/../../../arm-none-eabi/lib/thumb/v6-m/nofp/libg.a(lib_a-malloc.o)
                0x00000000100090e8                malloc
                0x00000000100090fc                free
 .text          0x0000000010009110      0x574 /usr/lib/gcc/arm-none-eabi/9.2.1/../../../arm-none-eabi/lib/thumb/v6-m/nofp/libg.a(lib_a-mallocr.o)
                0x0000000010009110                _malloc_r
 .text          0x0000000010009684        0x8 /usr/lib/gcc/arm-none-eabi/9.2.1/../../../arm-none-eabi/lib/thumb/v6-m/nofp/libg.a(lib_a-mlock.o)
                0x0000000010009684                __malloc_lock
                0x0000000010009688                __malloc_unlock
 .text          0x000000001000968c       0x24 /usr/lib/gcc/arm-none-eabi/9.2.1/../../../arm-none-eabi/lib/thumb/v6-m/nofp/libg.a(lib_a-sbrkr.o)
                0x000000001000968c                _sbrk_r
 .text          0x00000000100096b0       0x5c /usr/lib/gcc/arm-none-eabi/9.2.1/../../../arm-none-eabi/lib/thumb/v6-m/nofp/libg.a(lib_a-strlen-stub.o)
                0x00000000100096b0                strlen
 .text          0x000000001000970c      0x260 /usr/lib/gcc/arm-none-eabi/9.2.1/../../../arm-none-eabi/lib/thumb/v6-m/nofp/libg.a(lib_a-freer.o)
                0x000000001000970c                _malloc_trim_r
                0x00000000100097a8                _free_r
 *(.fini)
 .fini          0x000000001000996c        0x4 /usr/lib/gcc/arm-none-eabi/9.2.1/thumb/v6-m/nofp/crti.o
                0x000000001000996c                _fini
 .fini.__stub   0x0000000010009970       0x80 linker stubs
 *crtbegin.o(.ctors)
 *crtbegin?.o(.ctors)
 *(EXCLUDE_FILE(*crtend.o *crtend?.o) .ctors)
 *(SORT_BY_NAME(.ctors.*))
 *(.ctors)
 *crtbegin.o(.dtors)
 *crtbegin?.o(.dtors)
 *(EXCLUDE_FILE(*crtend.o *crtend?.o) .dtors)
 *(SORT_BY_NAME(.dtors.*))
 *(.dtors)
 *(.eh_frame*)
 .eh_frame      0x00000000100099f0        0x0 /usr/lib/gcc/arm-none-eabi/9.2.1/thumb/v6-m/nofp/crtbegin.o
                0x00000000100099f0                . = ALIGN (0x4)

.glue_7         0x00000000100099f0        0x0
 .glue_7        0x00000000100099f0        0x0 linker stubs

.glue_7t        0x00000000100099f0        0x0
 .glue_7t       0x00000000100099f0        0x0 linker stubs

.vfp11_veneer   0x00000000100099f0        0x0
 .vfp11_veneer  0x00000000100099f0        0x0 linker stubs

.v4_bx          0x00000000100099f0        0x0
 .v4_bx         0x00000000100099f0        0x0 linker stubs

.iplt           0x00000000100099f0        0x0
 .iplt          0x00000000100099f0        0x0 /usr/lib/gcc/arm-none-eabi/9.2.1/thumb/v6-m/nofp/crtbegin.o

.rodata         0x00000000100099f0     0x2538
 *(EXCLUDE_FILE(*libm.a: *libc.a:*lib_a-mem*.o *libgcc.a:) .rodata*)
 .rodata.main.str1.4
                0x00000000100099f0        0x9 CMakeFiles/main.dir/main.c.obj
 *fill*         0x00000000100099f9        0x3 
 .rodata.spin_lock_claim_unused.str1.4
                0x00000000100099fc       0x1b CMakeFiles/main.dir/home/iwo/pico/pico-sdk/src/rp2_common/hardware_sync/sync.c.obj
 *fill*         0x0000000010009a17        0x1 
 .rodata.repeating_timer_callback.str1.4
                0x0000000010009a18       0x48 CMakeFiles/main.dir/home/iwo/pico/pico-sdk/src/common/pico_time/time.c.obj
 .rodata.alarm_pool_dump_key.str1.4
                0x0000000010009a60       0x33 CMakeFiles/main.dir/home/iwo/pico/pico-sdk/src/common/pico_time/time.c.obj
 *fill*         0x0000000010009a93        0x1 
 .rodata.ph_add_child_node.str1.4
                0x0000000010009a94       0x92 CMakeFiles/main.dir/home/iwo/pico/pico-sdk/src/common/pico_time/time.c.obj
 *fill*         0x0000000010009b26        0x2 
 .rodata.add_alarm_under_lock.str1.4
                0x0000000010009b28       0x28 CMakeFiles/main.dir/home/iwo/pico/pico-sdk/src/common/pico_time/time.c.obj
                                         0x2b (size before relaxing)
 .rodata.alarm_pool_alarm_callback.str1.4
                0x0000000010009b50       0xe2 CMakeFiles/main.dir/home/iwo/pico/pico-sdk/src/common/pico_time/time.c.obj
 *fill*         0x0000000010009c32        0x2 
 .rodata.alarm_pool_get_default.str1.4
                0x0000000010009c34       0x21 CMakeFiles/main.dir/home/iwo/pico/pico-sdk/src/common/pico_time/time.c.obj
 *fill*         0x0000000010009c55        0x3 
 .rodata.alarm_pool_cancel_alarm.str1.4
                0x0000000010009c58       0x27 CMakeFiles/main.dir/home/iwo/pico/pico-sdk/src/common/pico_time/time.c.obj
 *fill*         0x0000000010009c7f        0x1 
 .rodata.sleep_until.str1.4
                0x0000000010009c80       0x4d CMakeFiles/main.dir/home/iwo/pico/pico-sdk/src/common/pico_time/time.c.obj
 *fill*         0x0000000010009ccd        0x3 
 .rodata.__func__.5701
                0x0000000010009cd0       0x15 CMakeFiles/main.dir/home/iwo/pico/pico-sdk/src/common/pico_time/time.c.obj
 *fill*         0x0000000010009ce5        0x3 
 .rodata.__func__.6007
                0x0000000010009ce8        0xc CMakeFiles/main.dir/home/iwo/pico/pico-sdk/src/common/pico_time/time.c.obj
 .rodata.__func__.6014
                0x0000000010009cf4       0x12 CMakeFiles/main.dir/home/iwo/pico/pico-sdk/src/common/pico_time/time.c.obj
 *fill*         0x0000000010009d06        0x2 
 .rodata.__func__.6030
                0x0000000010009d08        0xf CMakeFiles/main.dir/home/iwo/pico/pico-sdk/src/common/pico_time/time.c.obj
 *fill*         0x0000000010009d17        0x1 
 .rodata.__func__.6052
                0x0000000010009d18        0xd CMakeFiles/main.dir/home/iwo/pico/pico-sdk/src/common/pico_time/time.c.obj
 *fill*         0x0000000010009d25        0x3 
 .rodata.__func__.6276
                0x0000000010009d28        0xa CMakeFiles/main.dir/home/iwo/pico/pico-sdk/src/common/pico_time/time.c.obj
 *fill*         0x0000000010009d32        0x2 
 .rodata.__func__.6281
                0x0000000010009d34       0x12 CMakeFiles/main.dir/home/iwo/pico/pico-sdk/src/common/pico_time/time.c.obj
 *fill*         0x0000000010009d46        0x2 
 .rodata.__func__.6296
                0x0000000010009d48       0x17 CMakeFiles/main.dir/home/iwo/pico/pico-sdk/src/common/pico_time/time.c.obj
 *fill*         0x0000000010009d5f        0x1 
 .rodata.__func__.6307
                0x0000000010009d60       0x15 CMakeFiles/main.dir/home/iwo/pico/pico-sdk/src/common/pico_time/time.c.obj
 *fill*         0x0000000010009d75        0x3 
 .rodata.__func__.6324
                0x0000000010009d78       0x1a CMakeFiles/main.dir/home/iwo/pico/pico-sdk/src/common/pico_time/time.c.obj
 *fill*         0x0000000010009d92        0x2 
 .rodata.__func__.6363
                0x0000000010009d94       0x18 CMakeFiles/main.dir/home/iwo/pico/pico-sdk/src/common/pico_time/time.c.obj
 .rodata.hardware_alarm_claim.str1.4
                0x0000000010009dac       0x22 CMakeFiles/main.dir/home/iwo/pico/pico-sdk/src/rp2_common/hardware_timer/timer.c.obj
 *fill*         0x0000000010009dce        0x2 
 .rodata.hardware_alarm_set_target.str1.4
                0x0000000010009dd0       0x62 CMakeFiles/main.dir/home/iwo/pico/pico-sdk/src/rp2_common/hardware_timer/timer.c.obj
 *fill*         0x0000000010009e32        0x2 
 .rodata.__func__.4559
                0x0000000010009e34       0x1a CMakeFiles/main.dir/home/iwo/pico/pico-sdk/src/rp2_common/hardware_timer/timer.c.obj
 *fill*         0x0000000010009e4e        0x2 
 .rodata.str1.4
                0x0000000010009e50       0x89 CMakeFiles/main.dir/home/iwo/pico/pico-sdk/src/common/pico_sync/mutex.c.obj
                                         0xe9 (size before relaxing)
 *fill*         0x0000000010009ed9        0x3 
 .rodata.__func__.4193
                0x0000000010009edc       0x15 CMakeFiles/main.dir/home/iwo/pico/pico-sdk/src/common/pico_sync/mutex.c.obj
 *fill*         0x0000000010009ef1        0x3 
 .rodata.__func__.4681
                0x0000000010009ef4       0x18 CMakeFiles/main.dir/home/iwo/pico/pico-sdk/src/common/pico_sync/mutex.c.obj
 .rodata.__func__.4700
                0x0000000010009f0c        0xb CMakeFiles/main.dir/home/iwo/pico/pico-sdk/src/common/pico_sync/mutex.c.obj
 .rodata.ph_add_child_node.str1.4
                0x0000000010009f17       0x92 CMakeFiles/main.dir/home/iwo/pico/pico-sdk/src/common/pico_util/pheap.c.obj
 *fill*         0x0000000010009f17        0x1 
 .rodata.ph_remove_any_head.str1.4
                0x0000000010009f18       0x8c CMakeFiles/main.dir/home/iwo/pico/pico-sdk/src/common/pico_util/pheap.c.obj
 .rodata.ph_remove_and_free_node.str1.4
                0x0000000010009fa4       0x26 CMakeFiles/main.dir/home/iwo/pico/pico-sdk/src/common/pico_util/pheap.c.obj
 *fill*         0x0000000010009fca        0x2 
 .rodata.__func__.5708
                0x0000000010009fcc        0xc CMakeFiles/main.dir/home/iwo/pico/pico-sdk/src/common/pico_util/pheap.c.obj
 .rodata.__func__.5715
                0x0000000010009fd8       0x12 CMakeFiles/main.dir/home/iwo/pico/pico-sdk/src/common/pico_util/pheap.c.obj
 *fill*         0x0000000010009fea        0x2 
 .rodata.__func__.5801
                0x0000000010009fec       0x13 CMakeFiles/main.dir/home/iwo/pico/pico-sdk/src/common/pico_util/pheap.c.obj
 *fill*         0x0000000010009fff        0x1 
 .rodata.__func__.5819
                0x000000001000a000       0x18 CMakeFiles/main.dir/home/iwo/pico/pico-sdk/src/common/pico_util/pheap.c.obj
 .rodata.__assert_func.str1.4
                0x000000001000a018       0x3f CMakeFiles/main.dir/home/iwo/pico/pico-sdk/src/rp2_common/pico_runtime/runtime.c.obj
                                         0x43 (size before relaxing)
 *fill*         0x000000001000a057        0x1 
 .rodata.runtime_init.str1.4
                0x000000001000a058       0x5e CMakeFiles/main.dir/home/iwo/pico/pico-sdk/src/rp2_common/pico_runtime/runtime.c.obj
 *fill*         0x000000001000a0b6        0x2 
 .rodata.panic.str1.4
                0x000000001000a0b8       0x12 CMakeFiles/main.dir/home/iwo/pico/pico-sdk/src/rp2_common/pico_runtime/runtime.c.obj
 *fill*         0x000000001000a0ca        0x2 
 .rodata.__func__.5816
                0x000000001000a0cc        0xd CMakeFiles/main.dir/home/iwo/pico/pico-sdk/src/rp2_common/pico_runtime/runtime.c.obj
 *fill*         0x000000001000a0d9        0x3 
 .rodata.clock_configure.str1.4
                0x000000001000a0dc       0x54 CMakeFiles/main.dir/home/iwo/pico/pico-sdk/src/rp2_common/hardware_clocks/clocks.c.obj
 .rodata.__func__.4688
                0x000000001000a130       0x10 CMakeFiles/main.dir/home/iwo/pico/pico-sdk/src/rp2_common/hardware_clocks/clocks.c.obj
 .rodata.make_branch.str1.4
                0x000000001000a140       0x4a CMakeFiles/main.dir/home/iwo/pico/pico-sdk/src/rp2_common/hardware_irq/irq.c.obj
 *fill*         0x000000001000a18a        0x2 
 .rodata.irq_set_exclusive_handler.str1.4
                0x000000001000a18c       0x36 CMakeFiles/main.dir/home/iwo/pico/pico-sdk/src/rp2_common/hardware_irq/irq.c.obj
 *fill*         0x000000001000a1c2        0x2 
 .rodata.irq_add_shared_handler.str1.4
                0x000000001000a1c4       0xd9 CMakeFiles/main.dir/home/iwo/pico/pico-sdk/src/rp2_common/hardware_irq/irq.c.obj
 *fill*         0x000000001000a29d        0x3 
 .rodata.irq_remove_handler.str1.4
                0x000000001000a2a0       0x2a CMakeFiles/main.dir/home/iwo/pico/pico-sdk/src/rp2_common/hardware_irq/irq.c.obj
 *fill*         0x000000001000a2ca        0x2 
 .rodata.irq_add_tail_to_free_list.str1.4
                0x000000001000a2cc       0x32 CMakeFiles/main.dir/home/iwo/pico/pico-sdk/src/rp2_common/hardware_irq/irq.c.obj
                                         0x3a (size before relaxing)
 *fill*         0x000000001000a2fe        0x2 
 .rodata.__func__.4733
                0x000000001000a300       0x1a CMakeFiles/main.dir/home/iwo/pico/pico-sdk/src/rp2_common/hardware_irq/irq.c.obj
 *fill*         0x000000001000a31a        0x2 
 .rodata.__func__.4747
                0x000000001000a31c        0xc CMakeFiles/main.dir/home/iwo/pico/pico-sdk/src/rp2_common/hardware_irq/irq.c.obj
 .rodata.__func__.4755
                0x000000001000a328       0x17 CMakeFiles/main.dir/home/iwo/pico/pico-sdk/src/rp2_common/hardware_irq/irq.c.obj
 *fill*         0x000000001000a33f        0x1 
 .rodata.__func__.4759
                0x000000001000a340        0xf CMakeFiles/main.dir/home/iwo/pico/pico-sdk/src/rp2_common/hardware_irq/irq.c.obj
 *fill*         0x000000001000a34f        0x1 
 .rodata.__func__.4798
                0x000000001000a350       0x13 CMakeFiles/main.dir/home/iwo/pico/pico-sdk/src/rp2_common/hardware_irq/irq.c.obj
 *fill*         0x000000001000a363        0x1 
 .rodata.__func__.4821
                0x000000001000a364       0x1a CMakeFiles/main.dir/home/iwo/pico/pico-sdk/src/rp2_common/hardware_irq/irq.c.obj
 *fill*         0x000000001000a37e        0x2 
 .rodata.pll_init.str1.4
                0x000000001000a380       0xd7 CMakeFiles/main.dir/home/iwo/pico/pico-sdk/src/rp2_common/hardware_pll/pll.c.obj
 *fill*         0x000000001000a457        0x1 
 .rodata.__func__.4408
                0x000000001000a458        0x9 CMakeFiles/main.dir/home/iwo/pico/pico-sdk/src/rp2_common/hardware_pll/pll.c.obj
 *fill*         0x000000001000a461        0x3 
 .rodata._ftoa.str1.4
                0x000000001000a464       0x15 CMakeFiles/main.dir/home/iwo/pico/pico-sdk/src/rp2_common/pico_printf/printf.c.obj
 *fill*         0x000000001000a479        0x3 
 .rodata._vsnprintf
                0x000000001000a47c      0x1e0 CMakeFiles/main.dir/home/iwo/pico/pico-sdk/src/rp2_common/pico_printf/printf.c.obj
 *fill*         0x000000001000a65c        0x4 
 .rodata.pow10.5422
                0x000000001000a660       0x50 CMakeFiles/main.dir/home/iwo/pico/pico-sdk/src/rp2_common/pico_printf/printf.c.obj
 .rodata.__aeabi_double_init.str1.4
                0x000000001000a6b0       0xa5 CMakeFiles/main.dir/home/iwo/pico/pico-sdk/src/rp2_common/pico_double/double_init_rom.c.obj
 *fill*         0x000000001000a755        0x3 
 .rodata.__func__.4719
                0x000000001000a758       0x14 CMakeFiles/main.dir/home/iwo/pico/pico-sdk/src/rp2_common/pico_double/double_init_rom.c.obj
 .rodata.__aeabi_float_init.str1.4
                0x000000001000a76c       0x77 CMakeFiles/main.dir/home/iwo/pico/pico-sdk/src/rp2_common/pico_float/float_init_rom.c.obj
                                         0x7b (size before relaxing)
 *fill*         0x000000001000a7e3        0x1 
 .rodata.__func__.4720
                0x000000001000a7e4       0x13 CMakeFiles/main.dir/home/iwo/pico/pico-sdk/src/rp2_common/pico_float/float_init_rom.c.obj
 *fill*         0x000000001000a7f7        0x1 
 .rodata.__wrap_malloc.str1.4
                0x000000001000a7f8        0xe CMakeFiles/main.dir/home/iwo/pico/pico-sdk/src/rp2_common/pico_malloc/pico_malloc.c.obj
 *fill*         0x000000001000a806        0x2 
 .rodata.str1.4
                0x000000001000a808       0x3c CMakeFiles/main.dir/home/iwo/pico/pico-sdk/src/rp2_common/pico_standard_link/binary_info.c.obj
 .rodata.__bi_44
                0x000000001000a844        0xc CMakeFiles/main.dir/home/iwo/pico/pico-sdk/src/rp2_common/pico_standard_link/binary_info.c.obj
 .rodata.__bi_75
                0x000000001000a850        0xc CMakeFiles/main.dir/home/iwo/pico/pico-sdk/src/rp2_common/pico_standard_link/binary_info.c.obj
 .rodata.__bi_81
                0x000000001000a85c        0xc CMakeFiles/main.dir/home/iwo/pico/pico-sdk/src/rp2_common/pico_standard_link/binary_info.c.obj
 .rodata.crlf_str.5901
                0x000000001000a868        0x2 CMakeFiles/main.dir/home/iwo/pico/pico-sdk/src/rp2_common/pico_stdio/stdio.c.obj
 *fill*         0x000000001000a86a        0x2 
 .rodata._resetd_driver
                0x000000001000a86c       0x18 CMakeFiles/main.dir/home/iwo/pico/pico-sdk/src/rp2_common/pico_stdio_usb/reset_interface.c.obj
 .rodata.stdio_usb_init.str1.4
                0x000000001000a884       0x5e CMakeFiles/main.dir/home/iwo/pico/pico-sdk/src/rp2_common/pico_stdio_usb/stdio_usb.c.obj
 .rodata.str1.4
                0x000000001000a884       0x13 CMakeFiles/main.dir/home/iwo/pico/pico-sdk/src/rp2_common/pico_stdio_usb/stdio_usb.c.obj
 *fill*         0x000000001000a897        0x1 
 .rodata.__bi_93.7216
                0x000000001000a898        0xc CMakeFiles/main.dir/home/iwo/pico/pico-sdk/src/rp2_common/pico_stdio_usb/stdio_usb.c.obj
 .rodata.__func__.5424
                0x000000001000a8a4       0x15 CMakeFiles/main.dir/home/iwo/pico/pico-sdk/src/rp2_common/pico_stdio_usb/stdio_usb.c.obj
 *fill*         0x000000001000a8b9        0x3 
 .rodata.str1.4
                0x000000001000a8bc       0x2a CMakeFiles/main.dir/home/iwo/pico/pico-sdk/src/rp2_common/pico_stdio_usb/stdio_usb_descriptors.c.obj
 *fill*         0x000000001000a8e6        0x2 
 .rodata.usbd_desc_cfg
                0x000000001000a8e8       0x54 CMakeFiles/main.dir/home/iwo/pico/pico-sdk/src/rp2_common/pico_stdio_usb/stdio_usb_descriptors.c.obj
 .rodata.usbd_desc_device
                0x000000001000a93c       0x12 CMakeFiles/main.dir/home/iwo/pico/pico-sdk/src/rp2_common/pico_stdio_usb/stdio_usb_descriptors.c.obj
 *fill*         0x000000001000a94e        0x2 
 .rodata.usbd_desc_str
                0x000000001000a950       0x18 CMakeFiles/main.dir/home/iwo/pico/pico-sdk/src/rp2_common/pico_stdio_usb/stdio_usb_descriptors.c.obj
 .rodata._hw_endpoint_alloc.str1.4
                0x000000001000a968       0xb5 CMakeFiles/main.dir/home/iwo/pico/pico-sdk/lib/tinyusb/src/portable/raspberrypi/rp2040/dcd_rp2040.c.obj
 *fill*         0x000000001000aa1d        0x3 
 .rodata.dcd_rp2040_irq.str1.4
                0x000000001000aa20       0x14 CMakeFiles/main.dir/home/iwo/pico/pico-sdk/lib/tinyusb/src/portable/raspberrypi/rp2040/dcd_rp2040.c.obj
 .rodata.dcd_int_enable.str1.4
                0x000000001000aa34        0xc CMakeFiles/main.dir/home/iwo/pico/pico-sdk/lib/tinyusb/src/portable/raspberrypi/rp2040/dcd_rp2040.c.obj
 .rodata.__func__.6888
                0x000000001000aa40       0x13 CMakeFiles/main.dir/home/iwo/pico/pico-sdk/lib/tinyusb/src/portable/raspberrypi/rp2040/dcd_rp2040.c.obj
 *fill*         0x000000001000aa53        0x1 
 .rodata.__func__.6941
                0x000000001000aa54        0x9 CMakeFiles/main.dir/home/iwo/pico/pico-sdk/lib/tinyusb/src/portable/raspberrypi/rp2040/dcd_rp2040.c.obj
 *fill*         0x000000001000aa5d        0x3 
 .rodata.__func__.6945
                0x000000001000aa60        0xf CMakeFiles/main.dir/home/iwo/pico/pico-sdk/lib/tinyusb/src/portable/raspberrypi/rp2040/dcd_rp2040.c.obj
 *fill*         0x000000001000aa6f        0x1 
 .rodata.__func__.6954
                0x000000001000aa70       0x10 CMakeFiles/main.dir/home/iwo/pico/pico-sdk/lib/tinyusb/src/portable/raspberrypi/rp2040/dcd_rp2040.c.obj
 .rodata.__func__.6973
                0x000000001000aa80        0xe CMakeFiles/main.dir/home/iwo/pico/pico-sdk/lib/tinyusb/src/portable/raspberrypi/rp2040/dcd_rp2040.c.obj
 *fill*         0x000000001000aa8e        0x2 
 .rodata.__func__.6983
                0x000000001000aa90        0xe CMakeFiles/main.dir/home/iwo/pico/pico-sdk/lib/tinyusb/src/portable/raspberrypi/rp2040/dcd_rp2040.c.obj
 *fill*         0x000000001000aa9e        0x2 
 .rodata.sync_ep_buffer.str1.4
                0x000000001000aaa0       0x91 CMakeFiles/main.dir/home/iwo/pico/pico-sdk/lib/tinyusb/src/portable/raspberrypi/rp2040/rp2040_usb.c.obj
 *fill*         0x000000001000ab31        0x3 
 .rodata._hw_endpoint_buffer_control_update32.str1.4
                0x000000001000ab34       0x1f CMakeFiles/main.dir/home/iwo/pico/pico-sdk/lib/tinyusb/src/portable/raspberrypi/rp2040/rp2040_usb.c.obj
 *fill*         0x000000001000ab53        0x1 
 .rodata.hw_endpoint_xfer_start.str1.4
                0x000000001000ab54       0x38 CMakeFiles/main.dir/home/iwo/pico/pico-sdk/lib/tinyusb/src/portable/raspberrypi/rp2040/rp2040_usb.c.obj
 .rodata.hw_endpoint_xfer_continue.str1.4
                0x000000001000ab8c       0x29 CMakeFiles/main.dir/home/iwo/pico/pico-sdk/lib/tinyusb/src/portable/raspberrypi/rp2040/rp2040_usb.c.obj
 *fill*         0x000000001000abb5        0x3 
 .rodata.str1.4
                0x000000001000abb8        0x7 CMakeFiles/main.dir/home/iwo/pico/pico-sdk/lib/tinyusb/src/portable/raspberrypi/rp2040/rp2040_usb.c.obj
 *fill*         0x000000001000abbf        0x1 
 .rodata.__func__.6655
                0x000000001000abc0        0xf CMakeFiles/main.dir/home/iwo/pico/pico-sdk/lib/tinyusb/src/portable/raspberrypi/rp2040/rp2040_usb.c.obj
 *fill*         0x000000001000abcf        0x1 
 .rodata.process_set_config.str1.4
                0x000000001000abd0       0x17 CMakeFiles/main.dir/home/iwo/pico/pico-sdk/lib/tinyusb/src/device/usbd.c.obj
 *fill*         0x000000001000abe7        0x1 
 .rodata.process_get_descriptor
                0x000000001000abe8       0x40 CMakeFiles/main.dir/home/iwo/pico/pico-sdk/lib/tinyusb/src/device/usbd.c.obj
 .rodata.process_control_request
                0x000000001000ac28       0x28 CMakeFiles/main.dir/home/iwo/pico/pico-sdk/lib/tinyusb/src/device/usbd.c.obj
 .rodata.tud_task
                0x000000001000ac50       0x24 CMakeFiles/main.dir/home/iwo/pico/pico-sdk/lib/tinyusb/src/device/usbd.c.obj
 .rodata.__func__.6564
                0x000000001000ac74       0x10 CMakeFiles/main.dir/home/iwo/pico/pico-sdk/lib/tinyusb/src/device/usbd.c.obj
 .rodata.__func__.7362
                0x000000001000ac84        0x9 CMakeFiles/main.dir/home/iwo/pico/pico-sdk/lib/tinyusb/src/device/usbd.c.obj
 *fill*         0x000000001000ac8d        0x3 
 .rodata.__func__.7383
                0x000000001000ac90       0x18 CMakeFiles/main.dir/home/iwo/pico/pico-sdk/lib/tinyusb/src/device/usbd.c.obj
 .rodata.__func__.7426
                0x000000001000aca8       0x13 CMakeFiles/main.dir/home/iwo/pico/pico-sdk/lib/tinyusb/src/device/usbd.c.obj
 *fill*         0x000000001000acbb        0x1 
 .rodata.__func__.7461
                0x000000001000acbc       0x17 CMakeFiles/main.dir/home/iwo/pico/pico-sdk/lib/tinyusb/src/device/usbd.c.obj
 *fill*         0x000000001000acd3        0x1 
 .rodata.__func__.7515
                0x000000001000acd4       0x14 CMakeFiles/main.dir/home/iwo/pico/pico-sdk/lib/tinyusb/src/device/usbd.c.obj
 .rodata.__func__.7529
                0x000000001000ace8        0xf CMakeFiles/main.dir/home/iwo/pico/pico-sdk/lib/tinyusb/src/device/usbd.c.obj
 *fill*         0x000000001000acf7        0x1 
 .rodata.__func__.7552
                0x000000001000acf8        0xf CMakeFiles/main.dir/home/iwo/pico/pico-sdk/lib/tinyusb/src/device/usbd.c.obj
 *fill*         0x000000001000ad07        0x1 
 .rodata._usbd_driver
                0x000000001000ad08       0x18 CMakeFiles/main.dir/home/iwo/pico/pico-sdk/lib/tinyusb/src/device/usbd.c.obj
 .rodata.tud_control_xfer.str1.4
                0x000000001000ad20       0x17 CMakeFiles/main.dir/home/iwo/pico/pico-sdk/lib/tinyusb/src/device/usbd_control.c.obj
 .rodata.__func__.7277
                0x000000001000ad20       0x11 CMakeFiles/main.dir/home/iwo/pico/pico-sdk/lib/tinyusb/src/device/usbd_control.c.obj
 *fill*         0x000000001000ad31        0x3 
 .rodata.__func__.7304
                0x000000001000ad34       0x15 CMakeFiles/main.dir/home/iwo/pico/pico-sdk/lib/tinyusb/src/device/usbd_control.c.obj
 .rodata.tud_cdc_n_write_flush.str1.4
                0x000000001000ad49       0x17 CMakeFiles/main.dir/home/iwo/pico/pico-sdk/lib/tinyusb/src/class/cdc/cdc_device.c.obj
 *fill*         0x000000001000ad49        0x3 
 .rodata.__func__.7213