Archive member included to satisfy reference by file (symbol)

examples/libexamples.a(OLED_1in3_C_test.c.obj)
                              CMakeFiles/main.dir/main.c.obj (OLED_1in3_C_test)
examples/libexamples.a(ImageData.c.obj)
                              examples/libexamples.a(OLED_1in3_C_test.c.obj) (gImage_1inch3_C_1)
lib/OLED/libOLED.a(OLED_1in3_c.c.obj)
                              examples/libexamples.a(OLED_1in3_C_test.c.obj) (OLED_1in3_C_Init)
lib/GUI/libGUI.a(GUI_Paint.c.obj)
                              examples/libexamples.a(OLED_1in3_C_test.c.obj) (Paint_NewImage)
lib/Fonts/libFonts.a(font12.c.obj)
                              examples/libexamples.a(OLED_1in3_C_test.c.obj) (Font12)
lib/Fonts/libFonts.a(font12CN.c.obj)
                              examples/libexamples.a(OLED_1in3_C_test.c.obj) (Font12CN)
lib/Fonts/libFonts.a(font16.c.obj)
                              examples/libexamples.a(OLED_1in3_C_test.c.obj) (Font16)
lib/Fonts/libFonts.a(font24CN.c.obj)
                              examples/libexamples.a(OLED_1in3_C_test.c.obj) (Font24CN)
lib/Fonts/libFonts.a(font8.c.obj)
                              examples/libexamples.a(OLED_1in3_C_test.c.obj) (Font8)
lib/Config/libConfig.a(DEV_Config.c.obj)
                              lib/OLED/libOLED.a(OLED_1in3_c.c.obj) (DEV_Digital_Write)
/usr/lib/gcc/arm-none-eabi/9.2.1/thumb/v6-m/nofp/libgcc.a(_dvmd_tls.o)
                              CMakeFiles/main.dir/home/iwo/pico/pico-sdk/src/rp2_common/pico_divider/divider.S.obj (__aeabi_idiv0)
/usr/lib/gcc/arm-none-eabi/9.2.1/../../../arm-none-eabi/lib/thumb/v6-m/nofp/libc.a(lib_a-atexit.o)
                              /usr/lib/gcc/arm-none-eabi/9.2.1/../../../arm-none-eabi/lib/thumb/v6-m/nofp/crt0.o (atexit)
/usr/lib/gcc/arm-none-eabi/9.2.1/../../../arm-none-eabi/lib/thumb/v6-m/nofp/libc.a(lib_a-calloc.o)
                              CMakeFiles/main.dir/home/iwo/pico/pico-sdk/src/rp2_common/pico_malloc/pico_malloc.c.obj (calloc)
/usr/lib/gcc/arm-none-eabi/9.2.1/../../../arm-none-eabi/lib/thumb/v6-m/nofp/libc.a(lib_a-callocr.o)
                              /usr/lib/gcc/arm-none-eabi/9.2.1/../../../arm-none-eabi/lib/thumb/v6-m/nofp/libc.a(lib_a-calloc.o) (_calloc_r)
/usr/lib/gcc/arm-none-eabi/9.2.1/../../../arm-none-eabi/lib/thumb/v6-m/nofp/libc.a(lib_a-fini.o)
                              /usr/lib/gcc/arm-none-eabi/9.2.1/../../../arm-none-eabi/lib/thumb/v6-m/nofp/crt0.o (__libc_fini_array)
/usr/lib/gcc/arm-none-eabi/9.2.1/../../../arm-none-eabi/lib/thumb/v6-m/nofp/libc.a(lib_a-impure.o)
                              /usr/lib/gcc/arm-none-eabi/9.2.1/../../../arm-none-eabi/lib/thumb/v6-m/nofp/libc.a(lib_a-calloc.o) (_impure_ptr)
/usr/lib/gcc/arm-none-eabi/9.2.1/../../../arm-none-eabi/lib/thumb/v6-m/nofp/libc.a(lib_a-init.o)
                              /usr/lib/gcc/arm-none-eabi/9.2.1/../../../arm-none-eabi/lib/thumb/v6-m/nofp/crt0.o (__libc_init_array)
/usr/lib/gcc/arm-none-eabi/9.2.1/../../../arm-none-eabi/lib/thumb/v6-m/nofp/libc.a(lib_a-malloc.o)
                              CMakeFiles/main.dir/home/iwo/pico/pico-sdk/src/rp2_common/pico_malloc/pico_malloc.c.obj (malloc)
/usr/lib/gcc/arm-none-eabi/9.2.1/../../../arm-none-eabi/lib/thumb/v6-m/nofp/libc.a(lib_a-mallocr.o)
                              /usr/lib/gcc/arm-none-eabi/9.2.1/../../../arm-none-eabi/lib/thumb/v6-m/nofp/libc.a(lib_a-callocr.o) (_malloc_r)
/usr/lib/gcc/arm-none-eabi/9.2.1/../../../arm-none-eabi/lib/thumb/v6-m/nofp/libc.a(lib_a-mlock.o)
                              /usr/lib/gcc/arm-none-eabi/9.2.1/../../../arm-none-eabi/lib/thumb/v6-m/nofp/libc.a(lib_a-mallocr.o) (__malloc_lock)
/usr/lib/gcc/arm-none-eabi/9.2.1/../../../arm-none-eabi/lib/thumb/v6-m/nofp/libc.a(lib_a-sbrkr.o)
                              /usr/lib/gcc/arm-none-eabi/9.2.1/../../../arm-none-eabi/lib/thumb/v6-m/nofp/libc.a(lib_a-mallocr.o) (_sbrk_r)
/usr/lib/gcc/arm-none-eabi/9.2.1/../../../arm-none-eabi/lib/thumb/v6-m/nofp/libc.a(lib_a-strlen-stub.o)
                              CMakeFiles/main.dir/home/iwo/pico/pico-sdk/src/rp2_common/pico_stdio/stdio.c.obj (strlen)
/usr/lib/gcc/arm-none-eabi/9.2.1/../../../arm-none-eabi/lib/thumb/v6-m/nofp/libc.a(lib_a-__atexit.o)
                              /usr/lib/gcc/arm-none-eabi/9.2.1/../../../arm-none-eabi/lib/thumb/v6-m/nofp/libc.a(lib_a-atexit.o) (__register_exitproc)
/usr/lib/gcc/arm-none-eabi/9.2.1/../../../arm-none-eabi/lib/thumb/v6-m/nofp/libc.a(lib_a-freer.o)
                              /usr/lib/gcc/arm-none-eabi/9.2.1/../../../arm-none-eabi/lib/thumb/v6-m/nofp/libc.a(lib_a-malloc.o) (_free_r)
/usr/lib/gcc/arm-none-eabi/9.2.1/../../../arm-none-eabi/lib/thumb/v6-m/nofp/libc.a(lib_a-reent.o)
                              /usr/lib/gcc/arm-none-eabi/9.2.1/../../../arm-none-eabi/lib/thumb/v6-m/nofp/libc.a(lib_a-sbrkr.o) (errno)

Allocating common symbols
Common symbol       size              file

[...]
Memory Configuration

Name             Origin             Length             Attributes
FLASH            0x0000000010000000 0x0000000000200000 xr
RAM              0x0000000020000000 0x0000000000040000 xrw
SCRATCH_X        0x0000000020040000 0x0000000000001000 xrw
SCRATCH_Y        0x0000000020041000 0x0000000000001000 xrw
*default*        0x0000000000000000 0xffffffffffffffff

Linker script and memory map

LOAD /usr/lib/gcc/arm-none-eabi/9.2.1/thumb/v6-m/nofp/crti.o
LOAD /usr/lib/gcc/arm-none-eabi/9.2.1/thumb/v6-m/nofp/crtbegin.o
LOAD /usr/lib/gcc/arm-none-eabi/9.2.1/../../../arm-none-eabi/lib/thumb/v6-m/nofp/crt0.o

.flash_begin    0x0000000010000000        0x0
                0x0000000010000000                __flash_binary_start = .

.boot2          0x0000000010000000      0x100
                0x0000000010000000                __boot2_start__ = .
 *(.boot2)
 .boot2         0x0000000010000000      0x100 /tmp/cc01Fkez.o
                0x0000000010000100                __boot2_end__ = .
                0x0000000000000001                ASSERT (((__boot2_end__ - __boot2_start__) == 0x100), ERROR: Pico second stage bootloader must be 256 bytes in size)

.text           0x0000000010000100     0xa1e8
                0x0000000010000100                __logical_binary_start = .
 *(.vectors)
 .vectors       0x0000000010000100       0xd4 CMakeFiles/main.dir/home/iwo/pico/pico-sdk/src/rp2_common/pico_standard_link/crt0.S.obj
                0x0000000010000100                __vectors
                0x0000000010000100                __VECTOR_TABLE
                0x00000000100001c0                isr_invalid
                0x00000000100001c0                __default_isrs_start
                0x00000000100001c2                isr_nmi
                0x00000000100001c4                isr_hardfault
                0x00000000100001c6                isr_svcall
                0x00000000100001c8                isr_pendsv
                0x00000000100001ca                isr_systick
                0x00000000100001cc                isr_irq30
                0x00000000100001cc                __unhandled_user_irq
                0x00000000100001cc                isr_irq13
                0x00000000100001cc                isr_irq27
                0x00000000100001cc                isr_irq31
                0x00000000100001cc                isr_irq5
                0x00000000100001cc                isr_irq11
                0x00000000100001cc                isr_irq23
                0x00000000100001cc                isr_irq18
                0x00000000100001cc                isr_irq28
                0x00000000100001cc                isr_irq19
                0x00000000100001cc                isr_irq0
                0x00000000100001cc                isr_irq6
                0x00000000100001cc                isr_irq22
                0x00000000100001cc                isr_irq17
                0x00000000100001cc                isr_irq14
                0x00000000100001cc                isr_irq2
                0x00000000100001cc                isr_irq10
                0x00000000100001cc                isr_irq8
                0x00000000100001cc                isr_irq24
                0x00000000100001cc                isr_irq1
                0x00000000100001cc                isr_irq7
                0x00000000100001cc                isr_irq21
                0x00000000100001cc                isr_irq20
                0x00000000100001cc                isr_irq15
                0x00000000100001cc                isr_irq25
                0x00000000100001cc                isr_irq4
                0x00000000100001cc                isr_irq16
                0x00000000100001cc                isr_irq29
                0x00000000100001cc                isr_irq26
                0x00000000100001cc                __default_isrs_end
                0x00000000100001cc                isr_irq3
                0x00000000100001cc                isr_irq12
                0x00000000100001cc                isr_irq9
                0x00000000100001d2                unhandled_user_irq_num_in_r0
 *(.binary_info_header)
 .binary_info_header
                0x00000000100001d4       0x14 CMakeFiles/main.dir/home/iwo/pico/pico-sdk/src/rp2_common/pico_standard_link/crt0.S.obj
                0x00000000100001e8                __binary_info_header_end = .
 *(.reset)
 .reset         0x00000000100001e8       0xa8 CMakeFiles/main.dir/home/iwo/pico/pico-sdk/src/rp2_common/pico_standard_link/crt0.S.obj
                0x00000000100001e8                _entry_point
                0x0000000010000266                __get_current_exception
 .reset         0x0000000010000290       0x30 CMakeFiles/main.dir/home/iwo/pico/pico-sdk/src/rp2_common/pico_standard_link/binary_info.c.obj
 *(.init)
 .init          0x00000000100002c0        0x4 /usr/lib/gcc/arm-none-eabi/9.2.1/thumb/v6-m/nofp/crti.o
                0x00000000100002c0                _init
 *(EXCLUDE_FILE(*libm.a: *libc.a:*lib_a-mem*.o *libgcc.a:) .text*)
 .text          0x00000000100002c4       0x98 /usr/lib/gcc/arm-none-eabi/9.2.1/thumb/v6-m/nofp/crtbegin.o
 .text.startup.main
                0x000000001000035c        0xc CMakeFiles/main.dir/main.c.obj
                0x000000001000035c                main
 .text.gpio_set_function
                0x0000000010000368       0x30 CMakeFiles/main.dir/home/iwo/pico/pico-sdk/src/rp2_common/hardware_gpio/gpio.c.obj
                0x0000000010000368                gpio_set_function
 .text.gpio_set_pulls
                0x0000000010000398       0x30 CMakeFiles/main.dir/home/iwo/pico/pico-sdk/src/rp2_common/hardware_gpio/gpio.c.obj
                0x0000000010000398                gpio_set_pulls
 .text.gpio_init
                0x00000000100003c8       0x3c CMakeFiles/main.dir/home/iwo/pico/pico-sdk/src/rp2_common/hardware_gpio/gpio.c.obj
                0x00000000100003c8                gpio_init
 .text.hw_claim_or_assert
                0x0000000010000404       0x48 CMakeFiles/main.dir/home/iwo/pico/pico-sdk/src/rp2_common/hardware_claim/claim.c.obj
                0x0000000010000404                hw_claim_or_assert
 .text.hw_claim_unused_from_range
                0x000000001000044c       0x9c CMakeFiles/main.dir/home/iwo/pico/pico-sdk/src/rp2_common/hardware_claim/claim.c.obj
                0x000000001000044c                hw_claim_unused_from_range
 .text.running_on_fpga
                0x00000000100004e8       0x10 CMakeFiles/main.dir/home/iwo/pico/pico-sdk/src/rp2_common/pico_platform/platform.c.obj
                0x00000000100004e8                running_on_fpga
 .text.spin_locks_reset
                0x00000000100004f8       0x1c CMakeFiles/main.dir/home/iwo/pico/pico-sdk/src/rp2_common/hardware_sync/sync.c.obj
                0x00000000100004f8                spin_locks_reset
 .text.next_striped_spin_lock_num
                0x0000000010000514       0x18 CMakeFiles/main.dir/home/iwo/pico/pico-sdk/src/rp2_common/hardware_sync/sync.c.obj
                0x0000000010000514                next_striped_spin_lock_num
 .text.spin_lock_claim_unused
                0x000000001000052c       0x20 CMakeFiles/main.dir/home/iwo/pico/pico-sdk/src/rp2_common/hardware_sync/sync.c.obj
                0x000000001000052c                spin_lock_claim_unused
 .text.uart_init
                0x000000001000054c       0xe4 CMakeFiles/main.dir/home/iwo/pico/pico-sdk/src/rp2_common/hardware_uart/uart.c.obj
                0x000000001000054c                uart_init
 .text.timer_pool_entry_comparator
                0x0000000010000630       0x34 CMakeFiles/main.dir/home/iwo/pico/pico-sdk/src/common/pico_time/time.c.obj
                0x0000000010000630                timer_pool_entry_comparator
 .text.sleep_until_callback
                0x0000000010000664       0x30 CMakeFiles/main.dir/home/iwo/pico/pico-sdk/src/common/pico_time/time.c.obj
 .text.alarm_pool_add_alarm_at.constprop.0
                0x0000000010000694      0x128 CMakeFiles/main.dir/home/iwo/pico/pico-sdk/src/common/pico_time/time.c.obj
 .text.add_alarm_under_lock
                0x00000000100007bc      0x108 CMakeFiles/main.dir/home/iwo/pico/pico-sdk/src/common/pico_time/time.c.obj
 .text.alarm_pool_alarm_callback
                0x00000000100008c4      0x1c8 CMakeFiles/main.dir/home/iwo/pico/pico-sdk/src/common/pico_time/time.c.obj
 .text.alarm_pool_init_default
                0x0000000010000a8c       0x64 CMakeFiles/main.dir/home/iwo/pico/pico-sdk/src/common/pico_time/time.c.obj
                0x0000000010000a8c                alarm_pool_init_default
 .text.alarm_pool_get_default
                0x0000000010000af0        0x8 CMakeFiles/main.dir/home/iwo/pico/pico-sdk/src/common/pico_time/time.c.obj
                0x0000000010000af0                alarm_pool_get_default
 .text.alarm_pool_add_alarm_at
                0x0000000010000af8      0x1ac CMakeFiles/main.dir/home/iwo/pico/pico-sdk/src/common/pico_time/time.c.obj
                0x0000000010000af8                alarm_pool_add_alarm_at
 .text.sleep_until
                0x0000000010000ca4       0xac CMakeFiles/main.dir/home/iwo/pico/pico-sdk/src/common/pico_time/time.c.obj
                0x0000000010000ca4                sleep_until
 .text.sleep_ms
                0x0000000010000d50       0x38 CMakeFiles/main.dir/home/iwo/pico/pico-sdk/src/common/pico_time/time.c.obj
                0x0000000010000d50                sleep_ms
 .text.best_effort_wfe_or_timeout
                0x0000000010000d88       0xd4 CMakeFiles/main.dir/home/iwo/pico/pico-sdk/src/common/pico_time/time.c.obj
                0x0000000010000d88                best_effort_wfe_or_timeout
 .text.hardware_alarm_irq_handler
                0x0000000010000e5c       0xb8 CMakeFiles/main.dir/home/iwo/pico/pico-sdk/src/rp2_common/hardware_timer/timer.c.obj
 .text.hardware_alarm_claim
                0x0000000010000f14       0x18 CMakeFiles/main.dir/home/iwo/pico/pico-sdk/src/rp2_common/hardware_timer/timer.c.obj
                0x0000000010000f14                hardware_alarm_claim
 .text.time_us_64
                0x0000000010000f2c       0x14 CMakeFiles/main.dir/home/iwo/pico/pico-sdk/src/rp2_common/hardware_timer/timer.c.obj
                0x0000000010000f2c                time_us_64
 .text.busy_wait_until
                0x0000000010000f40       0x20 CMakeFiles/main.dir/home/iwo/pico/pico-sdk/src/rp2_common/hardware_timer/timer.c.obj
                0x0000000010000f40                busy_wait_until
 .text.hardware_alarm_set_callback
                0x0000000010000f60       0x8c CMakeFiles/main.dir/home/iwo/pico/pico-sdk/src/rp2_common/hardware_timer/timer.c.obj
                0x0000000010000f60                hardware_alarm_set_callback
 .text.hardware_alarm_set_target
                0x0000000010000fec       0xe4 CMakeFiles/main.dir/home/iwo/pico/pico-sdk/src/rp2_common/hardware_timer/timer.c.obj
                0x0000000010000fec                hardware_alarm_set_target
 .text.hardware_alarm_cancel
                0x00000000100010d0       0x40 CMakeFiles/main.dir/home/iwo/pico/pico-sdk/src/rp2_common/hardware_timer/timer.c.obj
                0x00000000100010d0                hardware_alarm_cancel
 .text.lock_init
                0x0000000010001110       0x10 CMakeFiles/main.dir/home/iwo/pico/pico-sdk/src/common/pico_sync/lock_core.c.obj
                0x0000000010001110                lock_init
 .text.mutex_init
                0x0000000010001120       0x1c CMakeFiles/main.dir/home/iwo/pico/pico-sdk/src/common/pico_sync/mutex.c.obj
                0x0000000010001120                mutex_init
 .text.recursive_mutex_init
                0x000000001000113c       0x1c CMakeFiles/main.dir/home/iwo/pico/pico-sdk/src/common/pico_sync/mutex.c.obj
                0x000000001000113c                recursive_mutex_init
 .text.critical_section_init
                0x0000000010001158       0x1c CMakeFiles/main.dir/home/iwo/pico/pico-sdk/src/common/pico_sync/critical_section.c.obj
                0x0000000010001158                critical_section_init
 .text.ph_merge_nodes
                0x0000000010001174       0x68 CMakeFiles/main.dir/home/iwo/pico/pico-sdk/src/common/pico_util/pheap.c.obj
 .text.ph_post_alloc_init
                0x00000000100011dc       0x3c CMakeFiles/main.dir/home/iwo/pico/pico-sdk/src/common/pico_util/pheap.c.obj
                0x00000000100011dc                ph_post_alloc_init
 .text.ph_merge_two_pass
                0x0000000010001218       0x90 CMakeFiles/main.dir/home/iwo/pico/pico-sdk/src/common/pico_util/pheap.c.obj
                0x0000000010001218                ph_merge_two_pass
 .text.ph_remove_any_head
                0x00000000100012a8       0xf8 CMakeFiles/main.dir/home/iwo/pico/pico-sdk/src/common/pico_util/pheap.c.obj
 .text.ph_remove_head
                0x00000000100013a0      0x13c CMakeFiles/main.dir/home/iwo/pico/pico-sdk/src/common/pico_util/pheap.c.obj
                0x00000000100013a0                ph_remove_head
 .text.ph_remove_and_free_node
                0x00000000100014dc       0x7c CMakeFiles/main.dir/home/iwo/pico/pico-sdk/src/common/pico_util/pheap.c.obj
                0x00000000100014dc                ph_remove_and_free_node
 .text.runtime_init
                0x0000000010001558       0xf0 CMakeFiles/main.dir/home/iwo/pico/pico-sdk/src/rp2_common/pico_runtime/runtime.c.obj
                0x0000000010001558                runtime_init
 .text._sbrk    0x0000000010001648       0x34 CMakeFiles/main.dir/home/iwo/pico/pico-sdk/src/rp2_common/pico_runtime/runtime.c.obj
                0x0000000010001648                _sbrk
 .text.exit     0x000000001000167c        0x4 CMakeFiles/main.dir/home/iwo/pico/pico-sdk/src/rp2_common/pico_runtime/runtime.c.obj
                0x000000001000167c                exit
 .text.panic    0x0000000010001680       0x30 CMakeFiles/main.dir/home/iwo/pico/pico-sdk/src/rp2_common/pico_runtime/runtime.c.obj
                0x0000000010001680                panic
 .text.hard_assertion_failure
                0x00000000100016b0        0xc CMakeFiles/main.dir/home/iwo/pico/pico-sdk/src/rp2_common/pico_runtime/runtime.c.obj
                0x00000000100016b0                hard_assertion_failure
 .text.clocks_init
                0x00000000100016bc      0x2bc CMakeFiles/main.dir/home/iwo/pico/pico-sdk/src/rp2_common/hardware_clocks/clocks.c.obj
                0x00000000100016bc                clocks_init
 .text.clock_get_hz
                0x0000000010001978        0xc CMakeFiles/main.dir/home/iwo/pico/pico-sdk/src/rp2_common/hardware_clocks/clocks.c.obj
                0x0000000010001978                clock_get_hz
 .text.irq_set_enabled
                0x0000000010001984       0x24 CMakeFiles/main.dir/home/iwo/pico/pico-sdk/src/rp2_common/hardware_irq/irq.c.obj
                0x0000000010001984                irq_set_enabled
 .text.irq_set_pending
                0x00000000100019a8       0x10 CMakeFiles/main.dir/home/iwo/pico/pico-sdk/src/rp2_common/hardware_irq/irq.c.obj
                0x00000000100019a8                irq_set_pending
 .text.irq_get_vtable_handler
                0x00000000100019b8       0x10 CMakeFiles/main.dir/home/iwo/pico/pico-sdk/src/rp2_common/hardware_irq/irq.c.obj
                0x00000000100019b8                irq_get_vtable_handler
 .text.irq_set_exclusive_handler
                0x00000000100019c8       0x54 CMakeFiles/main.dir/home/iwo/pico/pico-sdk/src/rp2_common/hardware_irq/irq.c.obj
                0x00000000100019c8                irq_set_exclusive_handler
 .text.irq_remove_handler
                0x0000000010001a1c      0x1b8 CMakeFiles/main.dir/home/iwo/pico/pico-sdk/src/rp2_common/hardware_irq/irq.c.obj
                0x0000000010001a1c                irq_remove_handler
 .text.irq_add_tail_to_free_list
                0x0000000010001bd4       0xb8 CMakeFiles/main.dir/home/iwo/pico/pico-sdk/src/rp2_common/hardware_irq/irq.c.obj
                0x0000000010001bd4                irq_add_tail_to_free_list
 .text.irq_init_priorities
                0x0000000010001c8c       0x24 CMakeFiles/main.dir/home/iwo/pico/pico-sdk/src/rp2_common/hardware_irq/irq.c.obj
                0x0000000010001c8c                irq_init_priorities
 .text.pll_init
                0x0000000010001cb0       0xa4 CMakeFiles/main.dir/home/iwo/pico/pico-sdk/src/rp2_common/hardware_pll/pll.c.obj
                0x0000000010001cb0                pll_init
 .text.watchdog_start_tick
                0x0000000010001d54       0x10 CMakeFiles/main.dir/home/iwo/pico/pico-sdk/src/rp2_common/hardware_watchdog/watchdog.c.obj
                0x0000000010001d54                watchdog_start_tick
 .text.watchdog_reboot
                0x0000000010001d64       0x98 CMakeFiles/main.dir/home/iwo/pico/pico-sdk/src/rp2_common/hardware_watchdog/watchdog.c.obj
                0x0000000010001d64                watchdog_reboot
 .text.xosc_init
                0x0000000010001dfc       0x28 CMakeFiles/main.dir/home/iwo/pico/pico-sdk/src/rp2_common/hardware_xosc/xosc.c.obj
                0x0000000010001dfc                xosc_init
 .text._out_null
                0x0000000010001e24        0x4 CMakeFiles/main.dir/home/iwo/pico/pico-sdk/src/rp2_common/pico_printf/printf.c.obj
 .text._out_rev
                0x0000000010001e28       0xd0 CMakeFiles/main.dir/home/iwo/pico/pico-sdk/src/rp2_common/pico_printf/printf.c.obj
 .text._ntoa_format
                0x0000000010001ef8      0x1d0 CMakeFiles/main.dir/home/iwo/pico/pico-sdk/src/rp2_common/pico_printf/printf.c.obj
 .text._out_char
                0x00000000100020c8       0x10 CMakeFiles/main.dir/home/iwo/pico/pico-sdk/src/rp2_common/pico_printf/printf.c.obj
 .text._out_fct
                0x00000000100020d8       0x10 CMakeFiles/main.dir/home/iwo/pico/pico-sdk/src/rp2_common/pico_printf/printf.c.obj
 .text._etoa    0x00000000100020e8      0x478 CMakeFiles/main.dir/home/iwo/pico/pico-sdk/src/rp2_common/pico_printf/printf.c.obj
 .text._ftoa    0x0000000010002560      0x3e0 CMakeFiles/main.dir/home/iwo/pico/pico-sdk/src/rp2_common/pico_printf/printf.c.obj
 .text._vsnprintf
                0x0000000010002940      0xb08 CMakeFiles/main.dir/home/iwo/pico/pico-sdk/src/rp2_common/pico_printf/printf.c.obj
 .text.vfctprintf
                0x0000000010003448       0x20 CMakeFiles/main.dir/home/iwo/pico/pico-sdk/src/rp2_common/pico_printf/printf.c.obj
                0x0000000010003448                vfctprintf
 .text.weak_raw_vprintf
                0x0000000010003468       0x30 CMakeFiles/main.dir/home/iwo/pico/pico-sdk/src/rp2_common/pico_printf/printf.c.obj
                0x0000000010003468                weak_raw_vprintf
 .text          0x0000000010003498       0x10 CMakeFiles/main.dir/home/iwo/pico/pico-sdk/src/rp2_common/pico_bit_ops/bit_ops_aeabi.S.obj
 .text.rom_func_lookup
                0x00000000100034a8       0x10 CMakeFiles/main.dir/home/iwo/pico/pico-sdk/src/rp2_common/pico_bootrom/bootrom.c.obj
                0x00000000100034a8                rom_func_lookup
 .text.rom_data_lookup
                0x00000000100034b8       0x10 CMakeFiles/main.dir/home/iwo/pico/pico-sdk/src/rp2_common/pico_bootrom/bootrom.c.obj
                0x00000000100034b8                rom_data_lookup
 .text.rom_funcs_lookup
                0x00000000100034c8       0x3c CMakeFiles/main.dir/home/iwo/pico/pico-sdk/src/rp2_common/pico_bootrom/bootrom.c.obj
                0x00000000100034c8                rom_funcs_lookup
 .text.__wrap___aeabi_idiv
                0x0000000010003504       0x50 CMakeFiles/main.dir/home/iwo/pico/pico-sdk/src/rp2_common/pico_divider/divider.S.obj
                0x0000000010003504                __wrap___aeabi_idivmod
                0x0000000010003504                divmod_s32s32
                0x0000000010003504                div_s32s32
                0x0000000010003504                __wrap___aeabi_idiv
                0x000000001000350c                divmod_s32s32_unsafe
                0x0000000010003538                divmod_s32s32_savestate
 .text.__wrap___aeabi_uidiv
                0x0000000010003554       0x4c CMakeFiles/main.dir/home/iwo/pico/pico-sdk/src/rp2_common/pico_divider/divider.S.obj
                0x0000000010003554                __wrap___aeabi_uidiv
                0x0000000010003554                __wrap___aeabi_uidivmod
                0x0000000010003554                div_u32u32
                0x0000000010003554                divmod_u32u32
                0x000000001000355c                divmod_u32u32_unsafe
                0x0000000010003584                divmod_u32u32_savestate
 .text.__wrap___aeabi_ldiv
                0x00000000100035a0      0x434 CMakeFiles/main.dir/home/iwo/pico/pico-sdk/src/rp2_common/pico_divider/divider.S.obj
                0x00000000100035a0                div_s64s64
                0x00000000100035a0                divmod_s64s64
                0x00000000100035a0                __wrap___aeabi_ldivmod
                0x00000000100035d8                div_u64u64
                0x00000000100035d8                divmod_u64u64
                0x00000000100035d8                __wrap___aeabi_uldivmod
                0x00000000100035e8                divmod_u64u64_savestate
                0x0000000010003610                divmod_s64s64_unsafe
                0x0000000010003698                divmod_u64u64_unsafe
 .text.__wrap___aeabi_darithmetic
                0x00000000100039d4       0x80 CMakeFiles/main.dir/home/iwo/pico/pico-sdk/src/rp2_common/pico_double/double_aeabi.S.obj
                0x00000000100039d4                __wrap___aeabi_drsub
                0x00000000100039da                __wrap___aeabi_dsub
                0x00000000100039ec                __wrap___aeabi_dadd
                0x00000000100039fe                __wrap___aeabi_ddiv
                0x0000000010003a3a                __wrap___aeabi_dmul
 .text.__wrap___aeabi_cdcmple
                0x0000000010003a54       0x6c CMakeFiles/main.dir/home/iwo/pico/pico-sdk/src/rp2_common/pico_double/double_aeabi.S.obj
                0x0000000010003a54                __wrap___aeabi_cdrcmple
                0x0000000010003a64                __wrap___aeabi_cdcmple
                0x0000000010003a64                __wrap___aeabi_cdcmpeq
 .text.__wrap___aeabi_dcmplt
                0x0000000010003ac0        0xc CMakeFiles/main.dir/home/iwo/pico/pico-sdk/src/rp2_common/pico_double/double_aeabi.S.obj
                0x0000000010003ac0                __wrap___aeabi_dcmplt
 .text.__wrap___aeabi_dcmple
                0x0000000010003acc       0x10 CMakeFiles/main.dir/home/iwo/pico/pico-sdk/src/rp2_common/pico_double/double_aeabi.S.obj
                0x0000000010003acc                __wrap___aeabi_dcmple
 .text.__wrap___aeabi_dcmpge
                0x0000000010003adc       0x10 CMakeFiles/main.dir/home/iwo/pico/pico-sdk/src/rp2_common/pico_double/double_aeabi.S.obj
                0x0000000010003adc                __wrap___aeabi_dcmpge
 .text.__wrap___aeabi_dcmpgt
                0x0000000010003aec        0xa CMakeFiles/main.dir/home/iwo/pico/pico-sdk/src/rp2_common/pico_double/double_aeabi.S.obj
                0x0000000010003aec                __wrap___aeabi_dcmpgt
 .text.__wrap___aeabi_dcmpun
                0x0000000010003af6       0x1c CMakeFiles/main.dir/home/iwo/pico/pico-sdk/src/rp2_common/pico_double/double_aeabi.S.obj
                0x0000000010003af6                __wrap___aeabi_dcmpun
 *fill*         0x0000000010003b12        0x2 
 .text.__wrap___aeabi_i2d
                0x0000000010003b14       0x38 CMakeFiles/main.dir/home/iwo/pico/pico-sdk/src/rp2_common/pico_double/double_aeabi.S.obj
                0x0000000010003b14                __wrap___aeabi_ui2d
                0x0000000010003b1c                __wrap___aeabi_i2d
 .text.__wrap___aeabi_d2iz
                0x0000000010003b4c       0x48 CMakeFiles/main.dir/home/iwo/pico/pico-sdk/src/rp2_common/pico_double/double_aeabi.S.obj
                0x0000000010003b4c                __wrap___aeabi_d2iz
                0x0000000010003b4c                double2int_z
 .text.__wrap___aeabi_d2uiz
                0x0000000010003b94       0x18 CMakeFiles/main.dir/home/iwo/pico/pico-sdk/src/rp2_common/pico_double/double_aeabi.S.obj
                0x0000000010003b94                double2uint
                0x0000000010003b94                __wrap___aeabi_d2uiz
 .text.__wrap___aeabi_d2f
                0x0000000010003bac       0x18 CMakeFiles/main.dir/home/iwo/pico/pico-sdk/src/rp2_common/pico_double/double_aeabi.S.obj
                0x0000000010003bac                __wrap___aeabi_d2f
 .text.__aeabi_double_init
                0x0000000010003bc4       0xc0 CMakeFiles/main.dir/home/iwo/pico/pico-sdk/src/rp2_common/pico_double/double_init_rom.c.obj
                0x0000000010003bc4                __aeabi_double_init
 .text.double_table_shim_on_use_helper
                0x0000000010003c84       0x2c CMakeFiles/main.dir/home/iwo/pico/pico-sdk/src/rp2_common/pico_double/double_v1_rom_shim.S.obj
                0x0000000010003c84                double_table_shim_on_use_helper
 .text.__wrap___aeabi_dsub
                0x0000000010003cb0       0x10 CMakeFiles/main.dir/home/iwo/pico/pico-sdk/src/rp2_common/pico_double/double_v1_rom_shim.S.obj
                0x0000000010003cb0                drsub_shim
                0x0000000010003cb6                dsub_shim
 .text.dadd_shim
                0x0000000010003cc0      0x15c CMakeFiles/main.dir/home/iwo/pico/pico-sdk/src/rp2_common/pico_double/double_v1_rom_shim.S.obj
                0x0000000010003cc0                dadd_shim
 .text.dmul_shim
                0x0000000010003e1c      0x15c CMakeFiles/main.dir/home/iwo/pico/pico-sdk/src/rp2_common/pico_double/double_v1_rom_shim.S.obj
                0x0000000010003e1c                dmul_shim
 .text.ddiv_shim
                0x0000000010003f78      0x1b0 CMakeFiles/main.dir/home/iwo/pico/pico-sdk/src/rp2_common/pico_double/double_v1_rom_shim.S.obj
                0x0000000010003f78                ddiv_shim
 .text.double2uint_shim
                0x0000000010004128        0xe CMakeFiles/main.dir/home/iwo/pico/pico-sdk/src/rp2_common/pico_double/double_v1_rom_shim.S.obj
                0x0000000010004128                double2uint_shim
                0x000000001000412a                double2ufix_shim
 *fill*         0x0000000010004136        0x2 
 .text.double2uint64_shim
                0x0000000010004138       0x70 CMakeFiles/main.dir/home/iwo/pico/pico-sdk/src/rp2_common/pico_double/double_v1_rom_shim.S.obj
                0x0000000010004138                double2uint64_shim
                0x000000001000413a                double2ufix64_shim
                0x000000001000415a                d2fix_a
 .text.double2float_shim
                0x00000000100041a8       0x5c CMakeFiles/main.dir/home/iwo/pico/pico-sdk/src/rp2_common/pico_double/double_v1_rom_shim.S.obj
                0x00000000100041a8                double2float_shim
 .text.dunpacks
                0x0000000010004204       0x3c CMakeFiles/main.dir/home/iwo/pico/pico-sdk/src/rp2_common/pico_double/double_v1_rom_shim.S.obj
                0x0000000010004204                dunpacks
 .text.__aeabi_lmul
                0x0000000010004240       0x32 CMakeFiles/main.dir/home/iwo/pico/pico-sdk/src/rp2_common/pico_int64_ops/pico_int64_ops_aeabi.S.obj
                0x0000000010004240                __wrap___aeabi_lmul
 *fill*         0x0000000010004272        0x2 
 .text.__wrap___aeabi_farithmetic
                0x0000000010004274       0x48 CMakeFiles/main.dir/home/iwo/pico/pico-sdk/src/rp2_common/pico_float/float_aeabi.S.obj
                0x0000000010004274                __wrap___aeabi_frsub
                0x000000001000427a                __wrap___aeabi_fsub
                0x0000000010004280                __wrap___aeabi_fadd
                0x0000000010004286                __wrap___aeabi_fdiv
                0x00000000100042ae                __wrap___aeabi_fmul
 .text.__wrap___aeabi_f2iz
                0x00000000100042bc       0x4e CMakeFiles/main.dir/home/iwo/pico/pico-sdk/src/rp2_common/pico_float/float_aeabi.S.obj
                0x00000000100042bc                __wrap___aeabi_f2iz
                0x00000000100042bc                float2int_z
 *fill*         0x000000001000430a        0x2 
 .text.float2int
                0x000000001000430c       0x14 CMakeFiles/main.dir/home/iwo/pico/pico-sdk/src/rp2_common/pico_float/float_aeabi.S.obj
                0x000000001000430c                float2int
 .text.__wrap___aeabi_f2uiz
                0x0000000010004320        0xc CMakeFiles/main.dir/home/iwo/pico/pico-sdk/src/rp2_common/pico_float/float_aeabi.S.obj
                0x0000000010004320                __wrap___aeabi_f2uiz
 .text.__aeabi_float_init
                0x000000001000432c       0x64 CMakeFiles/main.dir/home/iwo/pico/pico-sdk/src/rp2_common/pico_float/float_init_rom.c.obj
                0x000000001000432c                __aeabi_float_init
 .text.float_table_shim_on_use_helper
                0x0000000010004390       0x2c CMakeFiles/main.dir/home/iwo/pico/pico-sdk/src/rp2_common/pico_float/float_v1_rom_shim.S.obj
                0x0000000010004390                float_table_shim_on_use_helper
 .text.float232_shims
                0x00000000100043bc       0x18 CMakeFiles/main.dir/home/iwo/pico/pico-sdk/src/rp2_common/pico_float/float_v1_rom_shim.S.obj
                0x00000000100043bc                float2int_shim
                0x00000000100043be                float2fix_shim
 .text.__wrap_malloc
                0x00000000100043d4       0x24 CMakeFiles/main.dir/home/iwo/pico/pico-sdk/src/rp2_common/pico_malloc/pico_malloc.c.obj
                0x00000000100043d4                __wrap_malloc
 .text          0x00000000100043f8       0x10 CMakeFiles/main.dir/home/iwo/pico/pico-sdk/src/rp2_common/pico_mem_ops/mem_ops_aeabi.S.obj
                0x00000000100043f8                __aeabi_mem_init
 .text.memset   0x0000000010004408        0xc CMakeFiles/main.dir/home/iwo/pico/pico-sdk/src/rp2_common/pico_mem_ops/mem_ops_aeabi.S.obj
                0x0000000010004408                __wrap_memset
 .text.memcpy   0x0000000010004414        0xc CMakeFiles/main.dir/home/iwo/pico/pico-sdk/src/rp2_common/pico_mem_ops/mem_ops_aeabi.S.obj
                0x0000000010004414                __wrap___aeabi_memcpy
                0x0000000010004414                __wrap_memcpy
 .text.stdio_out_chars_no_crlf
                0x0000000010004420       0x10 CMakeFiles/main.dir/home/iwo/pico/pico-sdk/src/rp2_common/pico_stdio/stdio.c.obj
 .text.stdio_out_chars_crlf
                0x0000000010004430       0x94 CMakeFiles/main.dir/home/iwo/pico/pico-sdk/src/rp2_common/pico_stdio/stdio.c.obj
 .text.stdio_buffered_printer
                0x00000000100044c4       0x64 CMakeFiles/main.dir/home/iwo/pico/pico-sdk/src/rp2_common/pico_stdio/stdio.c.obj
 .text.stdio_put_string
                0x0000000010004528      0x100 CMakeFiles/main.dir/home/iwo/pico/pico-sdk/src/rp2_common/pico_stdio/stdio.c.obj
 .text.__wrap_putchar
                0x0000000010004628       0xa4 CMakeFiles/main.dir/home/iwo/pico/pico-sdk/src/rp2_common/pico_stdio/stdio.c.obj
                0x0000000010004628                __wrap_putchar
 .text.__wrap_puts
                0x00000000100046cc       0x3c CMakeFiles/main.dir/home/iwo/pico/pico-sdk/src/rp2_common/pico_stdio/stdio.c.obj
                0x00000000100046cc                __wrap_puts
 .text.stdio_set_driver_enabled
                0x0000000010004708       0x3c CMakeFiles/main.dir/home/iwo/pico/pico-sdk/src/rp2_common/pico_stdio/stdio.c.obj
                0x0000000010004708                stdio_set_driver_enabled
 .text.__wrap_vprintf
                0x0000000010004744       0xd8 CMakeFiles/main.dir/home/iwo/pico/pico-sdk/src/rp2_common/pico_stdio/stdio.c.obj
                0x0000000010004744                __wrap_vprintf
 .text.__wrap_printf
                0x000000001000481c       0x18 CMakeFiles/main.dir/home/iwo/pico/pico-sdk/src/rp2_common/pico_stdio/stdio.c.obj
                0x000000001000481c                __wrap_printf
 .text.stdio_init_all
                0x0000000010004834        0xc CMakeFiles/main.dir/home/iwo/pico/pico-sdk/src/rp2_common/pico_stdio/stdio.c.obj
                0x0000000010004834                stdio_init_all
 .text.stdio_uart_out_chars
                0x0000000010004840       0x4c CMakeFiles/main.dir/home/iwo/pico/pico-sdk/src/rp2_common/pico_stdio_uart/stdio_uart.c.obj
 .text.stdio_uart_in_chars
                0x000000001000488c       0x38 CMakeFiles/main.dir/home/iwo/pico/pico-sdk/src/rp2_common/pico_stdio_uart/stdio_uart.c.obj
                0x000000001000488c                stdio_uart_in_chars
 .text.stdio_uart_init
                0x00000000100048c4       0x48 CMakeFiles/main.dir/home/iwo/pico/pico-sdk/src/rp2_common/pico_stdio_uart/stdio_uart.c.obj
                0x00000000100048c4                stdio_uart_init
 .text.resetd_init
                0x000000001000490c        0x4 CMakeFiles/main.dir/home/iwo/pico/pico-sdk/src/rp2_common/pico_stdio_usb/reset_interface.c.obj
 .text.resetd_reset
                0x0000000010004910        0xc CMakeFiles/main.dir/home/iwo/pico/pico-sdk/src/rp2_common/pico_stdio_usb/reset_interface.c.obj
 .text.resetd_open
                0x000000001000491c       0x28 CMakeFiles/main.dir/home/iwo/pico/pico-sdk/src/rp2_common/pico_stdio_usb/reset_interface.c.obj
 .text.resetd_xfer_cb
                0x0000000010004944        0x4 CMakeFiles/main.dir/home/iwo/pico/pico-sdk/src/rp2_common/pico_stdio_usb/reset_interface.c.obj
 .text.resetd_control_xfer_cb
                0x0000000010004948       0x64 CMakeFiles/main.dir/home/iwo/pico/pico-sdk/src/rp2_common/pico_stdio_usb/reset_interface.c.obj
 .text.usbd_app_driver_get_cb
                0x00000000100049ac        0xc CMakeFiles/main.dir/home/iwo/pico/pico-sdk/src/rp2_common/pico_stdio_usb/reset_interface.c.obj
                0x00000000100049ac                usbd_app_driver_get_cb
 .text.tud_cdc_line_coding_cb
                0x00000000100049b8       0x34 CMakeFiles/main.dir/home/iwo/pico/pico-sdk/src/rp2_common/pico_stdio_usb/reset_interface.c.obj
                0x00000000100049b8                tud_cdc_line_coding_cb
 .text.stdio_usb_in_chars
                0x00000000100049ec       0x68 CMakeFiles/main.dir/home/iwo/pico/pico-sdk/src/rp2_common/pico_stdio_usb/stdio_usb.c.obj
                0x00000000100049ec                stdio_usb_in_chars
 .text.stdio_usb_out_chars
                0x0000000010004a54       0xec CMakeFiles/main.dir/home/iwo/pico/pico-sdk/src/rp2_common/pico_stdio_usb/stdio_usb.c.obj
 .text.timer_task
                0x0000000010004b40       0x10 CMakeFiles/main.dir/home/iwo/pico/pico-sdk/src/rp2_common/pico_stdio_usb/stdio_usb.c.obj
 .text.low_priority_worker_irq
                0x0000000010004b50       0x24 CMakeFiles/main.dir/home/iwo/pico/pico-sdk/src/rp2_common/pico_stdio_usb/stdio_usb.c.obj
 .text.stdio_usb_init
                0x0000000010004b74       0x90 CMakeFiles/main.dir/home/iwo/pico/pico-sdk/src/rp2_common/pico_stdio_usb/stdio_usb.c.obj
                0x0000000010004b74                stdio_usb_init
 .text.tud_descriptor_device_cb
                0x0000000010004c04        0x8 CMakeFiles/main.dir/home/iwo/pico/pico-sdk/src/rp2_common/pico_stdio_usb/stdio_usb_descriptors.c.obj
                0x0000000010004c04                tud_descriptor_device_cb
 .text.tud_descriptor_configuration_cb
                0x0000000010004c0c        0x8 CMakeFiles/main.dir/home/iwo/pico/pico-sdk/src/rp2_common/pico_stdio_usb/stdio_usb_descriptors.c.obj
                0x0000000010004c0c                tud_descriptor_configuration_cb
 .text.tud_descriptor_string_cb
                0x0000000010004c14       0x70 CMakeFiles/main.dir/home/iwo/pico/pico-sdk/src/rp2_common/pico_stdio_usb/stdio_usb_descriptors.c.obj
                0x0000000010004c14                tud_descriptor_string_cb
 .text.dcd_rp2040_irq
                0x0000000010004c84      0x21c CMakeFiles/main.dir/home/iwo/pico/pico-sdk/lib/tinyusb/src/portable/raspberrypi/rp2040/dcd_rp2040.c.obj
 .text.dcd_int_enable
                0x0000000010004ea0        0xc CMakeFiles/main.dir/home/iwo/pico/pico-sdk/lib/tinyusb/src/portable/raspberrypi/rp2040/dcd_rp2040.c.obj
                0x0000000010004ea0                dcd_int_enable
 .text.dcd_set_address
                0x0000000010004eac       0x14 CMakeFiles/main.dir/home/iwo/pico/pico-sdk/lib/tinyusb/src/portable/raspberrypi/rp2040/dcd_rp2040.c.obj
                0x0000000010004eac                dcd_set_address
 .text.dcd_connect
                0x0000000010004ec0       0x10 CMakeFiles/main.dir/home/iwo/pico/pico-sdk/lib/tinyusb/src/portable/raspberrypi/rp2040/dcd_rp2040.c.obj
                0x0000000010004ec0                dcd_connect
 .text.dcd_init
                0x0000000010004ed0      0x148 CMakeFiles/main.dir/home/iwo/pico/pico-sdk/lib/tinyusb/src/portable/raspberrypi/rp2040/dcd_rp2040.c.obj
                0x0000000010004ed0                dcd_init
 .text.dcd_edpt0_status_complete
                0x0000000010005018       0x1c CMakeFiles/main.dir/home/iwo/pico/pico-sdk/lib/tinyusb/src/portable/raspberrypi/rp2040/dcd_rp2040.c.obj
                0x0000000010005018                dcd_edpt0_status_complete
 .text.dcd_edpt_open
                0x0000000010005034       0xf0 CMakeFiles/main.dir/home/iwo/pico/pico-sdk/lib/tinyusb/src/portable/raspberrypi/rp2040/dcd_rp2040.c.obj
                0x0000000010005034                dcd_edpt_open
 .text.dcd_edpt_close_all
                0x0000000010005124       0xbc CMakeFiles/main.dir/home/iwo/pico/pico-sdk/lib/tinyusb/src/portable/raspberrypi/rp2040/dcd_rp2040.c.obj
                0x0000000010005124                dcd_edpt_close_all
 .text.dcd_edpt_xfer
                0x00000000100051e0       0x24 CMakeFiles/main.dir/home/iwo/pico/pico-sdk/lib/tinyusb/src/portable/raspberrypi/rp2040/dcd_rp2040.c.obj
                0x00000000100051e0                dcd_edpt_xfer
 .text.dcd_edpt_stall
                0x0000000010005204       0x38 CMakeFiles/main.dir/home/iwo/pico/pico-sdk/lib/tinyusb/src/portable/raspberrypi/rp2040/dcd_rp2040.c.obj
                0x0000000010005204                dcd_edpt_stall
 .text.dcd_edpt_clear_stall
                0x000000001000523c       0x30 CMakeFiles/main.dir/home/iwo/pico/pico-sdk/lib/tinyusb/src/portable/raspberrypi/rp2040/dcd_rp2040.c.obj
                0x000000001000523c                dcd_edpt_clear_stall
 .text._hw_endpoint_buffer_control_update32.part.0
                0x000000001000526c       0x20 CMakeFiles/main.dir/home/iwo/pico/pico-sdk/lib/tinyusb/src/portable/raspberrypi/rp2040/rp2040_usb.c.obj
 .text.rp2040_usb_init
                0x000000001000528c       0x4c CMakeFiles/main.dir/home/iwo/pico/pico-sdk/lib/tinyusb/src/portable/raspberrypi/rp2040/rp2040_usb.c.obj
                0x000000001000528c                rp2040_usb_init
 .text.hw_endpoint_reset_transfer
                0x00000000100052d8        0xc CMakeFiles/main.dir/home/iwo/pico/pico-sdk/lib/tinyusb/src/portable/raspberrypi/rp2040/rp2040_usb.c.obj
                0x00000000100052d8                hw_endpoint_reset_transfer
 .text._hw_endpoint_buffer_control_update32
                0x00000000100052e4       0x40 CMakeFiles/main.dir/home/iwo/pico/pico-sdk/lib/tinyusb/src/portable/raspberrypi/rp2040/rp2040_usb.c.obj
                0x00000000100052e4                _hw_endpoint_buffer_control_update32
 .text.hw_endpoint_xfer_start
                0x0000000010005324      0x138 CMakeFiles/main.dir/home/iwo/pico/pico-sdk/lib/tinyusb/src/portable/raspberrypi/rp2040/rp2040_usb.c.obj
                0x0000000010005324                hw_endpoint_xfer_start
 .text.hw_endpoint_xfer_continue
                0x000000001000545c      0x1e4 CMakeFiles/main.dir/home/iwo/pico/pico-sdk/lib/tinyusb/src/portable/raspberrypi/rp2040/rp2040_usb.c.obj
                0x000000001000545c                hw_endpoint_xfer_continue
 .text.tud_mounted
                0x0000000010005640       0x10 CMakeFiles/main.dir/home/iwo/pico/pico-sdk/lib/tinyusb/src/device/usbd.c.obj
                0x0000000010005640                tud_mounted
 .text.tud_suspended
                0x0000000010005650       0x10 CMakeFiles/main.dir/home/iwo/pico/pico-sdk/lib/tinyusb/src/device/usbd.c.obj
                0x0000000010005650                tud_suspended
 .text.tud_inited
                0x0000000010005660        0xc CMakeFiles/main.dir/home/iwo/pico/pico-sdk/lib/tinyusb/src/device/usbd.c.obj
                0x0000000010005660                tud_inited
 .text.tud_init
                0x000000001000566c       0xd8 CMakeFiles/main.dir/home/iwo/pico/pico-sdk/lib/tinyusb/src/device/usbd.c.obj
                0x000000001000566c                tud_init
 .text.tud_task
                0x0000000010005744      0x8ec CMakeFiles/main.dir/home/iwo/pico/pico-sdk/lib/tinyusb/src/device/usbd.c.obj
                0x0000000010005744                tud_task
 .text.dcd_event_bus_signal
                0x0000000010006030      0x120 CMakeFiles/main.dir/home/iwo/pico/pico-sdk/lib/tinyusb/src/device/usbd.c.obj
                0x0000000010006030                dcd_event_bus_signal
 .text.dcd_event_bus_reset
                0x0000000010006150       0x54 CMakeFiles/main.dir/home/iwo/pico/pico-sdk/lib/tinyusb/src/device/usbd.c.obj
                0x0000000010006150                dcd_event_bus_reset
 .text.dcd_event_setup_received
                0x00000000100061a4       0x50 CMakeFiles/main.dir/home/iwo/pico/pico-sdk/lib/tinyusb/src/device/usbd.c.obj
                0x00000000100061a4                dcd_event_setup_received
 .text.dcd_event_xfer_complete
                0x00000000100061f4       0x68 CMakeFiles/main.dir/home/iwo/pico/pico-sdk/lib/tinyusb/src/device/usbd.c.obj
                0x00000000100061f4                dcd_event_xfer_complete
 .text.usbd_open_edpt_pair
                0x000000001000625c       0x80 CMakeFiles/main.dir/home/iwo/pico/pico-sdk/lib/tinyusb/src/device/usbd.c.obj
                0x000000001000625c                usbd_open_edpt_pair
 .text.usbd_edpt_open
                0x00000000100062dc       0x30 CMakeFiles/main.dir/home/iwo/pico/pico-sdk/lib/tinyusb/src/device/usbd.c.obj
                0x00000000100062dc                usbd_edpt_open
 .text.usbd_edpt_claim
                0x000000001000630c       0x64 CMakeFiles/main.dir/home/iwo/pico/pico-sdk/lib/tinyusb/src/device/usbd.c.obj
                0x000000001000630c                usbd_edpt_claim
 .text.usbd_edpt_release
                0x0000000010006370       0x4c CMakeFiles/main.dir/home/iwo/pico/pico-sdk/lib/tinyusb/src/device/usbd.c.obj
                0x0000000010006370                usbd_edpt_release
 .text.usbd_edpt_xfer
                0x00000000100063bc       0x48 CMakeFiles/main.dir/home/iwo/pico/pico-sdk/lib/tinyusb/src/device/usbd.c.obj
                0x00000000100063bc                usbd_edpt_xfer
 .text.tud_control_status
                0x0000000010006404       0x30 CMakeFiles/main.dir/home/iwo/pico/pico-sdk/lib/tinyusb/src/device/usbd_control.c.obj
                0x0000000010006404                tud_control_status
 .text.tud_control_xfer
                0x0000000010006434       0xb8 CMakeFiles/main.dir/home/iwo/pico/pico-sdk/lib/tinyusb/src/device/usbd_control.c.obj
                0x0000000010006434                tud_control_xfer
 .text.usbd_control_reset
                0x00000000100064ec       0x14 CMakeFiles/main.dir/home/iwo/pico/pico-sdk/lib/tinyusb/src/device/usbd_control.c.obj
                0x00000000100064ec                usbd_control_reset
 .text.usbd_control_set_complete_callback
                0x0000000010006500        0xc CMakeFiles/main.dir/home/iwo/pico/pico-sdk/lib/tinyusb/src/device/usbd_control.c.obj
                0x0000000010006500                usbd_control_set_complete_callback
 .text.usbd_control_set_request
                0x000000001000650c       0x1c CMakeFiles/main.dir/home/iwo/pico/pico-sdk/lib/tinyusb/src/device/usbd_control.c.obj
                0x000000001000650c                usbd_control_set_request
 .text.usbd_control_xfer_cb
                0x0000000010006528       0xf8 CMakeFiles/main.dir/home/iwo/pico/pico-sdk/lib/tinyusb/src/device/usbd_control.c.obj
                0x0000000010006528                usbd_control_xfer_cb
 .text.tud_cdc_n_connected
                0x0000000010006620       0x30 CMakeFiles/main.dir/home/iwo/pico/pico-sdk/lib/tinyusb/src/class/cdc/cdc_device.c.obj
                0x0000000010006620                tud_cdc_n_connected
 .text.tud_cdc_n_available
                0x0000000010006650       0x18 CMakeFiles/main.dir/home/iwo/pico/pico-sdk/lib/tinyusb/src/class/cdc/cdc_device.c.obj
                0x0000000010006650                tud_cdc_n_available
 .text.tud_cdc_n_read
                0x0000000010006668       0x70 CMakeFiles/main.dir/home/iwo/pico/pico-sdk/lib/tinyusb/src/class/cdc/cdc_device.c.obj
                0x0000000010006668                tud_cdc_n_read
 .text.tud_cdc_n_write_flush
                0x00000000100066d8       0x78 CMakeFiles/main.dir/home/iwo/pico/pico-sdk/lib/tinyusb/src/class/cdc/cdc_device.c.obj
                0x00000000100066d8                tud_cdc_n_write_flush
 .text.tud_cdc_n_write
                0x0000000010006750       0x34 CMakeFiles/main.dir/home/iwo/pico/pico-sdk/lib/tinyusb/src/class/cdc/cdc_device.c.obj
                0x0000000010006750                tud_cdc_n_write
 .text.tud_cdc_n_write_available
                0x0000000010006784       0x18 CMakeFiles/main.dir/home/iwo/pico/pico-sdk/lib/tinyusb/src/class/cdc/cdc_device.c.obj
                0x0000000010006784                tud_cdc_n_write_available
 .text.cdcd_init
                0x000000001000679c       0x7c CMakeFiles/main.dir/home/iwo/pico/pico-sdk/lib/tinyusb/src/class/cdc/cdc_device.c.obj
                0x000000001000679c                cdcd_init
 .text.cdcd_reset
                0x0000000010006818       0x2c CMakeFiles/main.dir/home/iwo/pico/pico-sdk/lib/tinyusb/src/class/cdc/cdc_device.c.obj
                0x0000000010006818                cdcd_reset
 .text.cdcd_open
                0x0000000010006844       0xe4 CMakeFiles/main.dir/home/iwo/pico/pico-sdk/lib/tinyusb/src/class/cdc/cdc_device.c.obj
                0x0000000010006844                cdcd_open
 .text.cdcd_control_xfer_cb
                0x0000000010006928       0xe4 CMakeFiles/main.dir/home/iwo/pico/pico-sdk/lib/tinyusb/src/class/cdc/cdc_device.c.obj
                0x0000000010006928                cdcd_control_xfer_cb
 .text.cdcd_xfer_cb
                0x0000000010006a0c      0x198 CMakeFiles/main.dir/home/iwo/pico/pico-sdk/lib/tinyusb/src/class/cdc/cdc_device.c.obj
                0x0000000010006a0c                cdcd_xfer_cb
 .text.tusb_init
                0x0000000010006ba4        0xc CMakeFiles/main.dir/home/iwo/pico/pico-sdk/lib/tinyusb/src/tusb.c.obj
                0x0000000010006ba4                tusb_init
 .text.tusb_inited
                0x0000000010006bb0        0x8 CMakeFiles/main.dir/home/iwo/pico/pico-sdk/lib/tinyusb/src/tusb.c.obj
                0x0000000010006bb0                tusb_inited
 .text.tu_edpt_validate
                0x0000000010006bb8       0x78 CMakeFiles/main.dir/home/iwo/pico/pico-sdk/lib/tinyusb/src/tusb.c.obj
                0x0000000010006bb8                tu_edpt_validate
 .text.tu_edpt_bind_driver
                0x0000000010006c30       0x2c CMakeFiles/main.dir/home/iwo/pico/pico-sdk/lib/tinyusb/src/tusb.c.obj
                0x0000000010006c30                tu_edpt_bind_driver
 .text.tu_fifo_config
                0x0000000010006c5c       0x78 CMakeFiles/main.dir/home/iwo/pico/pico-sdk/lib/tinyusb/src/common/tusb_fifo.c.obj
                0x0000000010006c5c                tu_fifo_config
 .text.tu_fifo_count
                0x0000000010006cd4       0x20 CMakeFiles/main.dir/home/iwo/pico/pico-sdk/lib/tinyusb/src/common/tusb_fifo.c.obj
                0x0000000010006cd4                tu_fifo_count
 .text.tu_fifo_empty
                0x0000000010006cf4       0x10 CMakeFiles/main.dir/home/iwo/pico/pico-sdk/lib/tinyusb/src/common/tusb_fifo.c.obj
                0x0000000010006cf4                tu_fifo_empty
 .text.tu_fifo_remaining
                0x0000000010006d04       0x1c CMakeFiles/main.dir/home/iwo/pico/pico-sdk/lib/tinyusb/src/common/tusb_fifo.c.obj
                0x0000000010006d04                tu_fifo_remaining
 .text.tu_fifo_read
                0x0000000010006d20       0x9c CMakeFiles/main.dir/home/iwo/pico/pico-sdk/lib/tinyusb/src/common/tusb_fifo.c.obj
                0x0000000010006d20                tu_fifo_read
 .text.tu_fifo_read_n
                0x0000000010006dbc      0x100 CMakeFiles/main.dir/home/iwo/pico/pico-sdk/lib/tinyusb/src/common/tusb_fifo.c.obj
                0x0000000010006dbc                tu_fifo_read_n
 .text.tu_fifo_write
                0x0000000010006ebc       0x7c CMakeFiles/main.dir/home/iwo/pico/pico-sdk/lib/tinyusb/src/common/tusb_fifo.c.obj
                0x0000000010006ebc                tu_fifo_write
 .text.tu_fifo_write_n
                0x0000000010006f38       0xf8 CMakeFiles/main.dir/home/iwo/pico/pico-sdk/lib/tinyusb/src/common/tusb_fifo.c.obj
                0x0000000010006f38                tu_fifo_write_n
 .text.tu_fifo_clear
                0x0000000010007030       0x4c CMakeFiles/main.dir/home/iwo/pico/pico-sdk/lib/tinyusb/src/common/tusb_fifo.c.obj
                0x0000000010007030                tu_fifo_clear
 .text.tu_fifo_set_overwritable
                0x000000001000707c       0x3c CMakeFiles/main.dir/home/iwo/pico/pico-sdk/lib/tinyusb/src/common/tusb_fifo.c.obj
                0x000000001000707c                tu_fifo_set_overwritable
 .text.startup._retrieve_unique_id_on_boot
                0x00000000100070b8       0x10 CMakeFiles/main.dir/home/iwo/pico/pico-sdk/src/rp2_common/pico_unique_id/unique_id.c.obj
 .text.pico_get_unique_board_id_string
                0x00000000100070c8      0x1bc CMakeFiles/main.dir/home/iwo/pico/pico-sdk/src/rp2_common/pico_unique_id/unique_id.c.obj
                0x00000000100070c8                pico_get_unique_board_id_string
 .text.flash_get_unique_id
                0x0000000010007284       0x40 CMakeFiles/main.dir/home/iwo/pico/pico-sdk/src/rp2_common/hardware_flash/flash.c.obj
                0x0000000010007284                flash_get_unique_id
 .text.spi_init
                0x00000000100072c4       0xf4 CMakeFiles/main.dir/home/iwo/pico/pico-sdk/src/rp2_common/hardware_spi/spi.c.obj
                0x00000000100072c4                spi_init
 .text.i2c_set_baudrate
                0x00000000100073b8       0xc4 CMakeFiles/main.dir/home/iwo/pico/pico-sdk/src/rp2_common/hardware_i2c/i2c.c.obj
                0x00000000100073b8                i2c_set_baudrate
 .text.i2c_init
                0x000000001000747c       0x54 CMakeFiles/main.dir/home/iwo/pico/pico-sdk/src/rp2_common/hardware_i2c/i2c.c.obj
                0x000000001000747c                i2c_init
 .text.i2c_write_blocking
                0x00000000100074d0       0xd8 CMakeFiles/main.dir/home/iwo/pico/pico-sdk/src/rp2_common/hardware_i2c/i2c.c.obj
                0x00000000100074d0                i2c_write_blocking
 .text.OLED_1in3_C_test
                0x00000000100075a8      0x324 examples/libexamples.a(OLED_1in3_C_test.c.obj)
                0x00000000100075a8                OLED_1in3_C_test
 .text.OLED_1in3_C_Init
                0x00000000100078cc      0x138 lib/OLED/libOLED.a(OLED_1in3_c.c.obj)
                0x00000000100078cc                OLED_1in3_C_Init
 .text.OLED_1in3_C_Clear
                0x0000000010007a04       0x50 lib/OLED/libOLED.a(OLED_1in3_c.c.obj)
                0x0000000010007a04                OLED_1in3_C_Clear
 .text.OLED_1in3_C_Display
                0x0000000010007a54       0x90 lib/OLED/libOLED.a(OLED_1in3_c.c.obj)
                0x0000000010007a54                OLED_1in3_C_Display
 .text.Paint_SetPixel.part.0
                0x0000000010007ae4      0x12c lib/GUI/libGUI.a(GUI_Paint.c.obj)
 .text.Paint_DrawChar.part.0
                0x0000000010007c10      0x118 lib/GUI/libGUI.a(GUI_Paint.c.obj)
 .text.Paint_DrawLine.constprop.0
                0x0000000010007d28      0x374 lib/GUI/libGUI.a(GUI_Paint.c.obj)
 .text.Paint_DrawPoint.constprop.1
                0x000000001000809c      0x298 lib/GUI/libGUI.a(GUI_Paint.c.obj)
 .text.Paint_NewImage
                0x0000000010008334       0x44 lib/GUI/libGUI.a(GUI_Paint.c.obj)
                0x0000000010008334                Paint_NewImage
 .text.Paint_SelectImage
                0x0000000010008378        0xc lib/GUI/libGUI.a(GUI_Paint.c.obj)
                0x0000000010008378                Paint_SelectImage
 .text.Paint_Clear
                0x0000000010008384       0xd8 lib/GUI/libGUI.a(GUI_Paint.c.obj)
                0x0000000010008384                Paint_Clear
 .text.Paint_DrawPoint
                0x000000001000845c      0x278 lib/GUI/libGUI.a(GUI_Paint.c.obj)
                0x000000001000845c                Paint_DrawPoint
 .text.Paint_DrawLine
                0x00000000100086d4      0x3b4 lib/GUI/libGUI.a(GUI_Paint.c.obj)
                0x00000000100086d4                Paint_DrawLine
 .text.Paint_DrawRectangle
                0x0000000010008a88      0x3c4 lib/GUI/libGUI.a(GUI_Paint.c.obj)
                0x0000000010008a88                Paint_DrawRectangle
 .text.Paint_DrawCircle
                0x0000000010008e4c      0x578 lib/GUI/libGUI.a(GUI_Paint.c.obj)
                0x0000000010008e4c                Paint_DrawCircle
 .text.Paint_DrawString_EN
                0x00000000100093c4       0xa4 lib/GUI/libGUI.a(GUI_Paint.c.obj)
                0x00000000100093c4                Paint_DrawString_EN
 .text.Paint_DrawString_CN
                0x0000000010009468      0x248 lib/GUI/libGUI.a(GUI_Paint.c.obj)
                0x0000000010009468                Paint_DrawString_CN
 .text.Paint_DrawNum
                0x00000000100096b0      0x1cc lib/GUI/libGUI.a(GUI_Paint.c.obj)
                0x00000000100096b0                Paint_DrawNum
 .text.DEV_Digital_Write
                0x000000001000987c       0x14 lib/Config/libConfig.a(DEV_Config.c.obj)
                0x000000001000987c                DEV_Digital_Write
 .text.DEV_Digital_Read
                0x0000000010009890       0x10 lib/Config/libConfig.a(DEV_Config.c.obj)
                0x0000000010009890                DEV_Digital_Read
 .text.DEV_I2C_Write
                0x00000000100098a0       0x24 lib/Config/libConfig.a(DEV_Config.c.obj)
                0x00000000100098a0                DEV_I2C_Write
 .text.DEV_GPIO_Mode
                0x00000000100098c4       0x20 lib/Config/libConfig.a(DEV_Config.c.obj)
                0x00000000100098c4                DEV_GPIO_Mode
 .text.DEV_Delay_ms
                0x00000000100098e4        0x8 lib/Config/libConfig.a(DEV_Config.c.obj)
                0x00000000100098e4                DEV_Delay_ms
 .text.DEV_Module_Init
                0x00000000100098ec      0x104 lib/Config/libConfig.a(DEV_Config.c.obj)
                0x00000000100098ec                DEV_Module_Init
 .text          0x00000000100099f0       0x28 /usr/lib/gcc/arm-none-eabi/9.2.1/../../../arm-none-eabi/lib/thumb/v6-m/nofp/libc.a(lib_a-malloc.o)
                0x00000000100099f0                malloc
                0x0000000010009a04                free
 .text          0x0000000010009a18      0x574 /usr/lib/gcc/arm-none-eabi/9.2.1/../../../arm-none-eabi/lib/thumb/v6-m/nofp/libc.a(lib_a-mallocr.o)
                0x0000000010009a18                _malloc_r
 .text          0x0000000010009f8c        0x8 /usr/lib/gcc/arm-none-eabi/9.2.1/../../../arm-none-eabi/lib/thumb/v6-m/nofp/libc.a(lib_a-mlock.o)
                0x0000000010009f8c                __malloc_lock
                0x0000000010009f90                __malloc_unlock
 .text          0x0000000010009f94       0x24 /usr/lib/gcc/arm-none-eabi/9.2.1/../../../arm-none-eabi/lib/thumb/v6-m/nofp/libc.a(lib_a-sbrkr.o)
                0x0000000010009f94                _sbrk_r
 .text          0x0000000010009fb8       0x5c /usr/lib/gcc/arm-none-eabi/9.2.1/../../../arm-none-eabi/lib/thumb/v6-m/nofp/libc.a(lib_a-strlen-stub.o)
                0x0000000010009fb8                strlen
 .text          0x000000001000a014      0x260 /usr/lib/gcc/arm-none-eabi/9.2.1/../../../arm-none-eabi/lib/thumb/v6-m/nofp/libc.a(lib_a-freer.o)
                0x000000001000a014                _malloc_trim_r
                0x000000001000a0b0                _free_r
 *(.fini)
 .fini          0x000000001000a274        0x4 /usr/lib/gcc/arm-none-eabi/9.2.1/thumb/v6-m/nofp/crti.o
                0x000000001000a274                _fini
 .fini.__stub   0x000000001000a278       0x70 linker stubs
 *crtbegin.o(.ctors)
 *crtbegin?.o(.ctors)
 *(EXCLUDE_FILE(*crtend.o *crtend?.o) .ctors)
 *(SORT_BY_NAME(.ctors.*))
 *(.ctors)
 *crtbegin.o(.dtors)
 *crtbegin?.o(.dtors)
 *(EXCLUDE_FILE(*crtend.o *crtend?.o) .dtors)
 *(SORT_BY_NAME(.dtors.*))
 *(.dtors)
 *(.eh_frame*)
 .eh_frame      0x000000001000a2e8        0x0 /usr/lib/gcc/arm-none-eabi/9.2.1/thumb/v6-m/nofp/crtbegin.o
                0x000000001000a2e8                . = ALIGN (0x4)

.glue_7         0x000000001000a2e8        0x0
 .glue_7        0x000000001000a2e8        0x0 linker stubs

.glue_7t        0x000000001000a2e8        0x0
 .glue_7t       0x000000001000a2e8        0x0 linker stubs

.vfp11_veneer   0x000000001000a2e8        0x0
 .vfp11_veneer  0x000000001000a2e8        0x0 linker stubs

.v4_bx          0x000000001000a2e8        0x0
 .v4_bx         0x000000001000a2e8        0x0 linker stubs

.iplt           0x000000001000a2e8        0x0
 .iplt          0x000000001000a2e8        0x0 /usr/lib/gcc/arm-none-eabi/9.2.1/thumb/v6-m/nofp/crtbegin.o

.rodata         0x000000001000a2e8     0x3a8c
 *(EXCLUDE_FILE(*libm.a: *libc.a:*lib_a-mem*.o *libgcc.a:) .rodata*)
 .rodata.spin_lock_claim_unused.str1.4
                0x000000001000a2e8       0x1b CMakeFiles/main.dir/home/iwo/pico/pico-sdk/src/rp2_common/hardware_sync/sync.c.obj
 *fill*         0x000000001000a303        0x1 
 .rodata.hardware_alarm_claim.str1.4
                0x000000001000a304       0x22 CMakeFiles/main.dir/home/iwo/pico/pico-sdk/src/rp2_common/hardware_timer/timer.c.obj
 *fill*         0x000000001000a326        0x2 
 .rodata.panic.str1.4
                0x000000001000a328       0x12 CMakeFiles/main.dir/home/iwo/pico/pico-sdk/src/rp2_common/pico_runtime/runtime.c.obj
 *fill*         0x000000001000a33a        0x2 
 .rodata.hard_assertion_failure.str1.4
                0x000000001000a33c        0xc CMakeFiles/main.dir/home/iwo/pico/pico-sdk/src/rp2_common/pico_runtime/runtime.c.obj
 .rodata._ftoa.str1.4
                0x000000001000a348       0x15 CMakeFiles/main.dir/home/iwo/pico/pico-sdk/src/rp2_common/pico_printf/printf.c.obj
 *fill*         0x000000001000a35d        0x3 
 .rodata._vsnprintf
                0x000000001000a360      0x1e0 CMakeFiles/main.dir/home/iwo/pico/pico-sdk/src/rp2_common/pico_printf/printf.c.obj
 .rodata.pow10.5435
                0x000000001000a540       0x50 CMakeFiles/main.dir/home/iwo/pico/pico-sdk/src/rp2_common/pico_printf/printf.c.obj
 .rodata.__wrap_malloc.str1.4
                0x000000001000a590        0xe CMakeFiles/main.dir/home/iwo/pico/pico-sdk/src/rp2_common/pico_malloc/pico_malloc.c.obj
 *fill*         0x000000001000a59e        0x2 
 .rodata.str1.4
                0x000000001000a5a0       0x3c CMakeFiles/main.dir/home/iwo/pico/pico-sdk/src/rp2_common/pico_standard_link/binary_info.c.obj
 .rodata.__bi_44
                0x000000001000a5dc        0xc CMakeFiles/main.dir/home/iwo/pico/pico-sdk/src/rp2_common/pico_standard_link/binary_info.c.obj
 .rodata.__bi_75
                0x000000001000a5e8        0xc CMakeFiles/main.dir/home/iwo/pico/pico-sdk/src/rp2_common/pico_standard_link/binary_info.c.obj
 .rodata.__bi_81
                0x000000001000a5f4        0xc CMakeFiles/main.dir/home/iwo/pico/pico-sdk/src/rp2_common/pico_standard_link/binary_info.c.obj
 .rodata.crlf_str.6056
                0x000000001000a600        0x2 CMakeFiles/main.dir/home/iwo/pico/pico-sdk/src/rp2_common/pico_stdio/stdio.c.obj
 *fill*         0x000000001000a602        0x2 
 .rodata.str1.4
                0x000000001000a604       0x2c CMakeFiles/main.dir/home/iwo/pico/pico-sdk/src/rp2_common/pico_stdio_uart/stdio_uart.c.obj
 .rodata.__bi_28.4750
                0x000000001000a630        0xc CMakeFiles/main.dir/home/iwo/pico/pico-sdk/src/rp2_common/pico_stdio_uart/stdio_uart.c.obj
 .rodata.__bi_29.4754
                0x000000001000a63c        0x8 CMakeFiles/main.dir/home/iwo/pico/pico-sdk/src/rp2_common/pico_stdio_uart/stdio_uart.c.obj
 .rodata._resetd_driver
                0x000000001000a644       0x18 CMakeFiles/main.dir/home/iwo/pico/pico-sdk/src/rp2_common/pico_stdio_usb/reset_interface.c.obj
 .rodata.str1.4
                0x000000001000a65c       0x13 CMakeFiles/main.dir/home/iwo/pico/pico-sdk/src/rp2_common/pico_stdio_usb/stdio_usb.c.obj
 *fill*         0x000000001000a66f        0x1 
 .rodata.__bi_93.7182
                0x000000001000a670        0xc CMakeFiles/main.dir/home/iwo/pico/pico-sdk/src/rp2_common/pico_stdio_usb/stdio_usb.c.obj
 .rodata.str1.4
                0x000000001000a67c       0x2a CMakeFiles/main.dir/home/iwo/pico/pico-sdk/src/rp2_common/pico_stdio_usb/stdio_usb_descriptors.c.obj
 *fill*         0x000000001000a6a6        0x2 
 .rodata.usbd_desc_cfg
                0x000000001000a6a8       0x54 CMakeFiles/main.dir/home/iwo/pico/pico-sdk/src/rp2_common/pico_stdio_usb/stdio_usb_descriptors.c.obj
 .rodata.usbd_desc_device
                0x000000001000a6fc       0x12 CMakeFiles/main.dir/home/iwo/pico/pico-sdk/src/rp2_common/pico_stdio_usb/stdio_usb_descriptors.c.obj
 *fill*         0x000000001000a70e        0x2 
 .rodata.usbd_desc_str
                0x000000001000a710       0x18 CMakeFiles/main.dir/home/iwo/pico/pico-sdk/src/rp2_common/pico_stdio_usb/stdio_usb_descriptors.c.obj
 .rodata.dcd_rp2040_irq.str1.4
                0x000000001000a728       0x14 CMakeFiles/main.dir/home/iwo/pico/pico-sdk/lib/tinyusb/src/portable/raspberrypi/rp2040/dcd_rp2040.c.obj
 .rodata._hw_endpoint_buffer_control_update32.part.0.str1.4
                0x000000001000a73c       0x1f CMakeFiles/main.dir/home/iwo/pico/pico-sdk/lib/tinyusb/src/portable/raspberrypi/rp2040/rp2040_usb.c.obj
 *fill*         0x000000001000a75b        0x1 
 .rodata.hw_endpoint_xfer_continue.str1.4
                0x000000001000a75c       0x29 CMakeFiles/main.dir/home/iwo/pico/pico-sdk/lib/tinyusb/src/portable/raspberrypi/rp2040/rp2040_usb.c.obj
 .rodata.str1.4
                0x000000001000a785       0x29 CMakeFiles/main.dir/home/iwo/pico/pico-sdk/lib/tinyusb/src/portable/raspberrypi/rp2040/rp2040_usb.c.obj
                                          0x7 (size before relaxing)
 *fill*         0x000000001000a785        0x3 
 .rodata.tud_task
                0x000000001000a788       0x8c CMakeFiles/main.dir/home/iwo/pico/pico-sdk/lib/tinyusb/src/device/usbd.c.obj
 .rodata._usbd_driver
                0x000000001000a814       0x18 CMakeFiles/main.dir/home/iwo/pico/pico-sdk/lib/tinyusb/src/device/usbd.c.obj
 .rodata.OLED_1in3_C_test.str1.4
                0x000000001000a82c       0xb5 examples/libexamples.a(OLED_1in3_C_test.c.obj)
 *fill*         0x000000001000a8e1        0x3 
 .rodata.gImage_1inch3_C_1
                0x000000001000a8e4      0x400 examples/libexamples.a(ImageData.c.obj)
                0x000000001000a8e4                gImage_1inch3_C_1
 .rodata.Paint_DrawLine.constprop.0.str1.4
                0x000000001000ace4       0x49 lib/GUI/libGUI.a(GUI_Paint.c.obj)
 *fill*         0x000000001000ad2d        0x3 
 .rodata        0x000000001000ad30      0x474 lib/Fonts/libFonts.a(font12.c.obj)
                0x000000001000ad30                Font12_Table
 .rodata        0x000000001000b1a4      0x888 lib/Fonts/libFonts.a(font12CN.c.obj)
                0x000000001000b1a4                Font12CN_Table
 .rodata        0x000000001000ba2c      0xbe0 lib/Fonts/libFonts.a(font16.c.obj)
                0x000000001000ba2c                Font16_Table
 .rodata        0x000000001000c60c     0x1458 lib/Fonts/libFonts.a(font24CN.c.obj)
                0x000000001000c60c                Font24CN_Table
 .rodata        0x000000001000da64      0x2f8 lib/Fonts/libFonts.a(font8.c.obj)
                0x000000001000da64                Font8_Table
 .rodata.DEV_Module_Init.str1.4
                0x000000001000dd5c       0x15 lib/Config/libConfig.a(DEV_Config.c.obj)
                0x000000001000dd74                . = ALIGN (0x4)
 *fill*         0x000000001000dd71        0x3 
 *(SORT_BY_ALIGNMENT(SORT_BY_NAME(.flashdata*)))
                0x000000001000dd74                . = ALIGN (0x4)

.rel.dyn        0x000000001000dd74        0x0
 .rel.iplt      0x000000001000dd74        0x0 /usr/lib/gcc/arm-none-eabi/9.2.1/thumb/v6-m/nofp/crtbegin.o

.ARM.extab
 *(.ARM.extab* .gnu.linkonce.armextab.*)
                0x000000001000dd74                __exidx_start = .

.ARM.exidx
 *(.ARM.exidx* .gnu.linkonce.armexidx.*)
                0x000000001000dd74                __exidx_end = .
                0x000000001000dd74                . = ALIGN (0x4)
                0x000000001000dd74                __binary_info_start = .

.binary_info    0x000000001000dd74       0x28
 *(.binary_info.keep.*)
 .binary_info.keep.__bi_ptr22
                0x000000001000dd74        0x4 CMakeFiles/main.dir/home/iwo/pico/pico-sdk/src/rp2_common/pico_standard_link/binary_info.c.obj
 .binary_info.keep.__bi_ptr30
                0x000000001000dd78        0x4 CMakeFiles/main.dir/home/iwo/pico/pico-sdk/src/rp2_common/pico_standard_link/binary_info.c.obj
 .binary_info.keep.__bi_ptr38
                0x000000001000dd7c        0x4 CMakeFiles/main.dir/home/iwo/pico/pico-sdk/src/rp2_common/pico_standard_link/binary_info.c.obj
 .binary_info.keep.__bi_ptr44
                0x000000001000dd80        0x4 CMakeFiles/main.dir/home/iwo/pico/pico-sdk/src/rp2_common/pico_standard_link/binary_info.c.obj
 .binary_info.keep.__bi_ptr50
                0x000000001000dd84        0x4 CMakeFiles/main.dir/home/iwo/pico/pico-sdk/src/rp2_common/pico_standard_link/binary_info.c.obj
 .binary_info.keep.__bi_ptr75
                0x000000001000dd88        0x4 CMakeFiles/main.dir/home/iwo/pico/pico-sdk/src/rp2_common/pico_standard_link/binary_info.c.obj
 .binary_info.keep.__bi_ptr81
                0x000000001000dd8c        0x4 CMakeFiles/main.dir/home/iwo/pico/pico-sdk/src/rp2_common/pico_standard_link/binary_info.c.obj
 *(.binary_info.*)
 .binary_info.__bi_ptr28
                0x000000001000dd90        0x4 CMakeFiles/main.dir/home/iwo/pico/pico-sdk/src/rp2_common/pico_stdio_uart/stdio_uart.c.obj
 .binary_info.__bi_ptr29
                0x000000001000dd94        0x4 CMakeFiles/main.dir/home/iwo/pico/pico-sdk/src/rp2_common/pico_stdio_uart/stdio_uart.c.obj
 .binary_info.__bi_ptr93
                0x000000001000dd98        0x4 CMakeFiles/main.dir/home/iwo/pico/pico-sdk/src/rp2_common/pico_stdio_usb/stdio_usb.c.obj
                0x000000001000dd9c                __binary_info_end = .
                0x000000001000dd9c                . = ALIGN (0x4)
                0x000000001000dd9c                __etext = .

.ram_vector_table
                0x0000000020000000       0xc0
 *(.ram_vector_table)
 .ram_vector_table
                0x0000000020000000       0xc0 CMakeFiles/main.dir/home/iwo/pico/pico-sdk/src/rp2_common/pico_runtime/runtime.c.obj
                0x0000000020000000                ram_vector_table

.data           0x00000000200000c0      0xc58 load address 0x000000001000dd9c
                0x00000000200000c0                __data_start__ = .
 *(vtable)
 *(.time_critical*)
 .time_critical.mutex_enter_blocking
                0x00000000200000c0       0x48 CMakeFiles/main.dir/home/iwo/pico/pico-sdk/src/common/pico_sync/mutex.c.obj
                0x00000000200000c0                mutex_enter_blocking
 .time_critical.mutex_try_enter
                0x0000000020000108       0x48 CMakeFiles/main.dir/home/iwo/pico/pico-sdk/src/common/pico_sync/mutex.c.obj
                0x0000000020000108                mutex_try_enter
 .time_critical.mutex_enter_timeout_ms
                0x0000000020000150       0x98 CMakeFiles/main.dir/home/iwo/pico/pico-sdk/src/common/pico_sync/mutex.c.obj
                0x0000000020000150                mutex_enter_timeout_ms
 .time_critical.mutex_exit
                0x00000000200001e8       0x28 CMakeFiles/main.dir/home/iwo/pico/pico-sdk/src/common/pico_sync/mutex.c.obj
                0x00000000200001e8                mutex_exit
 .time_critical.flash_init_boot2_copyout
                0x0000000020000210       0x30 CMakeFiles/main.dir/home/iwo/pico/pico-sdk/src/rp2_common/hardware_flash/flash.c.obj
 .time_critical.flash_enable_xip_via_boot2
                0x0000000020000240       0x10 CMakeFiles/main.dir/home/iwo/pico/pico-sdk/src/rp2_common/hardware_flash/flash.c.obj
 .time_critical.flash_cs_force
                0x0000000020000250       0x38 CMakeFiles/main.dir/home/iwo/pico/pico-sdk/src/rp2_common/hardware_flash/flash.c.obj
 .time_critical.flash_do_cmd
                0x0000000020000288       0xc4 CMakeFiles/main.dir/home/iwo/pico/pico-sdk/src/rp2_common/hardware_flash/flash.c.obj
                0x0000000020000288                flash_do_cmd
 *(.text*)
 .text          0x000000002000034c        0x4 /usr/lib/gcc/arm-none-eabi/9.2.1/thumb/v6-m/nofp/libgcc.a(_dvmd_tls.o)
                0x000000002000034c                __aeabi_ldiv0
                0x000000002000034c                __aeabi_idiv0
 .text.__stub   0x0000000020000350       0x30 linker stubs
                0x0000000020000380                . = ALIGN (0x4)
 *(.rodata*)
                0x0000000020000380                . = ALIGN (0x4)
 *(.data*)
 .data.striped_spin_lock_num
                0x0000000020000380        0x1 CMakeFiles/main.dir/home/iwo/pico/pico-sdk/src/rp2_common/hardware_sync/sync.c.obj
 *fill*         0x0000000020000381        0x3 
 .data.default_alarm_pool
                0x0000000020000384       0x18 CMakeFiles/main.dir/home/iwo/pico/pico-sdk/src/common/pico_time/time.c.obj
 .data.default_alarm_pool_heap
                0x000000002000039c       0x10 CMakeFiles/main.dir/home/iwo/pico/pico-sdk/src/common/pico_time/time.c.obj
 .data          0x00000000200003ac       0x48 CMakeFiles/main.dir/home/iwo/pico/pico-sdk/src/rp2_common/hardware_irq/irq_handler_chain.S.obj
                0x00000000200003ac                irq_handler_chain_slots
                0x00000000200003dc                irq_handler_chain_first_slot
                0x00000000200003e6                irq_handler_chain_remove_tail
 *fill*         0x00000000200003f4        0xc 
 .data.aeabi_bits_funcs
                0x0000000020000400       0x10 CMakeFiles/main.dir/home/iwo/pico/pico-sdk/src/rp2_common/pico_bit_ops/bit_ops_aeabi.S.obj
                0x0000000020000400                aeabi_bits_funcs
                0x0000000020000410                aeabi_bits_funcs_end
 .data.aeabi_mem_funcs
                0x0000000020000410       0x10 CMakeFiles/main.dir/home/iwo/pico/pico-sdk/src/rp2_common/pico_mem_ops/mem_ops_aeabi.S.obj
                0x0000000020000410                aeabi_mem_funcs
                0x0000000020000420                aeabi_mem_funcs_end
 .data.stdio_uart
                0x0000000020000420       0x14 CMakeFiles/main.dir/home/iwo/pico/pico-sdk/src/rp2_common/pico_stdio_uart/stdio_uart.c.obj
                0x0000000020000420                stdio_uart
 .data.stdio_usb
                0x0000000020000434       0x14 CMakeFiles/main.dir/home/iwo/pico/pico-sdk/src/rp2_common/pico_stdio_usb/stdio_usb.c.obj
                0x0000000020000434                stdio_usb
 .data.ep_dir_string
                0x0000000020000448        0x8 CMakeFiles/main.dir/home/iwo/pico/pico-sdk/lib/tinyusb/src/portable/raspberrypi/rp2040/rp2040_usb.c.obj
                0x0000000020000448                ep_dir_string
 .data._usbd_qdef
                0x0000000020000450       0x24 CMakeFiles/main.dir/home/iwo/pico/pico-sdk/lib/tinyusb/src/device/usbd.c.obj
                0x0000000020000450                _usbd_qdef
 .data.i2c0_inst
                0x0000000020000474        0x8 CMakeFiles/main.dir/home/iwo/pico/pico-sdk/src/rp2_common/hardware_i2c/i2c.c.obj
                0x0000000020000474                i2c0_inst
 .data.i2c1_inst
                0x000000002000047c        0x8 CMakeFiles/main.dir/home/iwo/pico/pico-sdk/src/rp2_common/hardware_i2c/i2c.c.obj
                0x000000002000047c                i2c1_inst
 .data          0x0000000020000484        0x8 lib/Fonts/libFonts.a(font12.c.obj)
                0x0000000020000484                Font12
 .data          0x000000002000048c        0xc lib/Fonts/libFonts.a(font12CN.c.obj)
                0x000000002000048c                Font12CN
 .data          0x0000000020000498        0x8 lib/Fonts/libFonts.a(font16.c.obj)
                0x0000000020000498                Font16
 .data          0x00000000200004a0        0xc lib/Fonts/libFonts.a(font24CN.c.obj)
                0x00000000200004a0                Font24CN
 .data          0x00000000200004ac        0x8 lib/Fonts/libFonts.a(font8.c.obj)
                0x00000000200004ac                Font8
 *fill*         0x00000000200004b4        0x4 
 .data          0x00000000200004b8      0x430 /usr/lib/gcc/arm-none-eabi/9.2.1/../../../arm-none-eabi/lib/thumb/v6-m/nofp/libc.a(lib_a-impure.o)
                0x00000000200004b8                _impure_ptr
 .data          0x00000000200008e8      0x410 /usr/lib/gcc/arm-none-eabi/9.2.1/../../../arm-none-eabi/lib/thumb/v6-m/nofp/libc.a(lib_a-mallocr.o)
                0x00000000200008e8                __malloc_sbrk_base
                0x00000000200008ec                __malloc_trim_threshold
                0x00000000200008f0                __malloc_av_
                0x0000000020000cf8                . = ALIGN (0x4)
 *(.after_data.*)
                0x0000000020000cf8                . = ALIGN (0x4)
                0x0000000020000cf8                PROVIDE (__mutex_array_start = .)
 *(SORT_BY_NAME(.mutex_array.*))
 *(.mutex_array)
 .mutex_array   0x0000000020000cf8        0x8 CMakeFiles/main.dir/home/iwo/pico/pico-sdk/src/rp2_common/pico_stdio/stdio.c.obj
                0x0000000020000d00                PROVIDE (__mutex_array_end = .)
                0x0000000020000d00                . = ALIGN (0x4)
                0x0000000020000d00                PROVIDE (__preinit_array_start = .)
 *(SORT_BY_NAME(.preinit_array.*))
 .preinit_array.00001
                0x0000000020000d00        0x4 CMakeFiles/main.dir/home/iwo/pico/pico-sdk/src/rp2_common/pico_mem_ops/mem_ops_aeabi.S.obj
 .preinit_array.00010
                0x0000000020000d04        0x4 CMakeFiles/main.dir/home/iwo/pico/pico-sdk/src/rp2_common/pico_bit_ops/bit_ops_aeabi.S.obj
 .preinit_array.00020
                0x0000000020000d08        0x4 CMakeFiles/main.dir/home/iwo/pico/pico-sdk/src/rp2_common/pico_double/double_aeabi.S.obj
 .preinit_array.00020
                0x0000000020000d0c        0x4 CMakeFiles/main.dir/home/iwo/pico/pico-sdk/src/rp2_common/pico_float/float_aeabi.S.obj
 *(.preinit_array)
                0x0000000020000d10                PROVIDE (__preinit_array_end = .)
                0x0000000020000d10                . = ALIGN (0x4)
                0x0000000020000d10                PROVIDE (__init_array_start = .)
 *(SORT_BY_NAME(.init_array.*))
 *(.init_array)
 .init_array    0x0000000020000d10        0x4 /usr/lib/gcc/arm-none-eabi/9.2.1/thumb/v6-m/nofp/crtbegin.o
 .init_array    0x0000000020000d14        0x4 CMakeFiles/main.dir/home/iwo/pico/pico-sdk/src/rp2_common/pico_unique_id/unique_id.c.obj
                0x0000000020000d18                PROVIDE (__init_array_end = .)
                0x0000000020000d18                . = ALIGN (0x4)
                0x0000000020000d18                PROVIDE (__fini_array_start = .)
 *(SORT_BY_NAME(.fini_array.*))
 *(.fini_array)
                0x0000000020000d18                PROVIDE (__fini_array_end = .)
 *(.jcr)
                0x0000000020000d18                . = ALIGN (0x4)
                0x0000000020000d18                __data_end__ = .

.tm_clone_table
                0x0000000020000d18        0x0 load address 0x000000001000e9f4
 .tm_clone_table
                0x0000000020000d18        0x0 /usr/lib/gcc/arm-none-eabi/9.2.1/thumb/v6-m/nofp/crtbegin.o
 .tm_clone_table
                0x0000000020000d18        0x0 /usr/lib/gcc/arm-none-eabi/9.2.1/thumb/v6-m/nofp/crtend.o

.igot.plt       0x0000000020000d18        0x0 load address 0x000000001000e9f4
 .igot.plt      0x0000000020000d18        0x0 /usr/lib/gcc/arm-none-eabi/9.2.1/thumb/v6-m/nofp/crtbegin.o

.uninitialized_data
                0x0000000020000d18        0x0 load address 0x000000001000e9f4
                0x0000000020000d18                . = ALIGN (0x4)
 *(.uninitialized_data*)

.scratch_x      0x0000000020040000        0x0 load address 0x000000001000e9f4
                0x0000000020040000                __scratch_x_start__ = .
 *(.scratch_x.*)
                0x0000000020040000                . = ALIGN (0x4)
                0x0000000020040000                __scratch_x_end__ = .
                0x000000001000e9f4                __scratch_x_source__ = LOADADDR (.scratch_x)

.scratch_y      0x0000000020041000        0x0 load address 0x000000001000e9f4
                0x0000000020041000                __scratch_y_start__ = .
 *(.scratch_y.*)
                0x0000000020041000                . = ALIGN (0x4)
                0x0000000020041000                __scratch_y_end__ = .
                0x000000001000e9f4                __scratch_y_source__ = LOADADDR (.scratch_y)

.bss            0x0000000020000d18      0xde0
                0x0000000020000d18                . = ALIGN (0x4)
                0x0000000020000d18                __bss_start__ = .
 *(SORT_BY_ALIGNMENT(SORT_BY_NAME(.bss*)))
 .bss.default_alarm_pool_entries
                0x0000000020000d18      0x100 CMakeFiles/main.dir/home/iwo/pico/pico-sdk/src/common/pico_time/time.c.obj
 .bss.last_avail_time.7161
                0x0000000020000e18        0x8 CMakeFiles/main.dir/home/iwo/pico/pico-sdk/src/rp2_common/pico_stdio_usb/stdio_usb.c.obj
 .bss           0x0000000020000e20       0x1c /usr/lib/gcc/arm-none-eabi/9.2.1/thumb/v6-m/nofp/crtbegin.o
 .bss           0x0000000020000e3c       0x34 /usr/lib/gcc/arm-none-eabi/9.2.1/../../../arm-none-eabi/lib/thumb/v6-m/nofp/libc.a(lib_a-mallocr.o)
                0x0000000020000e3c                __malloc_top_pad
                0x0000000020000e40                __malloc_current_mallinfo
                0x0000000020000e68                __malloc_max_sbrked_mem
                0x0000000020000e6c                __malloc_max_total_mem
 .bss._app_driver
                0x0000000020000e70        0x4 CMakeFiles/main.dir/home/iwo/pico/pico-sdk/lib/tinyusb/src/device/usbd.c.obj
 .bss._cdcd_itf
                0x0000000020000e74      0x2d8 CMakeFiles/main.dir/home/iwo/pico/pico-sdk/lib/tinyusb/src/class/cdc/cdc_device.c.obj
 .bss._ctrl_xfer
                0x000000002000114c       0x14 CMakeFiles/main.dir/home/iwo/pico/pico-sdk/lib/tinyusb/src/device/usbd_control.c.obj
 .bss._ubsd_mutexdef
                0x0000000020001160        0x8 CMakeFiles/main.dir/home/iwo/pico/pico-sdk/lib/tinyusb/src/device/usbd.c.obj
 .bss._usbd_ctrl_buf
                0x0000000020001168       0x40 CMakeFiles/main.dir/home/iwo/pico/pico-sdk/lib/tinyusb/src/device/usbd_control.c.obj
 .bss._usbd_dev
                0x00000000200011a8       0x53 CMakeFiles/main.dir/home/iwo/pico/pico-sdk/lib/tinyusb/src/device/usbd.c.obj
 *fill*         0x00000000200011fb        0x1 
 .bss._usbd_mutex
                0x00000000200011fc        0x4 CMakeFiles/main.dir/home/iwo/pico/pico-sdk/lib/tinyusb/src/device/usbd.c.obj
 .bss._usbd_q   0x0000000020001200        0x4 CMakeFiles/main.dir/home/iwo/pico/pico-sdk/lib/tinyusb/src/device/usbd.c.obj
 .bss.alarm_callbacks
                0x0000000020001204       0x10 CMakeFiles/main.dir/home/iwo/pico/pico-sdk/src/rp2_common/hardware_timer/timer.c.obj
 .bss.boot2_copyout
                0x0000000020001214      0x100 CMakeFiles/main.dir/home/iwo/pico/pico-sdk/src/rp2_common/hardware_flash/flash.c.obj
 .bss.claimed   0x0000000020001314        0x4 CMakeFiles/main.dir/home/iwo/pico/pico-sdk/src/rp2_common/hardware_sync/sync.c.obj
 .bss.configured_freq
                0x0000000020001318       0x28 CMakeFiles/main.dir/home/iwo/pico/pico-sdk/src/rp2_common/hardware_clocks/clocks.c.obj
 .bss.default_alarm_pool_entry_ids_high
                0x0000000020001340       0x10 CMakeFiles/main.dir/home/iwo/pico/pico-sdk/src/common/pico_time/time.c.obj
 .bss.default_alarm_pool_heap_nodes
                0x0000000020001350       0x30 CMakeFiles/main.dir/home/iwo/pico/pico-sdk/src/common/pico_time/time.c.obj
 .bss.desc_str.7060
                0x0000000020001380       0x28 CMakeFiles/main.dir/home/iwo/pico/pico-sdk/src/rp2_common/pico_stdio_usb/stdio_usb_descriptors.c.obj
 .bss.drivers   0x00000000200013a8        0x4 CMakeFiles/main.dir/home/iwo/pico/pico-sdk/src/rp2_common/pico_stdio/stdio.c.obj
 .bss.filter    0x00000000200013ac        0x4 CMakeFiles/main.dir/home/iwo/pico/pico-sdk/src/rp2_common/pico_stdio/stdio.c.obj
 .bss.heap_end.5846
                0x00000000200013b0        0x4 CMakeFiles/main.dir/home/iwo/pico/pico-sdk/src/rp2_common/pico_runtime/runtime.c.obj
 .bss.hw_endpoints
                0x00000000200013b4      0x400 CMakeFiles/main.dir/home/iwo/pico/pico-sdk/lib/tinyusb/src/portable/raspberrypi/rp2040/dcd_rp2040.c.obj
 .bss.lazy_vsnprintf
                0x00000000200017b4        0x4 CMakeFiles/main.dir/home/iwo/pico/pico-sdk/src/rp2_common/pico_printf/printf.c.obj
 .bss.load_value
                0x00000000200017b8        0x4 CMakeFiles/main.dir/home/iwo/pico/pico-sdk/src/rp2_common/hardware_watchdog/watchdog.c.obj
 .bss.next_buffer_ptr
                0x00000000200017bc        0x4 CMakeFiles/main.dir/home/iwo/pico/pico-sdk/lib/tinyusb/src/portable/raspberrypi/rp2040/dcd_rp2040.c.obj
 .bss.pools     0x00000000200017c0       0x10 CMakeFiles/main.dir/home/iwo/pico/pico-sdk/src/common/pico_time/time.c.obj
 .bss.retrieved_id
                0x00000000200017d0        0x8 CMakeFiles/main.dir/home/iwo/pico/pico-sdk/src/rp2_common/pico_unique_id/unique_id.c.obj
 .bss.sf_clz_func
                0x00000000200017d8        0x4 CMakeFiles/main.dir/home/iwo/pico/pico-sdk/src/rp2_common/pico_double/double_init_rom.c.obj
                0x00000000200017d8                sf_clz_func
 .bss.sleep_notifier
                0x00000000200017dc        0x4 CMakeFiles/main.dir/home/iwo/pico/pico-sdk/src/common/pico_time/time.c.obj
 .bss.stdio_usb_mutex
                0x00000000200017e0        0x8 CMakeFiles/main.dir/home/iwo/pico/pico-sdk/src/rp2_common/pico_stdio_usb/stdio_usb.c.obj
 .bss.target_hi
                0x00000000200017e8       0x10 CMakeFiles/main.dir/home/iwo/pico/pico-sdk/src/rp2_common/hardware_timer/timer.c.obj
 .bss.uart_instance
                0x00000000200017f8        0x4 CMakeFiles/main.dir/home/iwo/pico/pico-sdk/src/rp2_common/pico_stdio_uart/stdio_uart.c.obj
 .bss.usbd_serial_str
                0x00000000200017fc       0x11 CMakeFiles/main.dir/home/iwo/pico/pico-sdk/src/rp2_common/pico_stdio_usb/stdio_usb_descriptors.c.obj
 .bss._app_driver_count
                0x000000002000180d        0x1 CMakeFiles/main.dir/home/iwo/pico/pico-sdk/lib/tinyusb/src/device/usbd.c.obj
 .bss._usbd_initialized
                0x000000002000180e        0x1 CMakeFiles/main.dir/home/iwo/pico/pico-sdk/lib/tinyusb/src/device/usbd.c.obj
 .bss.boot2_copyout_valid
                0x000000002000180f        0x1 CMakeFiles/main.dir/home/iwo/pico/pico-sdk/src/rp2_common/hardware_flash/flash.c.obj
 .bss.claimed   0x0000000020001810        0x1 CMakeFiles/main.dir/home/iwo/pico/pico-sdk/src/rp2_common/hardware_timer/timer.c.obj
 .bss.irq_hander_chain_free_slot_head
                0x0000000020001811        0x1 CMakeFiles/main.dir/home/iwo/pico/pico-sdk/src/rp2_common/hardware_irq/irq.c.obj
 .bss.itf_num   0x0000000020001812        0x1 CMakeFiles/main.dir/home/iwo/pico/pico-sdk/src/rp2_common/pico_stdio_usb/reset_interface.c.obj
 .bss.timer_callbacks_pending
                0x0000000020001813        0x1 CMakeFiles/main.dir/home/iwo/pico/pico-sdk/src/rp2_common/hardware_timer/timer.c.obj
 *(COMMON)
 COMMON         0x0000000020001814        0x4 CMakeFiles/main.dir/home/iwo/pico/pico-sdk/src/rp2_common/hardware_uart/uart.c.obj
                0x0000000020001814                uart_char_to_line_feed
 COMMON         0x0000000020001818      0x100 CMakeFiles/main.dir/home/iwo/pico/pico-sdk/src/rp2_common/pico_double/double_init_rom.c.obj
                0x0000000020001818                sd_table
 COMMON         0x0000000020001918      0x100 CMakeFiles/main.dir/home/iwo/pico/pico-sdk/src/rp2_common/pico_float/float_init_rom.c.obj
                0x0000000020001918                sf_table
 COMMON         0x0000000020001a18       0xc0 CMakeFiles/main.dir/home/iwo/pico/pico-sdk/lib/tinyusb/src/device/usbd.c.obj
                0x0000000020001a18                _usbd_qdef_buf
 COMMON         0x0000000020001ad8       0x18 lib/GUI/libGUI.a(GUI_Paint.c.obj)
                0x0000000020001ad8                Paint
 COMMON         0x0000000020001af0        0x4 lib/Config/libConfig.a(DEV_Config.c.obj)
                0x0000000020001af0                slice_num
 COMMON         0x0000000020001af4        0x4 /usr/lib/gcc/arm-none-eabi/9.2.1/../../../arm-none-eabi/lib/thumb/v6-m/nofp/libc.a(lib_a-reent.o)
                0x0000000020001af4                errno
                0x0000000020001af8                . = ALIGN (0x4)
                0x0000000020001af8                __bss_end__ = .

.heap           0x0000000020001af8      0x800
                0x0000000020001af8                __end__ = .
                0x0000000020001af8                end = __end__
 *(.heap*)
 .heap          0x0000000020001af8      0x800 CMakeFiles/main.dir/home/iwo/pico/pico-sdk/src/rp2_common/pico_standard_link/crt0.S.obj
                0x00000000200022f8                __HeapLimit = .

.stack1_dummy   0x0000000020040000        0x0
 *(.stack1*)

.stack_dummy    0x0000000020041000      0x800
 *(.stack*)
 .stack         0x0000000020041000      0x800 CMakeFiles/main.dir/home/iwo/pico/pico-sdk/src/rp2_common/pico_standard_link/crt0.S.obj

.flash_end      0x000000001000e9f4        0x0
                0x000000001000e9f4                __flash_binary_end = .
                0x0000000020040000                __StackLimit = (ORIGIN (RAM) + LENGTH (RAM))
                0x0000000020041000                __StackOneTop = (ORIGIN (SCRATCH_X) + LENGTH (SCRATCH_X))
                0x0000000020042000                __StackTop = (ORIGIN (SCRATCH_Y) + LENGTH (SCRATCH_Y))
                0x0000000020041000                __StackOneBottom = (__StackOneTop - SIZEOF (.stack1_dummy))
                0x0000000020041800                __StackBottom = (__StackTop - SIZEOF (.stack_dummy))
                0x0000000020042000                PROVIDE (__stack = __StackTop)
                0x0000000000000001                ASSERT ((__StackLimit >= __HeapLimit), region RAM overflowed)
                0x0000000000000001                ASSERT (((__binary_info_header_end - __logical_binary_start) <= 0x100), Binary info must be in first 256 bytes of the binary)
LOAD CMakeFiles/main.dir/main.c.obj
LOAD CMakeFiles/main.dir/home/iwo/pico/pico-sdk/src/rp2_common/pico_stdlib/stdlib.c.obj
LOAD CMakeFiles/main.dir/home/iwo/pico/pico-sdk/src/rp2_common/hardware_gpio/gpio.c.obj
LOAD CMakeFiles/main.dir/home/iwo/pico/pico-sdk/src/rp2_common/hardware_claim/claim.c.obj
LOAD CMakeFiles/main.dir/home/iwo/pico/pico-sdk/src/rp2_common/pico_platform/platform.c.obj
LOAD CMakeFiles/main.dir/home/iwo/pico/pico-sdk/src/rp2_common/hardware_sync/sync.c.obj
LOAD CMakeFiles/main.dir/home/iwo/pico/pico-sdk/src/rp2_common/hardware_uart/uart.c.obj
LOAD CMakeFiles/main.dir/home/iwo/pico/pico-sdk/src/rp2_common/hardware_divider/divider.S.obj
LOAD CMakeFiles/main.dir/home/iwo/pico/pico-sdk/src/common/pico_time/time.c.obj
LOAD CMakeFiles/main.dir/home/iwo/pico/pico-sdk/src/common/pico_time/timeout_helper.c.obj
LOAD CMakeFiles/main.dir/home/iwo/pico/pico-sdk/src/rp2_common/hardware_timer/timer.c.obj
LOAD CMakeFiles/main.dir/home/iwo/pico/pico-sdk/src/common/pico_sync/sem.c.obj
LOAD CMakeFiles/main.dir/home/iwo/pico/pico-sdk/src/common/pico_sync/lock_core.c.obj
LOAD CMakeFiles/main.dir/home/iwo/pico/pico-sdk/src/common/pico_sync/mutex.c.obj
LOAD CMakeFiles/main.dir/home/iwo/pico/pico-sdk/src/common/pico_sync/critical_section.c.obj
LOAD CMakeFiles/main.dir/home/iwo/pico/pico-sdk/src/common/pico_util/datetime.c.obj
LOAD CMakeFiles/main.dir/home/iwo/pico/pico-sdk/src/common/pico_util/pheap.c.obj
LOAD CMakeFiles/main.dir/home/iwo/pico/pico-sdk/src/common/pico_util/queue.c.obj
LOAD CMakeFiles/main.dir/home/iwo/pico/pico-sdk/src/rp2_common/pico_runtime/runtime.c.obj
LOAD CMakeFiles/main.dir/home/iwo/pico/pico-sdk/src/rp2_common/hardware_clocks/clocks.c.obj
LOAD CMakeFiles/main.dir/home/iwo/pico/pico-sdk/src/rp2_common/hardware_irq/irq.c.obj
LOAD CMakeFiles/main.dir/home/iwo/pico/pico-sdk/src/rp2_common/hardware_irq/irq_handler_chain.S.obj
LOAD CMakeFiles/main.dir/home/iwo/pico/pico-sdk/src/rp2_common/hardware_pll/pll.c.obj
LOAD CMakeFiles/main.dir/home/iwo/pico/pico-sdk/src/rp2_common/hardware_vreg/vreg.c.obj
LOAD CMakeFiles/main.dir/home/iwo/pico/pico-sdk/src/rp2_common/hardware_watchdog/watchdog.c.obj
LOAD CMakeFiles/main.dir/home/iwo/pico/pico-sdk/src/rp2_common/hardware_xosc/xosc.c.obj
LOAD CMakeFiles/main.dir/home/iwo/pico/pico-sdk/src/rp2_common/pico_printf/printf.c.obj
LOAD CMakeFiles/main.dir/home/iwo/pico/pico-sdk/src/rp2_common/pico_bit_ops/bit_ops_aeabi.S.obj
LOAD CMakeFiles/main.dir/home/iwo/pico/pico-sdk/src/rp2_common/pico_bootrom/bootrom.c.obj
LOAD CMakeFiles/main.dir/home/iwo/pico/pico-sdk/src/rp2_common/pico_divider/divider.S.obj
LOAD CMakeFiles/main.dir/home/iwo/pico/pico-sdk/src/rp2_common/pico_double/double_aeabi.S.obj
LOAD CMakeFiles/main.dir/home/iwo/pico/pico-sdk/src/rp2_common/pico_double/double_init_rom.c.obj
LOAD CMakeFiles/main.dir/home/iwo/pico/pico-sdk/src/rp2_common/pico_double/double_math.c.obj
LOAD CMakeFiles/main.dir/home/iwo/pico/pico-sdk/src/rp2_common/pico_double/double_v1_rom_shim.S.obj
LOAD CMakeFiles/main.dir/home/iwo/pico/pico-sdk/src/rp2_common/pico_int64_ops/pico_int64_ops_aeabi.S.obj
LOAD CMakeFiles/main.dir/home/iwo/pico/pico-sdk/src/rp2_common/pico_float/float_aeabi.S.obj
LOAD CMakeFiles/main.dir/home/iwo/pico/pico-sdk/src/rp2_common/pico_float/float_init_rom.c.obj
LOAD CMakeFiles/main.dir/home/iwo/pico/pico-sdk/src/rp2_common/pico_float/float_math.c.obj
LOAD CMakeFiles/main.dir/home/iwo/pico/pico-sdk/src/rp2_common/pico_float/float_v1_rom_shim.S.obj
LOAD CMakeFiles/main.dir/home/iwo/pico/pico-sdk/src/rp2_common/pico_malloc/pico_malloc.c.obj
LOAD CMakeFiles/main.dir/home/iwo/pico/pico-sdk/src/rp2_common/pico_mem_ops/mem_ops_aeabi.S.obj
LOAD CMakeFiles/main.dir/home/iwo/pico/pico-sdk/src/rp2_common/pico_standard_link/crt0.S.obj
LOAD CMakeFiles/main.dir/home/iwo/pico/pico-sdk/src/rp2_common/pico_standard_link/new_delete.cpp.obj
LOAD CMakeFiles/main.dir/home/iwo/pico/pico-sdk/src/rp2_common/pico_standard_link/binary_info.c.obj
LOAD CMakeFiles/main.dir/home/iwo/pico/pico-sdk/src/rp2_common/pico_stdio/stdio.c.obj
LOAD CMakeFiles/main.dir/home/iwo/pico/pico-sdk/src/rp2_common/pico_stdio_uart/stdio_uart.c.obj
LOAD CMakeFiles/main.dir/home/iwo/pico/pico-sdk/src/rp2_common/pico_stdio_usb/reset_interface.c.obj
LOAD CMakeFiles/main.dir/home/iwo/pico/pico-sdk/src/rp2_common/pico_stdio_usb/stdio_usb.c.obj
LOAD CMakeFiles/main.dir/home/iwo/pico/pico-sdk/src/rp2_common/pico_stdio_usb/stdio_usb_descriptors.c.obj
LOAD CMakeFiles/main.dir/home/iwo/pico/pico-sdk/lib/tinyusb/src/portable/raspberrypi/rp2040/dcd_rp2040.c.obj
LOAD CMakeFiles/main.dir/home/iwo/pico/pico-sdk/lib/tinyusb/src/portable/raspberrypi/rp2040/rp2040_usb.c.obj
LOAD CMakeFiles/main.dir/home/iwo/pico/pico-sdk/lib/tinyusb/src/device/usbd.c.obj
LOAD CMakeFiles/main.dir/home/iwo/pico/pico-sdk/lib/tinyusb/src/device/usbd_control.c.obj
LOAD CMakeFiles/main.dir/home/iwo/pico/pico-sdk/lib/tinyusb/src/class/audio/audio_device.c.obj
LOAD CMakeFiles/main.dir/home/iwo/pico/pico-sdk/lib/tinyusb/src/class/cdc/cdc_device.c.obj
LOAD CMakeFiles/main.dir/home/iwo/pico/pico-sdk/lib/tinyusb/src/class/dfu/dfu_device.c.obj
LOAD CMakeFiles/main.dir/home/iwo/pico/pico-sdk/lib/tinyusb/src/class/dfu/dfu_rt_device.c.obj
LOAD CMakeFiles/main.dir/home/iwo/pico/pico-sdk/lib/tinyusb/src/class/hid/hid_device.c.obj
LOAD CMakeFiles/main.dir/home/iwo/pico/pico-sdk/lib/tinyusb/src/class/midi/midi_device.c.obj
LOAD CMakeFiles/main.dir/home/iwo/pico/pico-sdk/lib/tinyusb/src/class/msc/msc_device.c.obj
LOAD CMakeFiles/main.dir/home/iwo/pico/pico-sdk/lib/tinyusb/src/class/net/ecm_rndis_device.c.obj
LOAD CMakeFiles/main.dir/home/iwo/pico/pico-sdk/lib/tinyusb/src/class/net/ncm_device.c.obj
LOAD CMakeFiles/main.dir/home/iwo/pico/pico-sdk/lib/tinyusb/src/class/usbtmc/usbtmc_device.c.obj
LOAD CMakeFiles/main.dir/home/iwo/pico/pico-sdk/lib/tinyusb/src/class/vendor/vendor_device.c.obj
LOAD CMakeFiles/main.dir/home/iwo/pico/pico-sdk/lib/tinyusb/src/class/video/video_device.c.obj
LOAD CMakeFiles/main.dir/home/iwo/pico/pico-sdk/lib/tinyusb/src/tusb.c.obj
LOAD CMakeFiles/main.dir/home/iwo/pico/pico-sdk/lib/tinyusb/src/common/tusb_fifo.c.obj
LOAD CMakeFiles/main.dir/home/iwo/pico/pico-sdk/src/rp2_common/pico_fix/rp2040_usb_device_enumeration/rp2040_usb_device_enumeration.c.obj
LOAD CMakeFiles/main.dir/home/iwo/pico/pico-sdk/src/rp2_common/pico_unique_id/unique_id.c.obj
LOAD CMakeFiles/main.dir/home/iwo/pico/pico-sdk/src/rp2_common/hardware_flash/flash.c.obj
LOAD CMakeFiles/main.dir/home/iwo/pico/pico-sdk/src/rp2_common/hardware_spi/spi.c.obj
LOAD CMakeFiles/main.dir/home/iwo/pico/pico-sdk/src/rp2_common/hardware_i2c/i2c.c.obj
LOAD CMakeFiles/main.dir/home/iwo/pico/pico-sdk/src/rp2_common/hardware_adc/adc.c.obj
LOAD examples/libexamples.a
LOAD lib/LCD/libLCD.a
LOAD lib/OLED/libOLED.a
LOAD lib/Infrared/libInfrared.a
LOAD lib/Icm20948/libIcm20948.a
LOAD lib/GUI/libGUI.a
LOAD lib/Fonts/libFonts.a
LOAD lib/Config/libConfig.a
LOAD /tmp/cc01Fkez.o
LOAD /usr/lib/gcc/arm-none-eabi/9.2.1/../../../arm-none-eabi/lib/thumb/v6-m/nofp/libstdc++.a
LOAD /usr/lib/gcc/arm-none-eabi/9.2.1/../../../arm-none-eabi/lib/thumb/v6-m/nofp/libm.a
START GROUP